2026-06-08 21:16:02,127 | Loading cached features…
2026-06-08 21:16:28,330 | Raw data newer than cache — rebuilding features
2026-06-08 21:16:28,750 | Klines pagination: fetched 1500 bars, remaining 2500
2026-06-08 21:16:29,673 | Klines pagination: fetched 1500 bars, remaining 1000
2026-06-08 21:16:30,502 | Klines pagination: fetched 1000 bars, remaining 0
2026-06-08 21:16:31,011 | Klines total: 3999 bars, 2025-12-23 22:00:00+00:00 ~ 2026-06-08 12:00:00+00:00
2026-06-08 21:16:31,399 | CG oi: 4000 rows
2026-06-08 21:16:32,971 | CG oi_agg: 4000 rows
2026-06-08 21:16:34,296 | CG liquidation: 4000 rows
2026-06-08 21:16:35,612 | CG long_short: 4000 rows
2026-06-08 21:16:37,396 | CG global_ls: 4000 rows
2026-06-08 21:16:38,789 | CG funding: 4000 rows
2026-06-08 21:16:40,185 | CG taker: 4000 rows
2026-06-08 21:16:41,586 | CG coinbase_premium: 4000 rows
2026-06-08 21:16:42,933 | CG bitfinex_margin: 4000 rows
2026-06-08 21:16:44,327 | CG top_ls_position: 4000 rows
2026-06-08 21:16:47,988 | CG futures_cvd_agg: 4000 rows
2026-06-08 21:16:51,303 | CG spot_cvd_agg: 4000 rows
2026-06-08 21:16:52,798 | CG liq_agg: 4000 rows
2026-06-08 21:16:54,083 | CG oi_coin_margin: 1000 rows
2026-06-08 21:17:00,560 | Direction features added: 34 new columns
2026-06-08 21:17:00,597 | Toxicity features added: 9 columns
2026-06-08 21:17:00,623 | ETF flow merged: 10 cols
C:\Users\rfo\Desktop\flowbot\flow_system\indicator\feature_builder_live.py:651: PerformanceWarning: DataFrame is highly fragmented.  This is usually the result of calling `frame.insert` many times, which has poor performance.  Consider joining all columns at once using pd.concat(axis=1) instead. To get a de-fragmented frame, use `newframe = frame.copy()`
  df[col] = merged[col].values
C:\Users\rfo\Desktop\flowbot\flow_system\indicator\feature_builder_live.py:651: PerformanceWarning: DataFrame is highly fragmented.  This is usually the result of calling `frame.insert` many times, which has poor performance.  Consider joining all columns at once using pd.concat(axis=1) instead. To get a de-fragmented frame, use `newframe = frame.copy()`
  df[col] = merged[col].values
C:\Users\rfo\Desktop\flowbot\flow_system\indicator\feature_builder_live.py:651: PerformanceWarning: DataFrame is highly fragmented.  This is usually the result of calling `frame.insert` many times, which has poor performance.  Consider joining all columns at once using pd.concat(axis=1) instead. To get a de-fragmented frame, use `newframe = frame.copy()`
  df[col] = merged[col].values
C:\Users\rfo\Desktop\flowbot\flow_system\indicator\feature_builder_live.py:651: PerformanceWarning: DataFrame is highly fragmented.  This is usually the result of calling `frame.insert` many times, which has poor performance.  Consider joining all columns at once using pd.concat(axis=1) instead. To get a de-fragmented frame, use `newframe = frame.copy()`
  df[col] = merged[col].values
C:\Users\rfo\Desktop\flowbot\flow_system\indicator\feature_builder_live.py:651: PerformanceWarning: DataFrame is highly fragmented.  This is usually the result of calling `frame.insert` many times, which has poor performance.  Consider joining all columns at once using pd.concat(axis=1) instead. To get a de-fragmented frame, use `newframe = frame.copy()`
  df[col] = merged[col].values
2026-06-08 21:17:00,927 | F&G merged: 5 cols
C:\Users\rfo\Desktop\flowbot\flow_system\indicator\feature_builder_live.py:683: PerformanceWarning: DataFrame is highly fragmented.  This is usually the result of calling `frame.insert` many times, which has poor performance.  Consider joining all columns at once using pd.concat(axis=1) instead. To get a de-fragmented frame, use `newframe = frame.copy()`
  df[col] = merged[col].values
C:\Users\rfo\Desktop\flowbot\flow_system\indicator\feature_builder_live.py:683: PerformanceWarning: DataFrame is highly fragmented.  This is usually the result of calling `frame.insert` many times, which has poor performance.  Consider joining all columns at once using pd.concat(axis=1) instead. To get a de-fragmented frame, use `newframe = frame.copy()`
  df[col] = merged[col].values
C:\Users\rfo\Desktop\flowbot\flow_system\indicator\feature_builder_live.py:683: PerformanceWarning: DataFrame is highly fragmented.  This is usually the result of calling `frame.insert` many times, which has poor performance.  Consider joining all columns at once using pd.concat(axis=1) instead. To get a de-fragmented frame, use `newframe = frame.copy()`
  df[col] = merged[col].values
C:\Users\rfo\Desktop\flowbot\flow_system\indicator\feature_builder_live.py:683: PerformanceWarning: DataFrame is highly fragmented.  This is usually the result of calling `frame.insert` many times, which has poor performance.  Consider joining all columns at once using pd.concat(axis=1) instead. To get a de-fragmented frame, use `newframe = frame.copy()`
  df[col] = merged[col].values
C:\Users\rfo\Desktop\flowbot\flow_system\indicator\feature_builder_live.py:683: PerformanceWarning: DataFrame is highly fragmented.  This is usually the result of calling `frame.insert` many times, which has poor performance.  Consider joining all columns at once using pd.concat(axis=1) instead. To get a de-fragmented frame, use `newframe = frame.copy()`
  df[col] = merged[col].values
C:\Users\rfo\Desktop\flowbot\flow_system\indicator\feature_builder_live.py:683: PerformanceWarning: DataFrame is highly fragmented.  This is usually the result of calling `frame.insert` many times, which has poor performance.  Consider joining all columns at once using pd.concat(axis=1) instead. To get a de-fragmented frame, use `newframe = frame.copy()`
  df[col] = merged[col].values
C:\Users\rfo\Desktop\flowbot\flow_system\indicator\feature_builder_live.py:683: PerformanceWarning: DataFrame is highly fragmented.  This is usually the result of calling `frame.insert` many times, which has poor performance.  Consider joining all columns at once using pd.concat(axis=1) instead. To get a de-fragmented frame, use `newframe = frame.copy()`
  df[col] = merged[col].values
C:\Users\rfo\Desktop\flowbot\flow_system\indicator\feature_builder_live.py:683: PerformanceWarning: DataFrame is highly fragmented.  This is usually the result of calling `frame.insert` many times, which has poor performance.  Consider joining all columns at once using pd.concat(axis=1) instead. To get a de-fragmented frame, use `newframe = frame.copy()`
  df[col] = merged[col].values
C:\Users\rfo\Desktop\flowbot\flow_system\indicator\feature_builder_live.py:690: PerformanceWarning: DataFrame is highly fragmented.  This is usually the result of calling `frame.insert` many times, which has poor performance.  Consider joining all columns at once using pd.concat(axis=1) instead. To get a de-fragmented frame, use `newframe = frame.copy()`
  df["dvol_rv_spread"] = df["dvol_close"] - rv_ann
2026-06-08 21:17:00,977 | DVOL merged: 8 cols + spread
C:\Users\rfo\Desktop\flowbot\flow_system\indicator\initiation_features.py:85: PerformanceWarning: DataFrame is highly fragmented.  This is usually the result of calling `frame.insert` many times, which has poor performance.  Consider joining all columns at once using pd.concat(axis=1) instead. To get a de-fragmented frame, use `newframe = frame.copy()`
  out["init_break_up_atr"] = (close - prior_high) / atr.replace(0, np.nan)
C:\Users\rfo\Desktop\flowbot\flow_system\indicator\initiation_features.py:86: PerformanceWarning: DataFrame is highly fragmented.  This is usually the result of calling `frame.insert` many times, which has poor performance.  Consider joining all columns at once using pd.concat(axis=1) instead. To get a de-fragmented frame, use `newframe = frame.copy()`
  out["init_break_dn_atr"] = (prior_low - close) / atr.replace(0, np.nan)
C:\Users\rfo\Desktop\flowbot\flow_system\indicator\initiation_features.py:92: PerformanceWarning: DataFrame is highly fragmented.  This is usually the result of calling `frame.insert` many times, which has poor performance.  Consider joining all columns at once using pd.concat(axis=1) instead. To get a de-fragmented frame, use `newframe = frame.copy()`
  out["init_bo_up"] = ((close > prior_high) & (open_ <= prior_high)).astype(float)
C:\Users\rfo\Desktop\flowbot\flow_system\indicator\initiation_features.py:93: PerformanceWarning: DataFrame is highly fragmented.  This is usually the result of calling `frame.insert` many times, which has poor performance.  Consider joining all columns at once using pd.concat(axis=1) instead. To get a de-fragmented frame, use `newframe = frame.copy()`
  out["init_bo_dn"] = ((close < prior_low) & (open_ >= prior_low)).astype(float)
C:\Users\rfo\Desktop\flowbot\flow_system\indicator\initiation_features.py:101: PerformanceWarning: DataFrame is highly fragmented.  This is usually the result of calling `frame.insert` many times, which has poor performance.  Consider joining all columns at once using pd.concat(axis=1) instead. To get a de-fragmented frame, use `newframe = frame.copy()`
  out["init_bo_up_streak"] = (
C:\Users\rfo\Desktop\flowbot\flow_system\indicator\initiation_features.py:104: PerformanceWarning: DataFrame is highly fragmented.  This is usually the result of calling `frame.insert` many times, which has poor performance.  Consider joining all columns at once using pd.concat(axis=1) instead. To get a de-fragmented frame, use `newframe = frame.copy()`
  out["init_bo_dn_streak"] = (
C:\Users\rfo\Desktop\flowbot\flow_system\indicator\initiation_features.py:113: PerformanceWarning: DataFrame is highly fragmented.  This is usually the result of calling `frame.insert` many times, which has poor performance.  Consider joining all columns at once using pd.concat(axis=1) instead. To get a de-fragmented frame, use `newframe = frame.copy()`
  out["init_funding_d1"] = fund_d1.shift(1)     # trailing only
C:\Users\rfo\Desktop\flowbot\flow_system\indicator\initiation_features.py:114: PerformanceWarning: DataFrame is highly fragmented.  This is usually the result of calling `frame.insert` many times, which has poor performance.  Consider joining all columns at once using pd.concat(axis=1) instead. To get a de-fragmented frame, use `newframe = frame.copy()`
  out["init_funding_d2"] = fund_d2.shift(1)
C:\Users\rfo\Desktop\flowbot\flow_system\indicator\initiation_features.py:119: PerformanceWarning: DataFrame is highly fragmented.  This is usually the result of calling `frame.insert` many times, which has poor performance.  Consider joining all columns at once using pd.concat(axis=1) instead. To get a de-fragmented frame, use `newframe = frame.copy()`
  out["init_funding_sign_persist_8h"] = roll_sign
C:\Users\rfo\Desktop\flowbot\flow_system\indicator\initiation_features.py:131: PerformanceWarning: DataFrame is highly fragmented.  This is usually the result of calling `frame.insert` many times, which has poor performance.  Consider joining all columns at once using pd.concat(axis=1) instead. To get a de-fragmented frame, use `newframe = frame.copy()`
  out["init_oi_close_corr_12h"] = _roll_corr(d_oi, d_close, OI_DIVERGENCE_WINDOW)
C:\Users\rfo\Desktop\flowbot\flow_system\indicator\initiation_features.py:138: PerformanceWarning: DataFrame is highly fragmented.  This is usually the result of calling `frame.insert` many times, which has poor performance.  Consider joining all columns at once using pd.concat(axis=1) instead. To get a de-fragmented frame, use `newframe = frame.copy()`
  out["init_oi_bullish_build"] = ((sign_close > 0) & (sign_oi > 0)).astype(float)
C:\Users\rfo\Desktop\flowbot\flow_system\indicator\initiation_features.py:139: PerformanceWarning: DataFrame is highly fragmented.  This is usually the result of calling `frame.insert` many times, which has poor performance.  Consider joining all columns at once using pd.concat(axis=1) instead. To get a de-fragmented frame, use `newframe = frame.copy()`
  out["init_oi_bearish_build"] = ((sign_close < 0) & (sign_oi > 0)).astype(float)
C:\Users\rfo\Desktop\flowbot\flow_system\indicator\initiation_features.py:156: PerformanceWarning: DataFrame is highly fragmented.  This is usually the result of calling `frame.insert` many times, which has poor performance.  Consider joining all columns at once using pd.concat(axis=1) instead. To get a de-fragmented frame, use `newframe = frame.copy()`
  out["init_liq_long_cluster"] = ll_cum_8h / (ll_base * 8 + 1e-9)
C:\Users\rfo\Desktop\flowbot\flow_system\indicator\initiation_features.py:157: PerformanceWarning: DataFrame is highly fragmented.  This is usually the result of calling `frame.insert` many times, which has poor performance.  Consider joining all columns at once using pd.concat(axis=1) instead. To get a de-fragmented frame, use `newframe = frame.copy()`
  out["init_liq_short_cluster"] = ls_cum_8h / (ls_base * 8 + 1e-9)
C:\Users\rfo\Desktop\flowbot\flow_system\indicator\initiation_features.py:161: PerformanceWarning: DataFrame is highly fragmented.  This is usually the result of calling `frame.insert` many times, which has poor performance.  Consider joining all columns at once using pd.concat(axis=1) instead. To get a de-fragmented frame, use `newframe = frame.copy()`
  out["init_liq_cluster_imb"] = np.where(
C:\Users\rfo\Desktop\flowbot\flow_system\indicator\initiation_features.py:172: PerformanceWarning: DataFrame is highly fragmented.  This is usually the result of calling `frame.insert` many times, which has poor performance.  Consider joining all columns at once using pd.concat(axis=1) instead. To get a de-fragmented frame, use `newframe = frame.copy()`
  out["init_break_funding_align_up"] = up_align
C:\Users\rfo\Desktop\flowbot\flow_system\indicator\initiation_features.py:173: PerformanceWarning: DataFrame is highly fragmented.  This is usually the result of calling `frame.insert` many times, which has poor performance.  Consider joining all columns at once using pd.concat(axis=1) instead. To get a de-fragmented frame, use `newframe = frame.copy()`
  out["init_break_funding_align_dn"] = dn_align
C:\Users\rfo\Desktop\flowbot\flow_system\indicator\initiation_features.py:218: PerformanceWarning: DataFrame is highly fragmented.  This is usually the result of calling `frame.insert` many times, which has poor performance.  Consider joining all columns at once using pd.concat(axis=1) instead. To get a de-fragmented frame, use `newframe = frame.copy()`
  out["dfp_fcvd_sign_streak"] = _signed_streak(out["cg_fcvd_delta"], cap=24)
C:\Users\rfo\Desktop\flowbot\flow_system\indicator\initiation_features.py:220: PerformanceWarning: DataFrame is highly fragmented.  This is usually the result of calling `frame.insert` many times, which has poor performance.  Consider joining all columns at once using pd.concat(axis=1) instead. To get a de-fragmented frame, use `newframe = frame.copy()`
  out["dfp_scvd_sign_streak"] = _signed_streak(out["cg_scvd_delta"], cap=24)
C:\Users\rfo\Desktop\flowbot\flow_system\indicator\initiation_features.py:222: PerformanceWarning: DataFrame is highly fragmented.  This is usually the result of calling `frame.insert` many times, which has poor performance.  Consider joining all columns at once using pd.concat(axis=1) instead. To get a de-fragmented frame, use `newframe = frame.copy()`
  out["dfp_taker_sign_streak"] = _signed_streak(out["cg_taker_delta"], cap=24)
C:\Users\rfo\Desktop\flowbot\flow_system\indicator\initiation_features.py:224: PerformanceWarning: DataFrame is highly fragmented.  This is usually the result of calling `frame.insert` many times, which has poor performance.  Consider joining all columns at once using pd.concat(axis=1) instead. To get a de-fragmented frame, use `newframe = frame.copy()`
  out["dfp_oi_sign_streak"] = _signed_streak(out["cg_oi_delta"], cap=24)
C:\Users\rfo\Desktop\flowbot\flow_system\indicator\initiation_features.py:227: PerformanceWarning: DataFrame is highly fragmented.  This is usually the result of calling `frame.insert` many times, which has poor performance.  Consider joining all columns at once using pd.concat(axis=1) instead. To get a de-fragmented frame, use `newframe = frame.copy()`
  out["dfp_pos_ls_sign_streak"] = _signed_streak(pos_d, cap=24)
C:\Users\rfo\Desktop\flowbot\flow_system\indicator\initiation_features.py:236: PerformanceWarning: DataFrame is highly fragmented.  This is usually the result of calling `frame.insert` many times, which has poor performance.  Consider joining all columns at once using pd.concat(axis=1) instead. To get a de-fragmented frame, use `newframe = frame.copy()`
  out["dfp_flow_consensus_signed"] = consensus_signed
C:\Users\rfo\Desktop\flowbot\flow_system\indicator\initiation_features.py:237: PerformanceWarning: DataFrame is highly fragmented.  This is usually the result of calling `frame.insert` many times, which has poor performance.  Consider joining all columns at once using pd.concat(axis=1) instead. To get a de-fragmented frame, use `newframe = frame.copy()`
  out["dfp_flow_consensus_persist_8h"] = consensus_signed.rolling(
C:\Users\rfo\Desktop\flowbot\flow_system\indicator\initiation_features.py:250: PerformanceWarning: DataFrame is highly fragmented.  This is usually the result of calling `frame.insert` many times, which has poor performance.  Consider joining all columns at once using pd.concat(axis=1) instead. To get a de-fragmented frame, use `newframe = frame.copy()`
  out["dfp_flow_consensus_zweighted"] = weighted
C:\Users\rfo\Desktop\flowbot\flow_system\indicator\initiation_features.py:257: PerformanceWarning: DataFrame is highly fragmented.  This is usually the result of calling `frame.insert` many times, which has poor performance.  Consider joining all columns at once using pd.concat(axis=1) instead. To get a de-fragmented frame, use `newframe = frame.copy()`
  out["dfp_spot_lead_ratio"] = (sd - fd) / denom
C:\Users\rfo\Desktop\flowbot\flow_system\indicator\initiation_features.py:263: PerformanceWarning: DataFrame is highly fragmented.  This is usually the result of calling `frame.insert` many times, which has poor performance.  Consider joining all columns at once using pd.concat(axis=1) instead. To get a de-fragmented frame, use `newframe = frame.copy()`
  out["dfp_retail_whale_div"] = retail_d - whale_d
C:\Users\rfo\Desktop\flowbot\flow_system\indicator\initiation_features.py:275: PerformanceWarning: DataFrame is highly fragmented.  This is usually the result of calling `frame.insert` many times, which has poor performance.  Consider joining all columns at once using pd.concat(axis=1) instead. To get a de-fragmented frame, use `newframe = frame.copy()`
  out["dfp_long_build_persist_8h"] = long_build_flag.rolling(
C:\Users\rfo\Desktop\flowbot\flow_system\indicator\initiation_features.py:278: PerformanceWarning: DataFrame is highly fragmented.  This is usually the result of calling `frame.insert` many times, which has poor performance.  Consider joining all columns at once using pd.concat(axis=1) instead. To get a de-fragmented frame, use `newframe = frame.copy()`
  out["dfp_net_build_8h"] = out["dfp_long_build_persist_8h"] - short_build_8h
C:\Users\rfo\Desktop\flowbot\flow_system\indicator\initiation_features.py:279: PerformanceWarning: DataFrame is highly fragmented.  This is usually the result of calling `frame.insert` many times, which has poor performance.  Consider joining all columns at once using pd.concat(axis=1) instead. To get a de-fragmented frame, use `newframe = frame.copy()`
  out["dfp_long_cover_persist_8h"] = long_cover_flag.rolling(
C:\Users\rfo\Desktop\flowbot\flow_system\indicator\initiation_features.py:281: PerformanceWarning: DataFrame is highly fragmented.  This is usually the result of calling `frame.insert` many times, which has poor performance.  Consider joining all columns at once using pd.concat(axis=1) instead. To get a de-fragmented frame, use `newframe = frame.copy()`
  out["dfp_short_cover_persist_8h"] = short_cover_flag.rolling(
C:\Users\rfo\Desktop\flowbot\flow_system\indicator\initiation_features.py:286: PerformanceWarning: DataFrame is highly fragmented.  This is usually the result of calling `frame.insert` many times, which has poor performance.  Consider joining all columns at once using pd.concat(axis=1) instead. To get a de-fragmented frame, use `newframe = frame.copy()`
  out["dfp_fcvd_cum_24h_rank"] = _pct_rank_trailing(out["cg_fcvd_cum"], 24)
C:\Users\rfo\Desktop\flowbot\flow_system\indicator\initiation_features.py:288: PerformanceWarning: DataFrame is highly fragmented.  This is usually the result of calling `frame.insert` many times, which has poor performance.  Consider joining all columns at once using pd.concat(axis=1) instead. To get a de-fragmented frame, use `newframe = frame.copy()`
  out["dfp_scvd_cum_24h_rank"] = _pct_rank_trailing(out["cg_scvd_cum"], 24)
C:\Users\rfo\Desktop\flowbot\flow_system\indicator\initiation_features.py:291: PerformanceWarning: DataFrame is highly fragmented.  This is usually the result of calling `frame.insert` many times, which has poor performance.  Consider joining all columns at once using pd.concat(axis=1) instead. To get a de-fragmented frame, use `newframe = frame.copy()`
  out["dfp_taker_4h_24h_rank"] = _pct_rank_trailing(taker_4h, 24)
C:\Users\rfo\Desktop\flowbot\flow_system\indicator\initiation_features.py:299: PerformanceWarning: DataFrame is highly fragmented.  This is usually the result of calling `frame.insert` many times, which has poor performance.  Consider joining all columns at once using pd.concat(axis=1) instead. To get a de-fragmented frame, use `newframe = frame.copy()`
  out["dfp_liq_long_dom_streak"] = _flag_streak(long_dom, cap=12)
C:\Users\rfo\Desktop\flowbot\flow_system\indicator\initiation_features.py:300: PerformanceWarning: DataFrame is highly fragmented.  This is usually the result of calling `frame.insert` many times, which has poor performance.  Consider joining all columns at once using pd.concat(axis=1) instead. To get a de-fragmented frame, use `newframe = frame.copy()`
  out["dfp_liq_short_dom_streak"] = _flag_streak(short_dom, cap=12)
C:\Users\rfo\Desktop\flowbot\flow_system\indicator\initiation_features.py:306: PerformanceWarning: DataFrame is highly fragmented.  This is usually the result of calling `frame.insert` many times, which has poor performance.  Consider joining all columns at once using pd.concat(axis=1) instead. To get a de-fragmented frame, use `newframe = frame.copy()`
  out["dfp_post_long_liq_rev"] = ll_extreme.astype(float) * (
C:\Users\rfo\Desktop\flowbot\flow_system\indicator\feature_builder_live.py:525: PerformanceWarning: DataFrame is highly fragmented.  This is usually the result of calling `frame.insert` many times, which has poor performance.  Consider joining all columns at once using pd.concat(axis=1) instead. To get a de-fragmented frame, use `newframe = frame.copy()`
  df["exchange_flow_8h"] = _flow.rolling(8, min_periods=4).sum()
C:\Users\rfo\Desktop\flowbot\flow_system\indicator\feature_builder_live.py:529: PerformanceWarning: DataFrame is highly fragmented.  This is usually the result of calling `frame.insert` many times, which has poor performance.  Consider joining all columns at once using pd.concat(axis=1) instead. To get a de-fragmented frame, use `newframe = frame.copy()`
  df["oi_to_volume_zscore"] = _zscore(_oi_vol_ratio, 168)
2026-06-08 21:17:01,179 | Live features: 3999 bars x 282 columns
2026-06-08 21:17:01,274 | Cached features: 3999 bars x 282 cols → C:\Users\rfo\Desktop\flowbot\flow_system\research\dual_model\.cache\features_all.parquet
2026-06-08 21:17:01,274 | Loaded: 3999 bars × 282 cols (2025-12-23 22:00:00+00:00 ~ 2026-06-08 12:00:00+00:00)
2026-06-08 21:17:01,302 | Building volume-profile resistance features (3 bands × 2 lookbacks)…
2026-06-08 21:17:02,657 | VP feature coverage (of 3999 bars): {'vp_asym_b0050_l168': 3999, 'vp_lr_b0050_l168': 3999, 'vp_asym_b0050_l720': 3999, 'vp_lr_b0050_l720': 3999, 'vp_asym_b0100_l168': 3999, 'vp_lr_b0100_l168': 3999, 'vp_asym_b0100_l720': 3999, 'vp_lr_b0100_l720': 3999, 'vp_asym_b0200_l168': 3999, 'vp_lr_b0200_l168': 3999, 'vp_asym_b0200_l720': 3999, 'vp_lr_b0200_l720': 3999}
2026-06-08 21:17:02,666 | Direction reg labels (PATH/TWAP): n=3999 valid=3995 mean=-0.00017 std=0.00668 | P(|y|>=0.006)=24.0% P(|y|>=0.008)=15.6% P(|y|>=0.010)=10.8% P(|y|>=0.015)=4.3% | endpoint/path ratio=1.46
2026-06-08 21:17:02,666 | ======================================================================
2026-06-08 21:17:02,666 | GATE 1: raw Spearman IC vs y_path_ret_4h (block-bootstrap CI)
2026-06-08 21:17:02,667 | ======================================================================
C:\Users\rfo\anaconda3\lib\site-packages\pandas\core\arrays\datetimes.py:1162: UserWarning: Converting to PeriodArray/Index representation will drop timezone information.
  warnings.warn(
2026-06-08 21:17:05,736 |   vp_asym_b0050_l168     IC=-0.0191  CI[-0.0704,+0.0306] incl0  months=7 same=57%
C:\Users\rfo\anaconda3\lib\site-packages\pandas\core\arrays\datetimes.py:1162: UserWarning: Converting to PeriodArray/Index representation will drop timezone information.
  warnings.warn(
2026-06-08 21:17:08,675 |   vp_lr_b0050_l168       IC=-0.0191  CI[-0.0704,+0.0305] incl0  months=7 same=57%
C:\Users\rfo\anaconda3\lib\site-packages\pandas\core\arrays\datetimes.py:1162: UserWarning: Converting to PeriodArray/Index representation will drop timezone information.
  warnings.warn(
2026-06-08 21:17:11,603 |   vp_asym_b0050_l720     IC=+0.0112  CI[-0.0412,+0.0612] incl0  months=7 same=57%
C:\Users\rfo\anaconda3\lib\site-packages\pandas\core\arrays\datetimes.py:1162: UserWarning: Converting to PeriodArray/Index representation will drop timezone information.
  warnings.warn(
2026-06-08 21:17:14,686 |   vp_lr_b0050_l720       IC=+0.0112  CI[-0.0412,+0.0612] incl0  months=7 same=57%
C:\Users\rfo\anaconda3\lib\site-packages\pandas\core\arrays\datetimes.py:1162: UserWarning: Converting to PeriodArray/Index representation will drop timezone information.
  warnings.warn(
2026-06-08 21:17:17,581 |   vp_asym_b0100_l168     IC=-0.0261  CI[-0.0821,+0.0274] incl0  months=7 same=57%
C:\Users\rfo\anaconda3\lib\site-packages\pandas\core\arrays\datetimes.py:1162: UserWarning: Converting to PeriodArray/Index representation will drop timezone information.
  warnings.warn(
2026-06-08 21:17:20,541 |   vp_lr_b0100_l168       IC=-0.0260  CI[-0.0821,+0.0274] incl0  months=7 same=57%
C:\Users\rfo\anaconda3\lib\site-packages\pandas\core\arrays\datetimes.py:1162: UserWarning: Converting to PeriodArray/Index representation will drop timezone information.
  warnings.warn(
2026-06-08 21:17:23,429 |   vp_asym_b0100_l720     IC=+0.0095  CI[-0.0473,+0.0651] incl0  months=7 same=43%
C:\Users\rfo\anaconda3\lib\site-packages\pandas\core\arrays\datetimes.py:1162: UserWarning: Converting to PeriodArray/Index representation will drop timezone information.
  warnings.warn(
2026-06-08 21:17:26,535 |   vp_lr_b0100_l720       IC=+0.0095  CI[-0.0473,+0.0651] incl0  months=7 same=43%
C:\Users\rfo\anaconda3\lib\site-packages\pandas\core\arrays\datetimes.py:1162: UserWarning: Converting to PeriodArray/Index representation will drop timezone information.
  warnings.warn(
2026-06-08 21:17:29,521 |   vp_asym_b0200_l168     IC=-0.0309  CI[-0.0914,+0.0224] incl0  months=7 same=71%
C:\Users\rfo\anaconda3\lib\site-packages\pandas\core\arrays\datetimes.py:1162: UserWarning: Converting to PeriodArray/Index representation will drop timezone information.
  warnings.warn(
2026-06-08 21:17:32,509 |   vp_lr_b0200_l168       IC=-0.0309  CI[-0.0914,+0.0223] incl0  months=7 same=71%
C:\Users\rfo\anaconda3\lib\site-packages\pandas\core\arrays\datetimes.py:1162: UserWarning: Converting to PeriodArray/Index representation will drop timezone information.
  warnings.warn(
2026-06-08 21:17:35,515 |   vp_asym_b0200_l720     IC=-0.0030  CI[-0.0602,+0.0549] incl0  months=7 same=57%
C:\Users\rfo\anaconda3\lib\site-packages\pandas\core\arrays\datetimes.py:1162: UserWarning: Converting to PeriodArray/Index representation will drop timezone information.
  warnings.warn(
2026-06-08 21:17:38,557 |   vp_lr_b0200_l720       IC=-0.0030  CI[-0.0602,+0.0549] incl0  months=7 same=57%
2026-06-08 21:17:38,559 | GATE 1 survivors (|IC|>=0.03 & CI excludes 0): 0 / 12
2026-06-08 21:17:38,559 | ======================================================================
2026-06-08 21:17:38,559 | GATE 2: V7 baseline walk-forward → conditional IC vs residual
2026-06-08 21:17:38,559 | ======================================================================
2026-06-08 21:17:38,568 | Direction reg labels (PATH/TWAP): n=3999 valid=3995 mean=-0.00017 std=0.00668 | P(|y|>=0.006)=24.0% P(|y|>=0.008)=15.6% P(|y|>=0.010)=10.8% P(|y|>=0.015)=4.3% | endpoint/path ratio=1.46
2026-06-08 21:17:38,581 | Direction-reg training: 136 requested, 136 available (objective=mse)
2026-06-08 21:17:38,584 | Walk-forward: 77 folds, init_train=288, test=48, step=48, purge=4, embargo=4
2026-06-08 21:17:38,584 | Walk-forward: 77 folds (purge+embargo applied)
2026-06-08 21:17:40,573 | Fold 0: train=284 test=48 MAE=0.00449
2026-06-08 21:17:40,889 | Fold 1: train=332 test=48 MAE=0.00329
2026-06-08 21:17:41,457 | Fold 2: train=380 test=48 MAE=0.00212
2026-06-08 21:17:42,038 | Fold 3: train=428 test=48 MAE=0.00294
2026-06-08 21:17:42,271 | Fold 4: train=476 test=48 MAE=0.00485
2026-06-08 21:17:42,755 | Fold 5: train=524 test=48 MAE=0.00261
2026-06-08 21:17:43,511 | Fold 6: train=572 test=48 MAE=0.00220
2026-06-08 21:17:43,876 | Fold 7: train=620 test=48 MAE=0.00384
2026-06-08 21:17:45,075 | Fold 8: train=668 test=48 MAE=0.00437
2026-06-08 21:17:45,486 | Fold 9: train=716 test=48 MAE=0.00235
2026-06-08 21:17:46,046 | Fold 10: train=764 test=48 MAE=0.00351
2026-06-08 21:17:46,378 | Fold 11: train=812 test=48 MAE=0.00370
2026-06-08 21:17:46,885 | Fold 12: train=860 test=48 MAE=0.00608
2026-06-08 21:17:47,199 | Fold 13: train=908 test=48 MAE=0.00716
2026-06-08 21:17:47,618 | Fold 14: train=956 test=48 MAE=0.00771
2026-06-08 21:17:48,119 | Fold 15: train=1004 test=48 MAE=0.01170
2026-06-08 21:17:48,413 | Fold 16: train=1052 test=48 MAE=0.00994
2026-06-08 21:17:48,871 | Fold 17: train=1100 test=48 MAE=0.00709
2026-06-08 21:17:49,339 | Fold 18: train=1148 test=48 MAE=0.00599
2026-06-08 21:17:49,782 | Fold 19: train=1196 test=48 MAE=0.00573
2026-06-08 21:17:50,172 | Fold 20: train=1244 test=48 MAE=0.00450
2026-06-08 21:17:50,479 | Fold 21: train=1292 test=48 MAE=0.00487
2026-06-08 21:17:50,930 | Fold 22: train=1340 test=48 MAE=0.00413
2026-06-08 21:17:51,316 | Fold 23: train=1388 test=48 MAE=0.00316
2026-06-08 21:17:51,638 | Fold 24: train=1436 test=48 MAE=0.00674
2026-06-08 21:17:51,978 | Fold 25: train=1484 test=48 MAE=0.00831
2026-06-08 21:17:52,308 | Fold 26: train=1532 test=48 MAE=0.00471
2026-06-08 21:17:53,376 | Fold 27: train=1580 test=48 MAE=0.00701
2026-06-08 21:17:53,730 | Fold 28: train=1628 test=48 MAE=0.00701
2026-06-08 21:17:54,084 | Fold 29: train=1676 test=48 MAE=0.00781
2026-06-08 21:17:55,160 | Fold 30: train=1724 test=48 MAE=0.00342
2026-06-08 21:17:55,453 | Fold 31: train=1772 test=48 MAE=0.00601
2026-06-08 21:17:55,847 | Fold 32: train=1820 test=48 MAE=0.00544
2026-06-08 21:17:57,323 | Fold 33: train=1868 test=48 MAE=0.00483
2026-06-08 21:17:57,783 | Fold 34: train=1916 test=48 MAE=0.00314
2026-06-08 21:17:58,149 | Fold 35: train=1964 test=48 MAE=0.00499
2026-06-08 21:17:59,106 | Fold 36: train=2012 test=48 MAE=0.00486
2026-06-08 21:17:59,579 | Fold 37: train=2060 test=48 MAE=0.00348
2026-06-08 21:18:00,153 | Fold 38: train=2108 test=48 MAE=0.00571
2026-06-08 21:18:00,924 | Fold 39: train=2156 test=48 MAE=0.00483
2026-06-08 21:18:01,395 | Fold 40: train=2204 test=48 MAE=0.00508
2026-06-08 21:18:01,863 | Fold 41: train=2252 test=48 MAE=0.00321
2026-06-08 21:18:02,603 | Fold 42: train=2300 test=48 MAE=0.00520
2026-06-08 21:18:03,138 | Fold 43: train=2348 test=48 MAE=0.00438
2026-06-08 21:18:03,611 | Fold 44: train=2396 test=48 MAE=0.00155
2026-06-08 21:18:04,179 | Fold 45: train=2444 test=48 MAE=0.00401
2026-06-08 21:18:04,697 | Fold 46: train=2492 test=48 MAE=0.00507
2026-06-08 21:18:05,037 | Fold 47: train=2540 test=48 MAE=0.00362
2026-06-08 21:18:05,388 | Fold 48: train=2588 test=48 MAE=0.00357
2026-06-08 21:18:05,712 | Fold 49: train=2636 test=48 MAE=0.00517
2026-06-08 21:18:06,223 | Fold 50: train=2684 test=48 MAE=0.00306
2026-06-08 21:18:06,918 | Fold 51: train=2732 test=48 MAE=0.00391
2026-06-08 21:18:07,244 | Fold 52: train=2780 test=48 MAE=0.00408
2026-06-08 21:18:07,922 | Fold 53: train=2828 test=48 MAE=0.00428
2026-06-08 21:18:08,246 | Fold 54: train=2876 test=48 MAE=0.00303
2026-06-08 21:18:08,760 | Fold 55: train=2924 test=48 MAE=0.00217
2026-06-08 21:18:09,126 | Fold 56: train=2972 test=48 MAE=0.00349
2026-06-08 21:18:09,496 | Fold 57: train=3020 test=48 MAE=0.00380
2026-06-08 21:18:09,845 | Fold 58: train=3068 test=48 MAE=0.00260
2026-06-08 21:18:10,435 | Fold 59: train=3116 test=48 MAE=0.00372
2026-06-08 21:18:10,789 | Fold 60: train=3164 test=48 MAE=0.00287
2026-06-08 21:18:11,135 | Fold 61: train=3212 test=48 MAE=0.00265
2026-06-08 21:18:11,941 | Fold 62: train=3260 test=48 MAE=0.00225
2026-06-08 21:18:12,502 | Fold 63: train=3308 test=48 MAE=0.00260
2026-06-08 21:18:13,183 | Fold 64: train=3356 test=48 MAE=0.00440
2026-06-08 21:18:13,608 | Fold 65: train=3404 test=48 MAE=0.00315
2026-06-08 21:18:14,078 | Fold 66: train=3452 test=48 MAE=0.00315
2026-06-08 21:18:14,570 | Fold 67: train=3500 test=48 MAE=0.00211
2026-06-08 21:18:15,048 | Fold 68: train=3548 test=48 MAE=0.00291
2026-06-08 21:18:16,110 | Fold 69: train=3596 test=48 MAE=0.00371
2026-06-08 21:18:16,636 | Fold 70: train=3644 test=48 MAE=0.00279
2026-06-08 21:18:17,070 | Fold 71: train=3692 test=48 MAE=0.00351
2026-06-08 21:18:17,539 | Fold 72: train=3740 test=48 MAE=0.00220
2026-06-08 21:18:17,980 | Fold 73: train=3788 test=48 MAE=0.00337
2026-06-08 21:18:18,919 | Fold 74: train=3836 test=48 MAE=0.00777
2026-06-08 21:18:19,315 | Fold 75: train=3884 test=48 MAE=0.00831
2026-06-08 21:18:19,680 | Fold 76: train=3932 test=48 MAE=0.00569
2026-06-08 21:18:19,714 | V7 baseline OOS: IC=+0.1590  AUC=0.5954  (sanity vs canonical 0.17/0.59)
2026-06-08 21:18:22,695 |   vp_asym_b0050_l168     cond_IC=-0.0143  CI[-0.0681,+0.0339] incl0
2026-06-08 21:18:25,640 |   vp_lr_b0050_l168       cond_IC=-0.0143  CI[-0.0681,+0.0339] incl0
2026-06-08 21:18:28,706 |   vp_asym_b0050_l720     cond_IC=+0.0120  CI[-0.0429,+0.0632] incl0
2026-06-08 21:18:31,561 |   vp_lr_b0050_l720       cond_IC=+0.0120  CI[-0.0429,+0.0632] incl0
2026-06-08 21:18:34,404 |   vp_asym_b0100_l168     cond_IC=-0.0202  CI[-0.0766,+0.0324] incl0
2026-06-08 21:18:37,281 |   vp_lr_b0100_l168       cond_IC=-0.0202  CI[-0.0766,+0.0324] incl0
2026-06-08 21:18:40,220 |   vp_asym_b0100_l720     cond_IC=+0.0087  CI[-0.0507,+0.0624] incl0
2026-06-08 21:18:42,992 |   vp_lr_b0100_l720       cond_IC=+0.0087  CI[-0.0507,+0.0624] incl0
2026-06-08 21:18:45,857 |   vp_asym_b0200_l168     cond_IC=-0.0196  CI[-0.0774,+0.0332] incl0
2026-06-08 21:18:48,564 |   vp_lr_b0200_l168       cond_IC=-0.0196  CI[-0.0774,+0.0332] incl0
2026-06-08 21:18:51,294 |   vp_asym_b0200_l720     cond_IC=+0.0002  CI[-0.0587,+0.0566] incl0
2026-06-08 21:18:54,025 |   vp_lr_b0200_l720       cond_IC=+0.0002  CI[-0.0587,+0.0565] incl0
Parquet data is 1357.3h old (threshold: 6.0h). Running backfill...
============================================================
[1/3] Binance klines 1h backfill
============================================================
  Existing: 5487 bars, ends at 2026-06-02 14:00:00+00:00
  Fetched 142 bars up to 2026-06-08 12:00:00+00:00
  Updated: 5629 bars, 2025-10-17 00:00:00+00:00 -> 2026-06-08 12:00:00+00:00

============================================================
[2/4 existing] Coinglass endpoints
============================================================
  oi: 5623 bars, 2025-10-17 -> 2026-06-08
  oi_agg: 5623 bars, 2025-10-17 -> 2026-06-08
  liquidation: 5623 bars, 2025-10-17 -> 2026-06-08
  long_short: 5623 bars, 2025-10-17 -> 2026-06-08
  global_ls: 5623 bars, 2025-10-17 -> 2026-06-08
  funding: 5623 bars, 2025-10-17 -> 2026-06-08
  taker: 5623 bars, 2025-10-17 -> 2026-06-08

============================================================
[3/4 new] Coinglass endpoints
============================================================
  coinbase_premium: 5498 bars, 2025-10-22 -> 2026-06-08
  bitfinex_margin: 5498 bars, 2025-10-22 -> 2026-06-08
  top_ls_position: 5498 bars, 2025-10-22 -> 2026-06-08
  futures_cvd_agg: 5498 bars, 2025-10-22 -> 2026-06-08
  spot_cvd_agg: 5498 bars, 2025-10-22 -> 2026-06-08
  liq_agg: 5498 bars, 2025-10-22 -> 2026-06-08
  oi_coin_margin: 2498 bars, 2026-02-24 -> 2026-06-08

============================================================
[4/4] Deribit DVOL 1h backfill
============================================================
  Existing: 7204 bars, ends at 2026-06-02 15:00:00+00:00
  iter 0: +143 rows, earliest=2026-06-02 15:00:00+00:00
  Updated: 7346 bars, 2025-08-06 12:00:00+00:00 -> 2026-06-08 13:00:00+00:00

============================================================
DONE - all parquet files updated
============================================================

============================================================================================
RESISTANCE-MAP PHASE 1  —  VERDICT
============================================================================================
V7 baseline OOS IC=+0.1590 AUC=0.5954  (n_oos=3696)

feature                  raw_IC  rawCI0  cond_IC  condCI0
--------------------------------------------------------------------------------------------
vp_asym_b0050_l168      -0.0191    incl  -0.0143     incl
vp_lr_b0050_l168        -0.0191    incl  -0.0143     incl
vp_asym_b0050_l720      +0.0112    incl  +0.0120     incl
vp_lr_b0050_l720        +0.0112    incl  +0.0120     incl
vp_asym_b0100_l168      -0.0261    incl  -0.0202     incl
vp_lr_b0100_l168        -0.0260    incl  -0.0202     incl
vp_asym_b0100_l720      +0.0095    incl  +0.0087     incl
vp_lr_b0100_l720        +0.0095    incl  +0.0087     incl
vp_asym_b0200_l168      -0.0309    incl  -0.0196     incl
vp_lr_b0200_l168        -0.0309    incl  -0.0196     incl
vp_asym_b0200_l720      -0.0030    incl  +0.0002     incl
vp_lr_b0200_l720        -0.0030    incl  +0.0002     incl
--------------------------------------------------------------------------------------------
GATE 1 pass (raw |IC|>=0.03 & CI excl 0): 0/12
GATE 2 pass (cond |IC|>=0.03 & CI excl 0): 0/12

>>> NO-GO: no feature carries marginal info beyond V7.
    V7 already absorbs the volume-profile resistance signal.
    Do NOT build the chart panel as a model input on this basis.
============================================================================================

Wrote → C:\Users\rfo\Desktop\flowbot\flow_system\research\results\dual_model\resistance_map_phase1.csv
