永續 active 217 個；取前 80 = 日成交額的 99.7%
訂閱 80 個永續市場的簿口 -> D:\flowbot_data\lighter\mid（每 5 秒取樣一次）
取樣 23:44:04：80 個市場
取樣 23:44:09：80 個市場
取樣 23:44:14：80 個市場
取樣 23:44:19：80 個市場
取樣 23:44:24：80 個市場
取樣 23:44:29：80 個市場
取樣 23:44:34：80 個市場
取樣 23:44:39：80 個市場
取樣 23:44:44：80 個市場
取樣 23:44:49：80 個市場
取樣 23:44:54：80 個市場
取樣 23:44:59：80 個市場
取樣 23:45:04：80 個市場
取樣 23:45:09：80 個市場
取樣 23:45:14：80 個市場
取樣 23:45:19：80 個市場
取樣 23:45:24：80 個市場
取樣 23:45:29：80 個市場
取樣 23:45:34：80 個市場
取樣 23:45:39：80 個市場
取樣 23:45:44：80 個市場
取樣 23:45:49：80 個市場
取樣 23:45:54：80 個市場
取樣 23:45:59：80 個市場
取樣 23:46:04：80 個市場
取樣 23:46:09：80 個市場
取樣 23:46:14：80 個市場
取樣 23:46:19：80 個市場
取樣 23:46:24：80 個市場
取樣 23:46:29：80 個市場
取樣 23:46:34：80 個市場
取樣 23:46:39：80 個市場
取樣 23:46:44：80 個市場
取樣 23:46:49：80 個市場
取樣 23:46:54：80 個市場
取樣 23:46:59：80 個市場
取樣 23:47:04：80 個市場
取樣 23:47:09：80 個市場
取樣 23:47:14：80 個市場
取樣 23:47:19：80 個市場
取樣 23:47:24：80 個市場
取樣 23:47:29：80 個市場
取樣 23:47:34：80 個市場
取樣 23:47:39：80 個市場
取樣 23:47:44：80 個市場
取樣 23:47:49：80 個市場
取樣 23:47:55：80 個市場
取樣 23:48:05：80 個市場
取樣 23:48:10：80 個市場
取樣 23:48:20：80 個市場
取樣 23:48:24：80 個市場
取樣 23:48:29：80 個市場
取樣 23:48:34：80 個市場
取樣 23:48:39：80 個市場
取樣 23:48:44：80 個市場
取樣 23:48:49：80 個市場
取樣 23:48:55：80 個市場
取樣 23:49:00：80 個市場
取樣 23:49:09：80 個市場
取樣 23:49:15：80 個市場
取樣 23:49:25：80 個市場
取樣 23:49:30：80 個市場
取樣 23:49:35：80 個市場
取樣 23:49:40：80 個市場
取樣 23:49:50：80 個市場
取樣 23:49:55：80 個市場
取樣 23:50:05：80 個市場
取樣 23:50:10：80 個市場
取樣 23:50:20：80 個市場
取樣 23:50:25：80 個市場
取樣 23:50:30：80 個市場
取樣 23:50:35：80 個市場
取樣 23:50:40：80 個市場
取樣 23:50:45：80 個市場
取樣 23:50:50：80 個市場
取樣 23:50:55：80 個市場
取樣 23:51:00：80 個市場
取樣 23:51:09：80 個市場
取樣 23:51:15：80 個市場
取樣 23:51:20：80 個市場
取樣 23:51:25：80 個市場
取樣 23:51:30：80 個市場
取樣 23:51:40：80 個市場
取樣 23:51:45：80 個市場
取樣 23:51:55：80 個市場
取樣 23:52:00：80 個市場
取樣 23:52:10：80 個市場
取樣 23:52:20：80 個市場
取樣 23:52:30：80 個市場
取樣 23:52:40：80 個市場
取樣 23:52:45：80 個市場
取樣 23:52:50：80 個市場
取樣 23:52:55：80 個市場
取樣 23:53:05：80 個市場
取樣 23:53:10：80 個市場
取樣 23:53:15：80 個市場
取樣 23:53:20：80 個市場
取樣 23:53:25：80 個市場
取樣 23:53:30：80 個市場
取樣 23:53:35：80 個市場
取樣 23:53:45：80 個市場
取樣 23:53:55：80 個市場
取樣 23:54:00：80 個市場
取樣 23:54:05：80 個市場
取樣 23:54:15：80 個市場
取樣 23:54:25：80 個市場
取樣 23:54:35：80 個市場
取樣 23:54:45：80 個市場
取樣 23:54:50：80 個市場
取樣 23:55:00：80 個市場
取樣 23:55:10：80 個市場
取樣 23:55:20：80 個市場
取樣 23:55:25：80 個市場
取樣 23:55:35：80 個市場
取樣 23:55:45：80 個市場
取樣 23:55:55：80 個市場
取樣 23:56:00：80 個市場
取樣 23:56:10：80 個市場
取樣 23:56:15：80 個市場
取樣 23:56:20：80 個市場
取樣 23:56:30：80 個市場
取樣 23:56:40：80 個市場
取樣 23:56:50：80 個市場
取樣 23:57:00：80 個市場
取樣 23:57:05：80 個市場
取樣 23:57:10：80 個市場
取樣 23:57:20：80 個市場
取樣 23:57:25：80 個市場
取樣 23:57:35：80 個市場
取樣 23:57:45：80 個市場
取樣 23:57:55：80 個市場
取樣 23:58:00：80 個市場
取樣 23:58:10：80 個市場
取樣 23:58:20：80 個市場
取樣 23:58:25：80 個市場
取樣 23:58:35：80 個市場
取樣 23:58:45：80 個市場
取樣 23:58:50：80 個市場
取樣 23:59:00：80 個市場
取樣 23:59:10：80 個市場
取樣 23:59:20：80 個市場
取樣 23:59:25：80 個市場
取樣 23:59:35：80 個市場
取樣 23:59:45：80 個市場
取樣 23:59:55：80 個市場
取樣 00:00:05：80 個市場
取樣 00:00:14：80 個市場
取樣 00:00:19：80 個市場
取樣 00:00:24：80 個市場
取樣 00:00:29：80 個市場
取樣 00:00:34：80 個市場
取樣 00:00:39：80 個市場
取樣 00:00:44：80 個市場
取樣 00:00:49：80 個市場
取樣 00:00:54：80 個市場
取樣 00:00:59：80 個市場
取樣 00:01:04：80 個市場
取樣 00:01:09：80 個市場
取樣 00:01:14：80 個市場
取樣 00:01:19：80 個市場
取樣 00:01:24：80 個市場
取樣 00:01:29：80 個市場
取樣 00:01:34：80 個市場
取樣 00:01:39：80 個市場
取樣 00:01:44：80 個市場
取樣 00:01:49：80 個市場
取樣 00:01:55：80 個市場
取樣 00:02:04：80 個市場
取樣 00:02:09：80 個市場
取樣 00:02:14：80 個市場
取樣 00:02:19：80 個市場
取樣 00:02:24：80 個市場
取樣 00:02:29：80 個市場
取樣 00:02:34：80 個市場
取樣 00:02:39：80 個市場
取樣 00:02:44：80 個市場
取樣 00:02:50：80 個市場
取樣 00:02:59：80 個市場
取樣 00:03:05：80 個市場
取樣 00:03:15：80 個市場
取樣 00:03:20：80 個市場
取樣 00:03:29：80 個市場
取樣 00:03:35：80 個市場
取樣 00:03:44：80 個市場
取樣 00:03:49：80 個市場
取樣 00:03:54：80 個市場
取樣 00:04:00：80 個市場
取樣 00:04:05：80 個市場
取樣 00:04:10：80 個市場
取樣 00:04:19：80 個市場
取樣 00:04:25：80 個市場
取樣 00:04:30：80 個市場
取樣 00:04:35：80 個市場
取樣 00:04:40：80 個市場
取樣 00:04:45：80 個市場
取樣 00:04:50：80 個市場
取樣 00:04:55：80 個市場
取樣 00:05:00：80 個市場
取樣 00:05:05：80 個市場
取樣 00:05:10：80 個市場
取樣 00:05:15：80 個市場
取樣 00:05:20：80 個市場
取樣 00:05:30：80 個市場
取樣 00:05:40：80 個市場
取樣 00:05:45：80 個市場
取樣 00:05:50：80 個市場
取樣 00:05:55：80 個市場
取樣 00:06:05：80 個市場
取樣 00:06:10：80 個市場
取樣 00:06:20：80 個市場
取樣 00:06:25：80 個市場
取樣 00:06:30：80 個市場
取樣 00:06:35：80 個市場
取樣 00:06:40：80 個市場
取樣 00:06:45：80 個市場
取樣 00:06:50：80 個市場
取樣 00:07:00：80 個市場
取樣 00:07:05：80 個市場
取樣 00:07:10：80 個市場
取樣 00:07:15：80 個市場
取樣 00:07:20：80 個市場
取樣 00:07:25：80 個市場
取樣 00:07:30：80 個市場
取樣 00:07:40：80 個市場
取樣 00:07:45：80 個市場
取樣 00:07:55：80 個市場
取樣 00:08:05：80 個市場
取樣 00:08:10：80 個市場
取樣 00:08:15：80 個市場
取樣 00:08:25：80 個市場
取樣 00:08:35：80 個市場
取樣 00:08:45：80 個市場
取樣 00:08:50：80 個市場
取樣 00:08:55：80 個市場
取樣 00:09:00：80 個市場
取樣 00:09:05：80 個市場
取樣 00:09:10：80 個市場
取樣 00:09:20：80 個市場
取樣 00:09:30：80 個市場
取樣 00:09:40：80 個市場
取樣 00:09:45：80 個市場
取樣 00:09:50：80 個市場
取樣 00:09:55：80 個市場
取樣 00:10:00：80 個市場
取樣 00:10:05：80 個市場
取樣 00:10:10：80 個市場
取樣 00:10:20：80 個市場
取樣 00:10:25：80 個市場
取樣 00:10:35：80 個市場
取樣 00:10:40：80 個市場
取樣 00:10:50：80 個市場
取樣 00:10:55：80 個市場
取樣 00:11:05：80 個市場
取樣 00:11:15：80 個市場
取樣 00:11:20：80 個市場
取樣 00:11:30：80 個市場
取樣 00:11:40：80 個市場
取樣 00:11:50：80 個市場
取樣 00:12:00：80 個市場
取樣 00:12:10：80 個市場
取樣 00:12:20：80 個市場
取樣 00:12:30：80 個市場
取樣 00:12:40：80 個市場
取樣 00:12:50：80 個市場
取樣 00:13:00：80 個市場
取樣 00:13:10：80 個市場
取樣 00:13:15：80 個市場
取樣 00:13:20：80 個市場
取樣 00:13:30：80 個市場
取樣 00:13:40：80 個市場
取樣 00:13:50：80 個市場
取樣 00:13:55：80 個市場
取樣 00:14:05：80 個市場
取樣 00:14:15：80 個市場
取樣 00:14:25：80 個市場
取樣 00:14:35：80 個市場
取樣 00:14:45：80 個市場
取樣 00:14:55：80 個市場
取樣 00:15:05：80 個市場
取樣 00:15:15：80 個市場
取樣 00:15:25：80 個市場
取樣 00:15:30：80 個市場
取樣 00:15:40：80 個市場
取樣 00:15:50：80 個市場
取樣 00:16:00：80 個市場
取樣 00:16:10：80 個市場
取樣 00:16:20：80 個市場
取樣 00:16:30：80 個市場
取樣 00:16:40：80 個市場
取樣 00:16:50：80 個市場
取樣 00:17:00：80 個市場
取樣 00:17:10：80 個市場
取樣 00:17:20：80 個市場
取樣 00:17:25：80 個市場
取樣 00:17:35：80 個市場
取樣 00:17:40：80 個市場
取樣 00:17:45：80 個市場
取樣 00:17:50：80 個市場
取樣 00:17:55：80 個市場
取樣 00:18:05：80 個市場
取樣 00:18:10：80 個市場
取樣 00:18:20：80 個市場
取樣 00:18:25：80 個市場
取樣 00:18:30：80 個市場
取樣 00:18:35：80 個市場
取樣 00:18:40：80 個市場
取樣 00:18:45：80 個市場
取樣 00:18:50：80 個市場
取樣 00:18:55：80 個市場
取樣 00:19:05：80 個市場
取樣 00:19:15：80 個市場
取樣 00:19:20：80 個市場
取樣 00:19:25：80 個市場
取樣 00:19:30：80 個市場
取樣 00:19:35：80 個市場
取樣 00:19:45：80 個市場
取樣 00:19:50：80 個市場
取樣 00:19:55：80 個市場
取樣 00:20:00：80 個市場
取樣 00:20:05：80 個市場
取樣 00:20:10：80 個市場
取樣 00:20:20：80 個市場
取樣 00:20:25：80 個市場
取樣 00:20:30：80 個市場
取樣 00:20:35：80 個市場
取樣 00:20:40：80 個市場
取樣 00:20:45：80 個市場
取樣 00:20:50：80 個市場
取樣 00:21:00：80 個市場
取樣 00:21:05：80 個市場
取樣 00:21:10：80 個市場
取樣 00:21:15：80 個市場
取樣 00:21:20：80 個市場
取樣 00:21:25：80 個市場
取樣 00:21:30：80 個市場
取樣 00:21:35：80 個市場
取樣 00:21:40：80 個市場
取樣 00:21:50：80 個市場
取樣 00:21:55：80 個市場
取樣 00:22:00：80 個市場
取樣 00:22:10：80 個市場
取樣 00:22:15：80 個市場
取樣 00:22:20：80 個市場
取樣 00:22:25：80 個市場
取樣 00:22:30：80 個市場
取樣 00:22:35：80 個市場
取樣 00:22:40：80 個市場
取樣 00:22:50：80 個市場
取樣 00:23:00：80 個市場
取樣 00:23:10：80 個市場
取樣 00:23:20：80 個市場
取樣 00:23:25：80 個市場
取樣 00:23:35：80 個市場
取樣 00:23:40：80 個市場
取樣 00:23:45：80 個市場
取樣 00:23:50：80 個市場
取樣 00:23:55：80 個市場
取樣 00:24:00：80 個市場
取樣 00:24:10：80 個市場
取樣 00:24:20：80 個市場
取樣 00:24:24：80 個市場
取樣 00:24:29：80 個市場
取樣 00:24:35：80 個市場
取樣 00:24:40：80 個市場
取樣 00:24:45：80 個市場
取樣 00:24:50：80 個市場
取樣 00:25:00：80 個市場
取樣 00:25:10：80 個市場
取樣 00:25:20：80 個市場
取樣 00:25:30：80 個市場
取樣 00:25:35：80 個市場
取樣 00:25:45：80 個市場
取樣 00:25:50：80 個市場
取樣 00:26:00：80 個市場
取樣 00:26:10：80 個市場
取樣 00:26:15：80 個市場
取樣 00:26:25：80 個市場
取樣 00:26:35：80 個市場
取樣 00:26:45：80 個市場
取樣 00:26:55：80 個市場
取樣 00:27:05：80 個市場
取樣 00:27:10：80 個市場
取樣 00:27:15：80 個市場
取樣 00:27:20：80 個市場
取樣 00:27:30：80 個市場
取樣 00:27:40：80 個市場
取樣 00:27:50：80 個市場
取樣 00:28:00：80 個市場
取樣 00:28:05：80 個市場
取樣 00:28:15：80 個市場
取樣 00:28:20：80 個市場
取樣 00:28:30：80 個市場
取樣 00:28:35：80 個市場
取樣 00:28:45：80 個市場
取樣 00:28:50：80 個市場
取樣 00:29:00：80 個市場
取樣 00:29:09：80 個市場
取樣 00:29:15：80 個市場
取樣 00:29:25：80 個市場
取樣 00:29:35：80 個市場
取樣 00:29:44：80 個市場
取樣 00:29:49：80 個市場
取樣 00:29:54：80 個市場
取樣 00:29:59：80 個市場
取樣 00:30:04：80 個市場
取樣 00:30:10：80 個市場
取樣 00:30:15：80 個市場
取樣 00:30:20：80 個市場
取樣 00:30:30：80 個市場
取樣 00:30:35：80 個市場
取樣 00:30:40：80 個市場
取樣 00:30:50：80 個市場
取樣 00:31:00：80 個市場
取樣 00:31:10：80 個市場
取樣 00:31:15：80 個市場
取樣 00:31:20：80 個市場
取樣 00:31:25：80 個市場
取樣 00:31:35：80 個市場
取樣 00:31:40：80 個市場
取樣 00:31:45：80 個市場
取樣 00:31:50：80 個市場
取樣 00:31:59：80 個市場
取樣 00:32:05：80 個市場
取樣 00:32:10：80 個市場
取樣 00:32:20：80 個市場
取樣 00:32:25：80 個市場
取樣 00:32:30：80 個市場
取樣 00:32:35：80 個市場
取樣 00:32:40：80 個市場
取樣 00:32:45：80 個市場
取樣 00:32:50：80 個市場
取樣 00:32:55：80 個市場
取樣 00:33:00：80 個市場
取樣 00:33:05：80 個市場
取樣 00:33:10：80 個市場
取樣 00:33:15：80 個市場
取樣 00:33:20：80 個市場
取樣 00:33:25：80 個市場
取樣 00:33:30：80 個市場
取樣 00:33:35：80 個市場
取樣 00:33:40：80 個市場
取樣 00:33:45：80 個市場
取樣 00:33:50：80 個市場
取樣 00:33:55：80 個市場
取樣 00:34:00：80 個市場
取樣 00:34:05：80 個市場
取樣 00:34:10：80 個市場
取樣 00:34:15：80 個市場
取樣 00:34:20：80 個市場
取樣 00:34:25：80 個市場
取樣 00:34:35：80 個市場
取樣 00:34:40：80 個市場
取樣 00:34:45：80 個市場
取樣 00:34:50：80 個市場
取樣 00:35:00：80 個市場
取樣 00:35:05：80 個市場
取樣 00:35:10：80 個市場
取樣 00:35:15：80 個市場
取樣 00:35:25：80 個市場
取樣 00:35:30：80 個市場
取樣 00:35:40：80 個市場
取樣 00:35:50：80 個市場
取樣 00:35:55：80 個市場
取樣 00:36:00：80 個市場
取樣 00:36:05：80 個市場
取樣 00:36:10：80 個市場
取樣 00:36:15：80 個市場
取樣 00:36:25：80 個市場
取樣 00:36:30：80 個市場
取樣 00:36:35：80 個市場
取樣 00:36:45：80 個市場
取樣 00:36:50：80 個市場
取樣 00:37:00：80 個市場
取樣 00:37:05：80 個市場
取樣 00:37:10：80 個市場
取樣 00:37:20：80 個市場
取樣 00:37:30：80 個市場
取樣 00:37:35：80 個市場
取樣 00:37:45：80 個市場
取樣 00:37:50：80 個市場
取樣 00:37:55：80 個市場
取樣 00:38:00：80 個市場
取樣 00:38:05：80 個市場
取樣 00:38:10：80 個市場
取樣 00:38:20：80 個市場
取樣 00:38:25：80 個市場
取樣 00:38:30：80 個市場
取樣 00:38:40：80 個市場
取樣 00:38:50：80 個市場
取樣 00:39:00：80 個市場
取樣 00:39:05：80 個市場
取樣 00:39:10：80 個市場
取樣 00:39:15：80 個市場
取樣 00:39:25：80 個市場
取樣 00:39:30：80 個市場
取樣 00:39:40：80 個市場
取樣 00:39:45：80 個市場
取樣 00:39:50：80 個市場
取樣 00:39:55：80 個市場
取樣 00:40:00：80 個市場
取樣 00:40:05：80 個市場
取樣 00:40:15：80 個市場
取樣 00:40:20：80 個市場
取樣 00:40:30：80 個市場
取樣 00:40:35：80 個市場
取樣 00:40:45：80 個市場
取樣 00:40:55：80 個市場
取樣 00:41:00：80 個市場
取樣 00:41:05：80 個市場
取樣 00:41:15：80 個市場
取樣 00:41:25：80 個市場
取樣 00:41:30：80 個市場
取樣 00:41:40：80 個市場
取樣 00:41:45：80 個市場
取樣 00:41:55：80 個市場
取樣 00:42:00：80 個市場
取樣 00:42:10：80 個市場
取樣 00:42:15：80 個市場
取樣 00:42:20：80 個市場
取樣 00:42:30：80 個市場
取樣 00:42:40：80 個市場
取樣 00:42:50：80 個市場
取樣 00:43:00：80 個市場
取樣 00:43:05：80 個市場
取樣 00:43:15：80 個市場
取樣 00:43:25：80 個市場
取樣 00:43:30：80 個市場
取樣 00:43:40：80 個市場
取樣 00:43:50：80 個市場
取樣 00:43:55：80 個市場
取樣 00:44:05：80 個市場
取樣 00:44:15：80 個市場
取樣 00:44:25：80 個市場
取樣 00:44:35：80 個市場
取樣 00:44:45：80 個市場
取樣 00:44:55：80 個市場
取樣 00:45:00：80 個市場
取樣 00:45:05：80 個市場
取樣 00:45:10：80 個市場
取樣 00:45:19：80 個市場
取樣 00:45:25：80 個市場
取樣 00:45:30：80 個市場
取樣 00:45:40：80 個市場
取樣 00:45:45：80 個市場
取樣 00:45:50：80 個市場
取樣 00:46:00：80 個市場
取樣 00:46:05：80 個市場
取樣 00:46:10：80 個市場
取樣 00:46:15：80 個市場
取樣 00:46:20：80 個市場
取樣 00:46:25：80 個市場
取樣 00:46:30：80 個市場
取樣 00:46:35：80 個市場
取樣 00:46:40：80 個市場
取樣 00:46:45：80 個市場
取樣 00:46:50：80 個市場
取樣 00:46:55：80 個市場
取樣 00:47:00：80 個市場
取樣 00:47:05：80 個市場
取樣 00:47:10：80 個市場
取樣 00:47:15：80 個市場
取樣 00:47:20：80 個市場
取樣 00:47:25：80 個市場
取樣 00:47:30：80 個市場
取樣 00:47:35：80 個市場
取樣 00:47:40：80 個市場
取樣 00:47:45：80 個市場
取樣 00:47:50：80 個市場
取樣 00:47:55：80 個市場
取樣 00:48:00：80 個市場
取樣 00:48:05：80 個市場
取樣 00:48:10：80 個市場
取樣 00:48:15：80 個市場
取樣 00:48:20：80 個市場
取樣 00:48:25：80 個市場
取樣 00:48:30：80 個市場
取樣 00:48:35：80 個市場
取樣 00:48:40：80 個市場
取樣 00:48:45：80 個市場
取樣 00:48:50：80 個市場
取樣 00:48:55：80 個市場
取樣 00:49:00：80 個市場
取樣 00:49:05：80 個市場
取樣 00:49:10：80 個市場
取樣 00:49:15：80 個市場
取樣 00:49:20：80 個市場
取樣 00:49:25：80 個市場
取樣 00:49:30：80 個市場
取樣 00:49:35：80 個市場
取樣 00:49:40：80 個市場
取樣 00:49:45：80 個市場
取樣 00:49:50：80 個市場
取樣 00:49:55：80 個市場
取樣 00:50:00：80 個市場
取樣 00:50:10：80 個市場
取樣 00:50:15：80 個市場
取樣 00:50:20：80 個市場
取樣 00:50:25：80 個市場
取樣 00:50:30：80 個市場
取樣 00:50:35：80 個市場
取樣 00:50:45：80 個市場
取樣 00:50:55：80 個市場
取樣 00:51:00：80 個市場
取樣 00:51:05：80 個市場
取樣 00:51:10：80 個市場
取樣 00:51:20：80 個市場
取樣 00:51:30：80 個市場
取樣 00:51:40：80 個市場
取樣 00:51:45：80 個市場
取樣 00:51:55：80 個市場
取樣 00:52:05：80 個市場
取樣 00:52:10：80 個市場
取樣 00:52:20：80 個市場
取樣 00:52:25：80 個市場
取樣 00:52:30：80 個市場
取樣 00:52:35：80 個市場
取樣 00:52:40：80 個市場
取樣 00:52:45：80 個市場
取樣 00:52:50：80 個市場
取樣 00:52:55：80 個市場
取樣 00:53:00：80 個市場
取樣 00:53:05：80 個市場
取樣 00:53:10：80 個市場
取樣 00:53:15：80 個市場
取樣 00:53:20：80 個市場
取樣 00:53:25：80 個市場
取樣 00:53:30：80 個市場
取樣 00:53:35：80 個市場
取樣 00:53:40：80 個市場
取樣 00:53:45：80 個市場
取樣 00:53:50：80 個市場
取樣 00:54:00：80 個市場
取樣 00:54:05：80 個市場
取樣 00:54:10：80 個市場
取樣 00:54:15：80 個市場
取樣 00:54:25：80 個市場
取樣 00:54:35：80 個市場
取樣 00:54:45：80 個市場
取樣 00:54:50：80 個市場
取樣 00:54:55：80 個市場
取樣 00:55:00：80 個市場
取樣 00:55:05：80 個市場
取樣 00:55:10：80 個市場
取樣 00:55:15：80 個市場
取樣 00:55:20：80 個市場
取樣 00:55:25：80 個市場
取樣 00:55:30：80 個市場
取樣 00:55:35：80 個市場
取樣 00:55:45：80 個市場
取樣 00:55:55：80 個市場
取樣 00:56:05：80 個市場
取樣 00:56:10：80 個市場
取樣 00:56:20：80 個市場
取樣 00:56:25：80 個市場
取樣 00:56:35：80 個市場
取樣 00:56:45：80 個市場
取樣 00:56:50：80 個市場
取樣 00:57:00：80 個市場
取樣 00:57:10：80 個市場
取樣 00:57:20：80 個市場
取樣 00:57:25：80 個市場
取樣 00:57:30：80 個市場
取樣 00:57:40：80 個市場
取樣 00:57:45：80 個市場
取樣 00:57:50：80 個市場
取樣 00:57:55：80 個市場
取樣 00:58:05：80 個市場
取樣 00:58:10：80 個市場
取樣 00:58:20：80 個市場
取樣 00:58:30：80 個市場
取樣 00:58:40：80 個市場
取樣 00:58:50：80 個市場
取樣 00:58:55：80 個市場
取樣 00:59:05：80 個市場
取樣 00:59:15：80 個市場
取樣 00:59:20：80 個市場
取樣 00:59:25：80 個市場
取樣 00:59:30：80 個市場
取樣 00:59:35：80 個市場
取樣 00:59:40：80 個市場
取樣 00:59:45：80 個市場
取樣 00:59:50：80 個市場
取樣 00:59:55：80 個市場
取樣 01:00:00：80 個市場
取樣 01:00:10：80 個市場
取樣 01:00:15：80 個市場
取樣 01:00:20：80 個市場
取樣 01:00:25：80 個市場
取樣 01:00:30：80 個市場
取樣 01:00:35：80 個市場
取樣 01:00:45：80 個市場
取樣 01:00:55：80 個市場
取樣 01:01:00：80 個市場
取樣 01:01:10：80 個市場
取樣 01:01:15：80 個市場
取樣 01:01:20：80 個市場
取樣 01:01:25：80 個市場
取樣 01:01:30：80 個市場
取樣 01:01:35：80 個市場
取樣 01:01:40：80 個市場
取樣 01:01:45：80 個市場
取樣 01:01:50：80 個市場
取樣 01:01:55：80 個市場
取樣 01:02:00：80 個市場
取樣 01:02:05：80 個市場
取樣 01:02:10：80 個市場
取樣 01:02:15：80 個市場
取樣 01:02:20：80 個市場
取樣 01:02:25：80 個市場
取樣 01:02:30：80 個市場
取樣 01:02:35：80 個市場
取樣 01:02:40：80 個市場
取樣 01:02:45：80 個市場
取樣 01:02:50：80 個市場
取樣 01:02:55：80 個市場
取樣 01:03:00：80 個市場
取樣 01:03:05：80 個市場
取樣 01:03:10：80 個市場
取樣 01:03:15：80 個市場
取樣 01:03:20：80 個市場
取樣 01:03:25：80 個市場
取樣 01:03:30：80 個市場
取樣 01:03:35：80 個市場
取樣 01:03:40：80 個市場
取樣 01:03:45：80 個市場
取樣 01:03:50：80 個市場
取樣 01:03:55：80 個市場
取樣 01:04:00：80 個市場
取樣 01:04:05：80 個市場
取樣 01:04:10：80 個市場
取樣 01:04:15：80 個市場
取樣 01:04:25：80 個市場
取樣 01:04:35：80 個市場
取樣 01:04:40：80 個市場
取樣 01:04:45：80 個市場
取樣 01:04:50：80 個市場
取樣 01:04:55：80 個市場
取樣 01:05:05：80 個市場
取樣 01:05:10：80 個市場
取樣 01:05:15：80 個市場
取樣 01:05:20：80 個市場
取樣 01:05:25：80 個市場
取樣 01:05:35：80 個市場
取樣 01:05:40：80 個市場
取樣 01:05:45：80 個市場
取樣 01:05:50：80 個市場
取樣 01:05:55：80 個市場
取樣 01:06:00：80 個市場
WS 例外：no close frame received or sent
WS 斷線，第 1 次重連
取樣 01:06:05：80 個市場
取樣 01:06:10：80 個市場
取樣 01:06:20：80 個市場
取樣 01:06:25：80 個市場
取樣 01:06:30：80 個市場
取樣 01:06:40：80 個市場
取樣 01:06:45：80 個市場
取樣 01:06:50：80 個市場
取樣 01:06:55：80 個市場
取樣 01:07:00：80 個市場
取樣 01:07:05：80 個市場
取樣 01:07:10：80 個市場
取樣 01:07:20：80 個市場
取樣 01:07:25：80 個市場
取樣 01:07:30：80 個市場
取樣 01:07:35：80 個市場
取樣 01:07:40：80 個市場
取樣 01:07:45：80 個市場
取樣 01:07:50：80 個市場
取樣 01:07:55：80 個市場
取樣 01:08:00：80 個市場
取樣 01:08:05：80 個市場
取樣 01:08:15：80 個市場
取樣 01:08:20：80 個市場
取樣 01:08:25：80 個市場
取樣 01:08:35：80 個市場
取樣 01:08:40：80 個市場
取樣 01:08:45：80 個市場
取樣 01:08:55：80 個市場
取樣 01:09:05：80 個市場
取樣 01:09:15：80 個市場
取樣 01:09:25：80 個市場
取樣 01:09:35：80 個市場
取樣 01:09:40：80 個市場
取樣 01:09:45：80 個市場
取樣 01:09:55：80 個市場
取樣 01:10:00：80 個市場
取樣 01:10:10：80 個市場
取樣 01:10:20：80 個市場
取樣 01:10:30：80 個市場
取樣 01:10:40：80 個市場
取樣 01:10:45：80 個市場
取樣 01:10:55：80 個市場
取樣 01:10:59：80 個市場
取樣 01:11:05：80 個市場
取樣 01:11:15：80 個市場
取樣 01:11:20：80 個市場
取樣 01:11:30：80 個市場
取樣 01:11:35：80 個市場
取樣 01:11:40：80 個市場
取樣 01:11:45：80 個市場
取樣 01:11:50：80 個市場
取樣 01:12:00：80 個市場
取樣 01:12:05：80 個市場
取樣 01:12:10：80 個市場
取樣 01:12:20：80 個市場
取樣 01:12:30：80 個市場
取樣 01:12:40：80 個市場
取樣 01:12:50：80 個市場
取樣 01:13:00：80 個市場
取樣 01:13:04：80 個市場
取樣 01:13:09：80 個市場
取樣 01:13:14：80 個市場
取樣 01:13:20：80 個市場
取樣 01:13:30：80 個市場
取樣 01:13:35：80 個市場
取樣 01:13:40：80 個市場
取樣 01:13:45：80 個市場
取樣 01:13:55：80 個市場
取樣 01:14:00：80 個市場
取樣 01:14:05：80 個市場
取樣 01:14:10：80 個市場
取樣 01:14:15：80 個市場
取樣 01:14:20：80 個市場
取樣 01:14:25：80 個市場
取樣 01:14:30：80 個市場
取樣 01:14:35：80 個市場
取樣 01:14:40：80 個市場
取樣 01:14:50：80 個市場
取樣 01:14:55：80 個市場
取樣 01:15:00：80 個市場
取樣 01:15:05：80 個市場
取樣 01:15:10：80 個市場
取樣 01:15:15：80 個市場
取樣 01:15:20：80 個市場
取樣 01:15:25：80 個市場
取樣 01:15:30：80 個市場
取樣 01:15:35：80 個市場
取樣 01:15:40：80 個市場
取樣 01:15:45：80 個市場
取樣 01:15:50：80 個市場
取樣 01:15:55：80 個市場
取樣 01:16:05：80 個市場
取樣 01:16:10：80 個市場
取樣 01:16:15：80 個市場
取樣 01:16:20：80 個市場
取樣 01:16:25：80 個市場
取樣 01:16:30：80 個市場
取樣 01:16:35：80 個市場
取樣 01:16:40：80 個市場
取樣 01:16:45：80 個市場
取樣 01:16:50：80 個市場
取樣 01:16:55：80 個市場
取樣 01:17:00：80 個市場
取樣 01:17:05：80 個市場
取樣 01:17:10：80 個市場
取樣 01:17:15：80 個市場
取樣 01:17:20：80 個市場
取樣 01:17:25：80 個市場
取樣 01:17:30：80 個市場
取樣 01:17:35：80 個市場
取樣 01:17:40：80 個市場
取樣 01:17:45：80 個市場
取樣 01:17:50：80 個市場
取樣 01:18:00：80 個市場
取樣 01:18:05：80 個市場
取樣 01:18:10：80 個市場
取樣 01:18:15：80 個市場
取樣 01:18:20：80 個市場
取樣 01:18:25：80 個市場
取樣 01:18:30：80 個市場
取樣 01:18:35：80 個市場
取樣 01:18:40：80 個市場
取樣 01:18:45：80 個市場
取樣 01:18:50：80 個市場
取樣 01:18:55：80 個市場
取樣 01:19:05：80 個市場
取樣 01:19:10：80 個市場
取樣 01:19:15：80 個市場
取樣 01:19:20：80 個市場
取樣 01:19:25：80 個市場
取樣 01:19:30：80 個市場
取樣 01:19:35：80 個市場
取樣 01:19:40：80 個市場
取樣 01:19:45：80 個市場
取樣 01:19:50：80 個市場
取樣 01:19:55：80 個市場
取樣 01:20:00：80 個市場
取樣 01:20:05：80 個市場
取樣 01:20:10：80 個市場
取樣 01:20:15：80 個市場
取樣 01:20:25：80 個市場
取樣 01:20:30：80 個市場
取樣 01:20:35：80 個市場
取樣 01:20:40：80 個市場
取樣 01:20:45：80 個市場
取樣 01:20:50：80 個市場
取樣 01:21:00：80 個市場
取樣 01:21:05：80 個市場
取樣 01:21:10：80 個市場
取樣 01:21:15：80 個市場
取樣 01:21:20：80 個市場
取樣 01:21:25：80 個市場
取樣 01:21:30：80 個市場
取樣 01:21:40：80 個市場
取樣 01:21:45：80 個市場
取樣 01:21:50：80 個市場
取樣 01:22:00：80 個市場
取樣 01:22:05：80 個市場
取樣 01:22:10：80 個市場
取樣 01:22:15：80 個市場
取樣 01:22:20：80 個市場
取樣 01:22:30：80 個市場
取樣 01:22:35：80 個市場
取樣 01:22:40：80 個市場
取樣 01:22:45：80 個市場
取樣 01:22:50：80 個市場
取樣 01:22:55：80 個市場
取樣 01:23:00：80 個市場
取樣 01:23:10：80 個市場
取樣 01:23:15：80 個市場
取樣 01:23:25：80 個市場
取樣 01:23:30：80 個市場
取樣 01:23:40：80 個市場
取樣 01:23:50：80 個市場
取樣 01:23:59：80 個市場
取樣 01:24:04：80 個市場
取樣 01:24:09：80 個市場
取樣 01:24:15：80 個市場
取樣 01:24:20：80 個市場
取樣 01:24:25：80 個市場
取樣 01:24:30：80 個市場
取樣 01:24:40：80 個市場
取樣 01:24:50：80 個市場
取樣 01:24:55：80 個市場
取樣 01:25:05：80 個市場
取樣 01:25:15：80 個市場
取樣 01:25:20：80 個市場
取樣 01:25:30：80 個市場
取樣 01:25:39：80 個市場
取樣 01:25:44：80 個市場
取樣 01:25:49：80 個市場
取樣 01:25:55：80 個市場
取樣 01:26:00：80 個市場
取樣 01:26:05：80 個市場
取樣 01:26:10：80 個市場
取樣 01:26:15：80 個市場
取樣 01:26:25：80 個市場
取樣 01:26:30：80 個市場
取樣 01:26:35：80 個市場
取樣 01:26:45：80 個市場
取樣 01:26:55：80 個市場
取樣 01:27:00：80 個市場
取樣 01:27:10：80 個市場
取樣 01:27:15：80 個市場
取樣 01:27:20：80 個市場
取樣 01:27:30：80 個市場
取樣 01:27:35：80 個市場
取樣 01:27:40：80 個市場
取樣 01:27:45：80 個市場
取樣 01:27:50：80 個市場
取樣 01:27:55：80 個市場
取樣 01:28:05：80 個市場
取樣 01:28:10：80 個市場
取樣 01:28:15：80 個市場
取樣 01:28:20：80 個市場
取樣 01:28:25：80 個市場
取樣 01:28:30：80 個市場
取樣 01:28:35：80 個市場
取樣 01:28:45：80 個市場
取樣 01:28:50：80 個市場
取樣 01:28:55：80 個市場
取樣 01:29:00：80 個市場
取樣 01:29:05：80 個市場
取樣 01:29:10：80 個市場
取樣 01:29:15：80 個市場
取樣 01:29:20：80 個市場
取樣 01:29:25：80 個市場
取樣 01:29:30：80 個市場
取樣 01:29:35：80 個市場
取樣 01:29:40：80 個市場
取樣 01:29:45：80 個市場
取樣 01:29:50：80 個市場
取樣 01:29:55：80 個市場
取樣 01:30:00：80 個市場
取樣 01:30:05：80 個市場
取樣 01:30:10：80 個市場
取樣 01:30:15：80 個市場
取樣 01:30:20：80 個市場
取樣 01:30:25：80 個市場
取樣 01:30:30：80 個市場
取樣 01:30:35：80 個市場
取樣 01:30:40：80 個市場
取樣 01:30:45：80 個市場
取樣 01:30:50：80 個市場
取樣 01:30:55：80 個市場
取樣 01:31:00：80 個市場
取樣 01:31:05：80 個市場
取樣 01:31:10：80 個市場
取樣 01:31:15：80 個市場
取樣 01:31:20：80 個市場
取樣 01:31:25：80 個市場
取樣 01:31:30：80 個市場
取樣 01:31:35：80 個市場
取樣 01:31:40：80 個市場
取樣 01:31:50：80 個市場
取樣 01:31:55：80 個市場
取樣 01:32:00：80 個市場
取樣 01:32:05：80 個市場
取樣 01:32:10：80 個市場
取樣 01:32:15：80 個市場
取樣 01:32:20：80 個市場
取樣 01:32:25：80 個市場
取樣 01:32:30：80 個市場
取樣 01:32:35：80 個市場
取樣 01:32:40：80 個市場
取樣 01:32:45：80 個市場
取樣 01:32:50：80 個市場
取樣 01:32:55：80 個市場
取樣 01:33:00：80 個市場
取樣 01:33:05：80 個市場
取樣 01:33:10：80 個市場
取樣 01:33:15：80 個市場
取樣 01:33:20：80 個市場
取樣 01:33:30：80 個市場
取樣 01:33:35：80 個市場
取樣 01:33:40：80 個市場
取樣 01:33:45：80 個市場
取樣 01:33:50：80 個市場
取樣 01:33:55：80 個市場
取樣 01:34:00：80 個市場
取樣 01:34:05：80 個市場
取樣 01:34:15：80 個市場
取樣 01:34:20：80 個市場
取樣 01:34:25：80 個市場
取樣 01:34:30：80 個市場
取樣 01:34:35：80 個市場
取樣 01:34:40：80 個市場
取樣 01:34:45：80 個市場
取樣 01:34:50：80 個市場
取樣 01:34:55：80 個市場
取樣 01:35:00：80 個市場
取樣 01:35:05：80 個市場
取樣 01:35:10：80 個市場
取樣 01:35:15：80 個市場
取樣 01:35:20：80 個市場
取樣 01:35:30：80 個市場
取樣 01:35:35：80 個市場
取樣 01:35:40：80 個市場
取樣 01:35:45：80 個市場
取樣 01:35:50：80 個市場
取樣 01:35:55：80 個市場
取樣 01:36:00：80 個市場
取樣 01:36:05：80 個市場
取樣 01:36:10：80 個市場
取樣 01:36:20：80 個市場
取樣 01:36:25：80 個市場
取樣 01:36:30：80 個市場
取樣 01:36:40：80 個市場
取樣 01:36:45：80 個市場
取樣 01:36:55：80 個市場
取樣 01:37:00：80 個市場
取樣 01:37:05：80 個市場
取樣 01:37:15：80 個市場
取樣 01:37:20：80 個市場
取樣 01:37:25：80 個市場
取樣 01:37:30：80 個市場
取樣 01:37:35：80 個市場
取樣 01:37:40：80 個市場
取樣 01:37:45：80 個市場
取樣 01:37:50：80 個市場
取樣 01:37:55：80 個市場
取樣 01:38:00：80 個市場
取樣 01:38:05：80 個市場
取樣 01:38:10：80 個市場
取樣 01:38:15：80 個市場
取樣 01:38:20：80 個市場
取樣 01:38:25：80 個市場
取樣 01:38:35：80 個市場
取樣 01:38:40：80 個市場
取樣 01:38:50：80 個市場
取樣 01:38:55：80 個市場
取樣 01:39:00：80 個市場
取樣 01:39:05：80 個市場
取樣 01:39:15：80 個市場
取樣 01:39:20：80 個市場
取樣 01:39:25：80 個市場
取樣 01:39:30：80 個市場
取樣 01:39:35：80 個市場
取樣 01:39:45：80 個市場
取樣 01:39:55：80 個市場
取樣 01:40:00：80 個市場
取樣 01:40:10：80 個市場
取樣 01:40:15：80 個市場
取樣 01:40:25：80 個市場
取樣 01:40:30：80 個市場
取樣 01:40:35：80 個市場
取樣 01:40:40：80 個市場
取樣 01:40:45：80 個市場
取樣 01:40:50：80 個市場
取樣 01:40:55：80 個市場
取樣 01:41:00：80 個市場
取樣 01:41:05：80 個市場
取樣 01:41:10：80 個市場
取樣 01:41:15：80 個市場
取樣 01:41:25：80 個市場
取樣 01:41:35：80 個市場
取樣 01:41:45：80 個市場
取樣 01:41:50：80 個市場
取樣 01:41:55：80 個市場
取樣 01:42:00：80 個市場
取樣 01:42:05：80 個市場
取樣 01:42:10：80 個市場
取樣 01:42:15：80 個市場
取樣 01:42:20：80 個市場
取樣 01:42:25：80 個市場
取樣 01:42:30：80 個市場
取樣 01:42:35：80 個市場
取樣 01:42:40：80 個市場
取樣 01:42:45：80 個市場
取樣 01:42:50：80 個市場
取樣 01:42:55：80 個市場
取樣 01:43:00：80 個市場
取樣 01:43:05：80 個市場
取樣 01:43:10：80 個市場
取樣 01:43:15：80 個市場
取樣 01:43:20：80 個市場
取樣 01:43:25：80 個市場
取樣 01:43:30：80 個市場
取樣 01:43:35：80 個市場
取樣 01:43:40：80 個市場
取樣 01:43:45：80 個市場
取樣 01:43:50：80 個市場
取樣 01:43:55：80 個市場
取樣 01:44:00：80 個市場
取樣 01:44:05：80 個市場
取樣 01:44:10：80 個市場
取樣 01:44:15：80 個市場
取樣 01:44:20：80 個市場
取樣 01:44:25：80 個市場
取樣 01:44:30：80 個市場
取樣 01:44:35：80 個市場
取樣 01:44:40：80 個市場
取樣 01:44:50：80 個市場
取樣 01:44:55：80 個市場
取樣 01:45:00：80 個市場
取樣 01:45:05：80 個市場
取樣 01:45:10：80 個市場
取樣 01:45:15：80 個市場
取樣 01:45:20：80 個市場
取樣 01:45:25：80 個市場
取樣 01:45:35：80 個市場
取樣 01:45:40：80 個市場
取樣 01:45:45：80 個市場
取樣 01:45:55：80 個市場
取樣 01:46:00：80 個市場
取樣 01:46:05：80 個市場
取樣 01:46:10：80 個市場
取樣 01:46:15：80 個市場
取樣 01:46:20：80 個市場
取樣 01:46:25：80 個市場
取樣 01:46:30：80 個市場
取樣 01:46:35：80 個市場
取樣 01:46:40：80 個市場
取樣 01:46:45：80 個市場
取樣 01:46:50：80 個市場
取樣 01:46:55：80 個市場
取樣 01:47:00：80 個市場
取樣 01:47:10：80 個市場
取樣 01:47:15：80 個市場
取樣 01:47:20：80 個市場
取樣 01:47:25：80 個市場
取樣 01:47:30：80 個市場
取樣 01:47:35：80 個市場
取樣 01:47:40：80 個市場
取樣 01:47:45：80 個市場
取樣 01:47:50：80 個市場
取樣 01:47:55：80 個市場
取樣 01:48:00：80 個市場
取樣 01:48:05：80 個市場
取樣 01:48:10：80 個市場
取樣 01:48:15：80 個市場
取樣 01:48:25：80 個市場
取樣 01:48:30：80 個市場
取樣 01:48:40：80 個市場
取樣 01:48:45：80 個市場
取樣 01:48:50：80 個市場
取樣 01:48:55：80 個市場
取樣 01:49:00：80 個市場
取樣 01:49:05：80 個市場
取樣 01:49:15：80 個市場
取樣 01:49:20：80 個市場
取樣 01:49:25：80 個市場
取樣 01:49:30：80 個市場
取樣 01:49:39：80 個市場
取樣 01:49:45：80 個市場
取樣 01:49:50：80 個市場
取樣 01:50:00：80 個市場
取樣 01:50:05：80 個市場
取樣 01:50:10：80 個市場
取樣 01:50:15：80 個市場
取樣 01:50:20：80 個市場
取樣 01:50:29：80 個市場
取樣 01:50:35：80 個市場
取樣 01:50:45：80 個市場
取樣 01:50:50：80 個市場
取樣 01:50:55：80 個市場
取樣 01:51:00：80 個市場
取樣 01:51:05：80 個市場
取樣 01:51:15：80 個市場
取樣 01:51:25：80 個市場
取樣 01:51:30：80 個市場
取樣 01:51:40：80 個市場
取樣 01:51:45：80 個市場
取樣 01:51:50：80 個市場
取樣 01:51:55：80 個市場
取樣 01:52:00：80 個市場
取樣 01:52:05：80 個市場
取樣 01:52:15：80 個市場
取樣 01:52:20：80 個市場
取樣 01:52:30：80 個市場
取樣 01:52:40：80 個市場
取樣 01:52:45：80 個市場
取樣 01:52:50：80 個市場
取樣 01:52:55：80 個市場
取樣 01:53:00：80 個市場
取樣 01:53:05：80 個市場
取樣 01:53:15：80 個市場
取樣 01:53:20：80 個市場
取樣 01:53:30：80 個市場
取樣 01:53:40：80 個市場
取樣 01:53:45：80 個市場
取樣 01:53:50：80 個市場
取樣 01:53:55：80 個市場
取樣 01:54:00：80 個市場
取樣 01:54:10：80 個市場
取樣 01:54:20：80 個市場
取樣 01:54:30：80 個市場
取樣 01:54:35：80 個市場
取樣 01:54:45：80 個市場
取樣 01:54:50：80 個市場
取樣 01:54:55：80 個市場
取樣 01:55:05：80 個市場
取樣 01:55:15：80 個市場
取樣 01:55:25：80 個市場
取樣 01:55:30：80 個市場
取樣 01:55:40：80 個市場
取樣 01:55:50：80 個市場
取樣 01:55:55：80 個市場
取樣 01:56:05：80 個市場
取樣 01:56:10：80 個市場
取樣 01:56:15：80 個市場
取樣 01:56:20：80 個市場
取樣 01:56:25：80 個市場
取樣 01:56:30：80 個市場
取樣 01:56:35：80 個市場
取樣 01:56:40：80 個市場
取樣 01:56:45：80 個市場
取樣 01:56:55：80 個市場
取樣 01:57:00：80 個市場
取樣 01:57:05：80 個市場
取樣 01:57:10：80 個市場
取樣 01:57:15：80 個市場
取樣 01:57:20：80 個市場
取樣 01:57:25：80 個市場
取樣 01:57:30：80 個市場
取樣 01:57:35：80 個市場
取樣 01:57:40：80 個市場
取樣 01:57:45：80 個市場
取樣 01:57:55：80 個市場
取樣 01:58:00：80 個市場
取樣 01:58:05：80 個市場
取樣 01:58:10：80 個市場
取樣 01:58:15：80 個市場
取樣 01:58:20：80 個市場
取樣 01:58:25：80 個市場
取樣 01:58:30：80 個市場
取樣 01:58:35：80 個市場
取樣 01:58:40：80 個市場
取樣 01:58:45：80 個市場
取樣 01:58:50：80 個市場
取樣 01:58:55：80 個市場
取樣 01:59:00：80 個市場
取樣 01:59:05：80 個市場
取樣 01:59:10：80 個市場
取樣 01:59:15：80 個市場
取樣 01:59:20：80 個市場
取樣 01:59:25：80 個市場
取樣 01:59:35：80 個市場
取樣 01:59:40：80 個市場
取樣 01:59:45：80 個市場
取樣 01:59:50：80 個市場
取樣 01:59:55：80 個市場
取樣 02:00:00：80 個市場
取樣 02:00:05：80 個市場
取樣 02:00:15：80 個市場
取樣 02:00:20：80 個市場
取樣 02:00:25：80 個市場
取樣 02:00:30：80 個市場
取樣 02:00:35：80 個市場
取樣 02:00:40：80 個市場
取樣 02:00:45：80 個市場
取樣 02:00:50：80 個市場
取樣 02:00:55：80 個市場
取樣 02:01:00：80 個市場
取樣 02:01:05：80 個市場
取樣 02:01:10：80 個市場
取樣 02:01:15：80 個市場
取樣 02:01:20：80 個市場
取樣 02:01:25：80 個市場
取樣 02:01:30：80 個市場
取樣 02:01:35：80 個市場
取樣 02:01:40：80 個市場
取樣 02:01:50：80 個市場
取樣 02:01:55：80 個市場
取樣 02:02:00：80 個市場
取樣 02:02:05：80 個市場
取樣 02:02:10：80 個市場
取樣 02:02:15：80 個市場
取樣 02:02:20：80 個市場
取樣 02:02:25：80 個市場
取樣 02:02:35：80 個市場
取樣 02:02:40：80 個市場
取樣 02:02:45：80 個市場
取樣 02:02:50：80 個市場
取樣 02:03:00：80 個市場
取樣 02:03:10：80 個市場
取樣 02:03:15：80 個市場
取樣 02:03:20：80 個市場
取樣 02:03:25：80 個市場
取樣 02:03:30：80 個市場
取樣 02:03:35：80 個市場
取樣 02:03:40：80 個市場
取樣 02:03:45：80 個市場
取樣 02:03:55：80 個市場
取樣 02:04:05：80 個市場
取樣 02:04:10：80 個市場
取樣 02:04:15：80 個市場
取樣 02:04:20：80 個市場
取樣 02:04:25：80 個市場
取樣 02:04:30：80 個市場
取樣 02:04:35：80 個市場
取樣 02:04:45：80 個市場
取樣 02:04:50：80 個市場
取樣 02:05:00：80 個市場
取樣 02:05:05：80 個市場
取樣 02:05:10：80 個市場
取樣 02:05:15：80 個市場
取樣 02:05:25：80 個市場
取樣 02:05:30：80 個市場
取樣 02:05:35：80 個市場
取樣 02:05:45：80 個市場
取樣 02:05:50：80 個市場
取樣 02:06:00：80 個市場
取樣 02:06:05：80 個市場
取樣 02:06:10：80 個市場
取樣 02:06:15：80 個市場
取樣 02:06:20：80 個市場
取樣 02:06:25：80 個市場
取樣 02:06:30：80 個市場
取樣 02:06:35：80 個市場
取樣 02:06:40：80 個市場
取樣 02:06:45：80 個市場
取樣 02:06:55：80 個市場
取樣 02:07:00：80 個市場
取樣 02:07:05：80 個市場
取樣 02:07:10：80 個市場
取樣 02:07:15：80 個市場
取樣 02:07:20：80 個市場
取樣 02:07:30：80 個市場
取樣 02:07:35：80 個市場
取樣 02:07:40：80 個市場
取樣 02:07:50：80 個市場
取樣 02:07:55：80 個市場
取樣 02:08:05：80 個市場
取樣 02:08:10：80 個市場
取樣 02:08:15：80 個市場
取樣 02:08:25：80 個市場
取樣 02:08:35：80 個市場
取樣 02:08:45：80 個市場
取樣 02:08:50：80 個市場
取樣 02:09:00：80 個市場
取樣 02:09:10：80 個市場
取樣 02:09:15：80 個市場
取樣 02:09:20：80 個市場
取樣 02:09:25：80 個市場
取樣 02:09:30：80 個市場
取樣 02:09:35：80 個市場
取樣 02:09:40：80 個市場
取樣 02:09:45：80 個市場
取樣 02:09:55：80 個市場
取樣 02:10:00：80 個市場
取樣 02:10:10：80 個市場
取樣 02:10:15：80 個市場
取樣 02:10:20：80 個市場
取樣 02:10:25：80 個市場
取樣 02:10:35：80 個市場
取樣 02:10:40：80 個市場
取樣 02:10:50：80 個市場
取樣 02:10:55：80 個市場
取樣 02:11:00：80 個市場
取樣 02:11:05：80 個市場
取樣 02:11:10：80 個市場
取樣 02:11:15：80 個市場
取樣 02:11:20：80 個市場
取樣 02:11:25：80 個市場
取樣 02:11:30：80 個市場
取樣 02:11:35：80 個市場
取樣 02:11:40：80 個市場
取樣 02:11:45：80 個市場
取樣 02:11:50：80 個市場
取樣 02:11:55：80 個市場
取樣 02:12:00：80 個市場
取樣 02:12:05：80 個市場
取樣 02:12:10：80 個市場
取樣 02:12:15：80 個市場
取樣 02:12:20：80 個市場
取樣 02:12:25：80 個市場
取樣 02:12:30：80 個市場
取樣 02:12:35：80 個市場
取樣 02:12:45：80 個市場
取樣 02:12:50：80 個市場
取樣 02:12:55：80 個市場
取樣 02:13:00：80 個市場
取樣 02:13:05：80 個市場
取樣 02:13:10：80 個市場
取樣 02:13:15：80 個市場
取樣 02:13:20：80 個市場
取樣 02:13:25：80 個市場
取樣 02:13:30：80 個市場
取樣 02:13:35：80 個市場
取樣 02:13:40：80 個市場
取樣 02:13:45：80 個市場
取樣 02:13:50：80 個市場
取樣 02:13:55：80 個市場
取樣 02:14:00：80 個市場
取樣 02:14:05：80 個市場
取樣 02:14:10：80 個市場
取樣 02:14:15：80 個市場
取樣 02:14:20：80 個市場
取樣 02:14:25：80 個市場
取樣 02:14:30：80 個市場
取樣 02:14:35：80 個市場
取樣 02:14:40：80 個市場
取樣 02:14:45：80 個市場
取樣 02:14:50：80 個市場
取樣 02:14:55：80 個市場
取樣 02:15:00：80 個市場
取樣 02:15:05：80 個市場
取樣 02:15:10：80 個市場
取樣 02:15:15：80 個市場
取樣 02:15:20：80 個市場
取樣 02:15:25：80 個市場
取樣 02:15:30：80 個市場
取樣 02:15:35：80 個市場
取樣 02:15:40：80 個市場
取樣 02:15:45：80 個市場
取樣 02:15:50：80 個市場
取樣 02:15:55：80 個市場
取樣 02:16:00：80 個市場
取樣 02:16:05：80 個市場
取樣 02:16:10：80 個市場
取樣 02:16:15：80 個市場
取樣 02:16:20：80 個市場
取樣 02:16:25：80 個市場
取樣 02:16:30：80 個市場
取樣 02:16:35：80 個市場
取樣 02:16:40：80 個市場
取樣 02:16:45：80 個市場
取樣 02:16:50：80 個市場
取樣 02:16:55：80 個市場
取樣 02:17:00：80 個市場
取樣 02:17:05：80 個市場
取樣 02:17:10：80 個市場
取樣 02:17:15：80 個市場
取樣 02:17:20：80 個市場
取樣 02:17:25：80 個市場
取樣 02:17:30：80 個市場
取樣 02:17:35：80 個市場
取樣 02:17:40：80 個市場
取樣 02:17:45：80 個市場
取樣 02:17:50：80 個市場
取樣 02:18:00：80 個市場
取樣 02:18:05：80 個市場
取樣 02:18:10：80 個市場
取樣 02:18:15：80 個市場
取樣 02:18:20：80 個市場
取樣 02:18:25：80 個市場
取樣 02:18:30：80 個市場
取樣 02:18:35：80 個市場
取樣 02:18:40：80 個市場
取樣 02:18:50：80 個市場
取樣 02:19:00：80 個市場
取樣 02:19:05：80 個市場
取樣 02:19:10：80 個市場
取樣 02:19:15：80 個市場
取樣 02:19:20：80 個市場
取樣 02:19:30：80 個市場
取樣 02:19:35：80 個市場
取樣 02:19:40：80 個市場
取樣 02:19:45：80 個市場
取樣 02:19:50：80 個市場
取樣 02:19:55：80 個市場
取樣 02:20:00：80 個市場
取樣 02:20:05：80 個市場
取樣 02:20:10：80 個市場
取樣 02:20:15：80 個市場
取樣 02:20:25：80 個市場
取樣 02:20:30：80 個市場
取樣 02:20:35：80 個市場
取樣 02:20:40：80 個市場
取樣 02:20:45：80 個市場
取樣 02:20:55：80 個市場
取樣 02:21:00：80 個市場
取樣 02:21:05：80 個市場
取樣 02:21:15：80 個市場
取樣 02:21:25：80 個市場
取樣 02:21:30：80 個市場
取樣 02:21:35：80 個市場
取樣 02:21:40：80 個市場
取樣 02:21:45：80 個市場
取樣 02:21:50：80 個市場
取樣 02:21:55：80 個市場
取樣 02:22:05：80 個市場
取樣 02:22:10：80 個市場
取樣 02:22:20：80 個市場
取樣 02:22:25：80 個市場
取樣 02:22:30：80 個市場
取樣 02:22:35：80 個市場
取樣 02:22:40：80 個市場
取樣 02:22:45：80 個市場
取樣 02:22:50：80 個市場
取樣 02:22:55：80 個市場
取樣 02:23:00：80 個市場
取樣 02:23:10：80 個市場
取樣 02:23:15：80 個市場
取樣 02:23:20：80 個市場
取樣 02:23:25：80 個市場
取樣 02:23:30：80 個市場
取樣 02:23:35：80 個市場
取樣 02:23:40：80 個市場
取樣 02:23:45：80 個市場
取樣 02:23:50：80 個市場
取樣 02:23:55：80 個市場
取樣 02:24:00：80 個市場
取樣 02:24:05：80 個市場
取樣 02:24:10：80 個市場
取樣 02:24:15：80 個市場
取樣 02:24:20：80 個市場
取樣 02:24:25：80 個市場
取樣 02:24:30：80 個市場
取樣 02:24:35：80 個市場
取樣 02:24:40：80 個市場
取樣 02:24:45：80 個市場
取樣 02:24:50：80 個市場
取樣 02:24:55：80 個市場
取樣 02:25:00：80 個市場
取樣 02:25:05：80 個市場
取樣 02:25:10：80 個市場
取樣 02:25:15：80 個市場
取樣 02:25:20：80 個市場
取樣 02:25:25：80 個市場
取樣 02:25:30：80 個市場
取樣 02:25:35：80 個市場
取樣 02:25:40：80 個市場
取樣 02:25:45：80 個市場
取樣 02:25:50：80 個市場
取樣 02:25:55：80 個市場
取樣 02:26:00：80 個市場
取樣 02:26:05：80 個市場
取樣 02:26:10：80 個市場
取樣 02:26:15：80 個市場
取樣 02:26:20：80 個市場
取樣 02:26:25：80 個市場
取樣 02:26:30：80 個市場
取樣 02:26:35：80 個市場
取樣 02:26:40：80 個市場
取樣 02:26:45：80 個市場
取樣 02:26:50：80 個市場
取樣 02:26:55：80 個市場
取樣 02:27:00：80 個市場
取樣 02:27:05：80 個市場
取樣 02:27:10：80 個市場
取樣 02:27:15：80 個市場
取樣 02:27:20：80 個市場
取樣 02:27:25：80 個市場
取樣 02:27:30：80 個市場
取樣 02:27:35：80 個市場
取樣 02:27:40：80 個市場
取樣 02:27:45：80 個市場
取樣 02:27:50：80 個市場
取樣 02:27:55：80 個市場
取樣 02:28:00：80 個市場
取樣 02:28:05：80 個市場
取樣 02:28:10：80 個市場
取樣 02:28:15：80 個市場
取樣 02:28:20：80 個市場
取樣 02:28:25：80 個市場
取樣 02:28:30：80 個市場
取樣 02:28:40：80 個市場
取樣 02:28:45：80 個市場
取樣 02:28:50：80 個市場
取樣 02:28:55：80 個市場
取樣 02:29:00：80 個市場
取樣 02:29:10：80 個市場
取樣 02:29:15：80 個市場
取樣 02:29:20：80 個市場
取樣 02:29:25：80 個市場
取樣 02:29:30：80 個市場
取樣 02:29:35：80 個市場
取樣 02:29:40：80 個市場
取樣 02:29:45：80 個市場
取樣 02:29:50：80 個市場
取樣 02:29:55：80 個市場
取樣 02:30:00：80 個市場
取樣 02:30:05：80 個市場
取樣 02:30:10：80 個市場
取樣 02:30:20：80 個市場
取樣 02:30:30：80 個市場
取樣 02:30:35：80 個市場
取樣 02:30:40：80 個市場
取樣 02:30:45：80 個市場
取樣 02:30:50：80 個市場
取樣 02:30:55：80 個市場
取樣 02:31:05：80 個市場
取樣 02:31:10：80 個市場
取樣 02:31:15：80 個市場
取樣 02:31:20：80 個市場
取樣 02:31:25：80 個市場
取樣 02:31:30：80 個市場
取樣 02:31:35：80 個市場
取樣 02:31:40：80 個市場
取樣 02:31:50：80 個市場
取樣 02:31:55：80 個市場
取樣 02:32:00：80 個市場
取樣 02:32:05：80 個市場
取樣 02:32:10：80 個市場
取樣 02:32:15：80 個市場
取樣 02:32:20：80 個市場
取樣 02:32:25：80 個市場
取樣 02:32:30：80 個市場
取樣 02:32:35：80 個市場
取樣 02:32:40：80 個市場
取樣 02:32:45：80 個市場
取樣 02:32:50：80 個市場
取樣 02:32:55：80 個市場
取樣 02:33:00：80 個市場
取樣 02:33:05：80 個市場
取樣 02:33:10：80 個市場
取樣 02:33:15：80 個市場
取樣 02:33:25：80 個市場
取樣 02:33:35：80 個市場
取樣 02:33:40：80 個市場
取樣 02:33:45：80 個市場
取樣 02:33:50：80 個市場
取樣 02:34:00：80 個市場
取樣 02:34:05：80 個市場
取樣 02:34:10：80 個市場
取樣 02:34:15：80 個市場
取樣 02:34:25：80 個市場
取樣 02:34:30：80 個市場
取樣 02:34:35：80 個市場
取樣 02:34:40：80 個市場
取樣 02:34:45：80 個市場
取樣 02:34:50：80 個市場
取樣 02:35:00：80 個市場
取樣 02:35:05：80 個市場
取樣 02:35:10：80 個市場
取樣 02:35:15：80 個市場
取樣 02:35:20：80 個市場
取樣 02:35:25：80 個市場
取樣 02:35:35：80 個市場
取樣 02:35:40：80 個市場
取樣 02:35:50：80 個市場
取樣 02:36:00：80 個市場
取樣 02:36:10：80 個市場
取樣 02:36:15：80 個市場
取樣 02:36:20：80 個市場
取樣 02:36:25：80 個市場
取樣 02:36:30：80 個市場
取樣 02:36:35：80 個市場
取樣 02:36:45：80 個市場
取樣 02:36:50：80 個市場
取樣 02:36:55：80 個市場
取樣 02:37:00：80 個市場
取樣 02:37:05：80 個市場
取樣 02:37:10：80 個市場
取樣 02:37:15：80 個市場
取樣 02:37:20：80 個市場
取樣 02:37:30：80 個市場
取樣 02:37:35：80 個市場
取樣 02:37:40：80 個市場
取樣 02:37:45：80 個市場
取樣 02:37:55：80 個市場
取樣 02:38:00：80 個市場
取樣 02:38:05：80 個市場
取樣 02:38:15：80 個市場
取樣 02:38:20：80 個市場
取樣 02:38:25：80 個市場
取樣 02:38:35：80 個市場
取樣 02:38:40：80 個市場
取樣 02:38:45：80 個市場
取樣 02:38:50：80 個市場
取樣 02:38:55：80 個市場
取樣 02:39:00：80 個市場
取樣 02:39:05：80 個市場
取樣 02:39:10：80 個市場
取樣 02:39:15：80 個市場
取樣 02:39:20：80 個市場
取樣 02:39:30：80 個市場
取樣 02:39:35：80 個市場
取樣 02:39:40：80 個市場
取樣 02:39:45：80 個市場
取樣 02:39:50：80 個市場
取樣 02:40:00：80 個市場
取樣 02:40:05：80 個市場
取樣 02:40:10：80 個市場
取樣 02:40:15：80 個市場
取樣 02:40:20：80 個市場
取樣 02:40:25：80 個市場
取樣 02:40:30：80 個市場
取樣 02:40:35：80 個市場
取樣 02:40:40：80 個市場
取樣 02:40:45：80 個市場
取樣 02:40:50：80 個市場
取樣 02:40:55：80 個市場
取樣 02:41:00：80 個市場
取樣 02:41:05：80 個市場
取樣 02:41:10：80 個市場
取樣 02:41:15：80 個市場
取樣 02:41:20：80 個市場
取樣 02:41:25：80 個市場
取樣 02:41:30：80 個市場
取樣 02:41:40：80 個市場
取樣 02:41:50：80 個市場
取樣 02:42:00：80 個市場
取樣 02:42:05：80 個市場
取樣 02:42:10：80 個市場
取樣 02:42:15：80 個市場
取樣 02:42:20：80 個市場
取樣 02:42:25：80 個市場
取樣 02:42:30：80 個市場
取樣 02:42:35：80 個市場
取樣 02:42:40：80 個市場
取樣 02:42:45：80 個市場
取樣 02:42:50：80 個市場
取樣 02:42:55：80 個市場
取樣 02:43:00：80 個市場
取樣 02:43:10：80 個市場
取樣 02:43:15：80 個市場
取樣 02:43:20：80 個市場
取樣 02:43:30：80 個市場
取樣 02:43:40：80 個市場
取樣 02:43:45：80 個市場
取樣 02:43:50：80 個市場
取樣 02:43:55：80 個市場
取樣 02:44:00：80 個市場
取樣 02:44:05：80 個市場
取樣 02:44:10：80 個市場
取樣 02:44:15：80 個市場
取樣 02:44:20：80 個市場
取樣 02:44:25：80 個市場
取樣 02:44:30：80 個市場
取樣 02:44:35：80 個市場
取樣 02:44:40：80 個市場
取樣 02:44:45：80 個市場
取樣 02:44:50：80 個市場
取樣 02:44:55：80 個市場
取樣 02:45:00：80 個市場
取樣 02:45:05：80 個市場
取樣 02:45:10：80 個市場
取樣 02:45:15：80 個市場
取樣 02:45:20：80 個市場
取樣 02:45:25：80 個市場
取樣 02:45:30：80 個市場
取樣 02:45:35：80 個市場
取樣 02:45:40：80 個市場
取樣 02:45:45：80 個市場
取樣 02:45:50：80 個市場
取樣 02:45:55：80 個市場
取樣 02:46:05：80 個市場
取樣 02:46:10：80 個市場
取樣 02:46:15：80 個市場
取樣 02:46:20：80 個市場
取樣 02:46:25：80 個市場
取樣 02:46:30：80 個市場
取樣 02:46:35：80 個市場
取樣 02:46:45：80 個市場
取樣 02:46:50：80 個市場
取樣 02:46:55：80 個市場
取樣 02:47:00：80 個市場
取樣 02:47:10：80 個市場
取樣 02:47:15：80 個市場
取樣 02:47:20：80 個市場
取樣 02:47:25：80 個市場
取樣 02:47:30：80 個市場
取樣 02:47:35：80 個市場
取樣 02:47:40：80 個市場
取樣 02:47:50：80 個市場
取樣 02:47:55：80 個市場
取樣 02:48:00：80 個市場
取樣 02:48:05：80 個市場
取樣 02:48:10：80 個市場
取樣 02:48:15：80 個市場
取樣 02:48:20：80 個市場
取樣 02:48:25：80 個市場
取樣 02:48:30：80 個市場
取樣 02:48:40：80 個市場
取樣 02:48:45：80 個市場
取樣 02:48:50：80 個市場
取樣 02:49:00：80 個市場
取樣 02:49:05：80 個市場
取樣 02:49:10：80 個市場
取樣 02:49:15：80 個市場
取樣 02:49:25：80 個市場
取樣 02:49:35：80 個市場
取樣 02:49:40：80 個市場
取樣 02:49:45：80 個市場
取樣 02:49:50：80 個市場
取樣 02:49:55：80 個市場
取樣 02:50:00：80 個市場
取樣 02:50:05：80 個市場
取樣 02:50:10：80 個市場
取樣 02:50:20：80 個市場
取樣 02:50:25：80 個市場
取樣 02:50:30：80 個市場
取樣 02:50:40：80 個市場
取樣 02:50:44：80 個市場
取樣 02:50:50：80 個市場
取樣 02:51:00：80 個市場
取樣 02:51:05：80 個市場
取樣 02:51:10：80 個市場
取樣 02:51:15：80 個市場
取樣 02:51:25：80 個市場
取樣 02:51:35：80 個市場
取樣 02:51:40：80 個市場
取樣 02:51:45：80 個市場
取樣 02:51:50：80 個市場
取樣 02:52:00：80 個市場
取樣 02:52:05：80 個市場
取樣 02:52:10：80 個市場
取樣 02:52:15：80 個市場
取樣 02:52:20：80 個市場
取樣 02:52:25：80 個市場
取樣 02:52:30：80 個市場
取樣 02:52:35：80 個市場
取樣 02:52:40：80 個市場
取樣 02:52:45：80 個市場
取樣 02:52:50：80 個市場
取樣 02:52:55：80 個市場
取樣 02:53:00：80 個市場
取樣 02:53:05：80 個市場
取樣 02:53:10：80 個市場
取樣 02:53:15：80 個市場
取樣 02:53:20：80 個市場
取樣 02:53:25：80 個市場
取樣 02:53:30：80 個市場
取樣 02:53:35：80 個市場
取樣 02:53:45：80 個市場
取樣 02:53:50：80 個市場
取樣 02:53:55：80 個市場
取樣 02:54:00：80 個市場
取樣 02:54:05：80 個市場
取樣 02:54:10：80 個市場
取樣 02:54:15：80 個市場
取樣 02:54:20：80 個市場
取樣 02:54:30：80 個市場
取樣 02:54:40：80 個市場
取樣 02:54:45：80 個市場
取樣 02:54:50：80 個市場
取樣 02:54:55：80 個市場
取樣 02:55:00：80 個市場
取樣 02:55:05：80 個市場
取樣 02:55:10：80 個市場
取樣 02:55:15：80 個市場
取樣 02:55:20：80 個市場
取樣 02:55:30：80 個市場
取樣 02:55:35：80 個市場
取樣 02:55:40：80 個市場
取樣 02:55:45：80 個市場
取樣 02:55:50：80 個市場
取樣 02:55:55：80 個市場
取樣 02:56:00：80 個市場
取樣 02:56:05：80 個市場
取樣 02:56:10：80 個市場
取樣 02:56:15：80 個市場
取樣 02:56:20：80 個市場
取樣 02:56:25：80 個市場
取樣 02:56:30：80 個市場
取樣 02:56:40：80 個市場
取樣 02:56:45：80 個市場
取樣 02:56:50：80 個市場
取樣 02:56:55：80 個市場
取樣 02:57:00：80 個市場
取樣 02:57:05：80 個市場
取樣 02:57:10：80 個市場
取樣 02:57:15：80 個市場
取樣 02:57:20：80 個市場
取樣 02:57:25：80 個市場
取樣 02:57:35：80 個市場
取樣 02:57:45：80 個市場
取樣 02:57:50：80 個市場
取樣 02:57:55：80 個市場
取樣 02:58:00：80 個市場
取樣 02:58:05：80 個市場
取樣 02:58:10：80 個市場
取樣 02:58:15：80 個市場
取樣 02:58:20：80 個市場
取樣 02:58:25：80 個市場
取樣 02:58:30：80 個市場
取樣 02:58:35：80 個市場
取樣 02:58:40：80 個市場
取樣 02:58:45：80 個市場
取樣 02:58:50：80 個市場
取樣 02:58:55：80 個市場
取樣 02:59:00：80 個市場
取樣 02:59:10：80 個市場
取樣 02:59:15：80 個市場
取樣 02:59:20：80 個市場
取樣 02:59:25：80 個市場
取樣 02:59:30：80 個市場
取樣 02:59:35：80 個市場
取樣 02:59:40：80 個市場
取樣 02:59:45：80 個市場
取樣 02:59:50：80 個市場
取樣 02:59:55：80 個市場
取樣 03:00:00：80 個市場
取樣 03:00:05：80 個市場
取樣 03:00:10：80 個市場
取樣 03:00:15：80 個市場
取樣 03:00:20：80 個市場
取樣 03:00:25：80 個市場
取樣 03:00:35：80 個市場
取樣 03:00:40：80 個市場
取樣 03:00:45：80 個市場
取樣 03:00:50：80 個市場
取樣 03:00:55：80 個市場
取樣 03:01:00：80 個市場
取樣 03:01:10：80 個市場
取樣 03:01:15：80 個市場
取樣 03:01:20：80 個市場
取樣 03:01:25：80 個市場
取樣 03:01:30：80 個市場
取樣 03:01:35：80 個市場
取樣 03:01:40：80 個市場
取樣 03:01:45：80 個市場
取樣 03:01:55：80 個市場
取樣 03:02:00：80 個市場
取樣 03:02:05：80 個市場
取樣 03:02:10：80 個市場
取樣 03:02:15：80 個市場
取樣 03:02:20：80 個市場
取樣 03:02:30：80 個市場
取樣 03:02:35：80 個市場
取樣 03:02:40：80 個市場
取樣 03:02:45：80 個市場
取樣 03:02:50：80 個市場
取樣 03:03:00：80 個市場
取樣 03:03:05：80 個市場
取樣 03:03:10：80 個市場
取樣 03:03:15：80 個市場
取樣 03:03:25：80 個市場
取樣 03:03:30：80 個市場
取樣 03:03:35：80 個市場
取樣 03:03:40：80 個市場
取樣 03:03:45：80 個市場
取樣 03:03:50：80 個市場
取樣 03:03:55：80 個市場
取樣 03:04:00：80 個市場
取樣 03:04:05：80 個市場
取樣 03:04:10：80 個市場
取樣 03:04:20：80 個市場
取樣 03:04:25：80 個市場
取樣 03:04:35：80 個市場
取樣 03:04:40：80 個市場
取樣 03:04:45：80 個市場
取樣 03:04:50：80 個市場
取樣 03:04:55：80 個市場
取樣 03:05:04：80 個市場
取樣 03:05:09：80 個市場
取樣 03:05:15：80 個市場
取樣 03:05:20：80 個市場
取樣 03:05:25：80 個市場
取樣 03:05:35：80 個市場
取樣 03:05:40：80 個市場
取樣 03:05:50：80 個市場
取樣 03:05:55：80 個市場
取樣 03:06:05：80 個市場
取樣 03:06:10：80 個市場
取樣 03:06:15：80 個市場
取樣 03:06:20：80 個市場
取樣 03:06:25：80 個市場
取樣 03:06:30：80 個市場
取樣 03:06:40：80 個市場
取樣 03:06:45：80 個市場
取樣 03:06:50：80 個市場
取樣 03:06:55：80 個市場
取樣 03:07:00：80 個市場
取樣 03:07:10：80 個市場
取樣 03:07:15：80 個市場
取樣 03:07:20：80 個市場
取樣 03:07:25：80 個市場
取樣 03:07:35：80 個市場
取樣 03:07:40：80 個市場
取樣 03:07:45：80 個市場
取樣 03:07:55：80 個市場
取樣 03:08:00：80 個市場
取樣 03:08:10：80 個市場
取樣 03:08:15：80 個市場
取樣 03:08:20：80 個市場
取樣 03:08:25：80 個市場
取樣 03:08:30：80 個市場
取樣 03:08:40：80 個市場
取樣 03:08:45：80 個市場
取樣 03:08:50：80 個市場
取樣 03:08:55：80 個市場
取樣 03:09:00：80 個市場
取樣 03:09:05：80 個市場
取樣 03:09:10：80 個市場
取樣 03:09:15：80 個市場
取樣 03:09:20：80 個市場
取樣 03:09:25：80 個市場
取樣 03:09:30：80 個市場
取樣 03:09:35：80 個市場
取樣 03:09:40：80 個市場
取樣 03:09:45：80 個市場
取樣 03:09:50：80 個市場
取樣 03:09:55：80 個市場
取樣 03:10:00：80 個市場
取樣 03:10:05：80 個市場
取樣 03:10:10：80 個市場
取樣 03:10:15：80 個市場
取樣 03:10:20：80 個市場
取樣 03:10:25：80 個市場
取樣 03:10:30：80 個市場
取樣 03:10:35：80 個市場
取樣 03:10:40：80 個市場
取樣 03:10:45：80 個市場
取樣 03:10:50：80 個市場
取樣 03:10:55：80 個市場
取樣 03:11:00：80 個市場
取樣 03:11:05：80 個市場
取樣 03:11:10：80 個市場
取樣 03:11:15：80 個市場
取樣 03:11:20：80 個市場
取樣 03:11:25：80 個市場
取樣 03:11:30：80 個市場
取樣 03:11:40：80 個市場
取樣 03:11:45：80 個市場
取樣 03:11:50：80 個市場
取樣 03:11:55：80 個市場
取樣 03:12:00：80 個市場
取樣 03:12:05：80 個市場
取樣 03:12:10：80 個市場
取樣 03:12:15：80 個市場
取樣 03:12:25：80 個市場
取樣 03:12:30：80 個市場
取樣 03:12:35：80 個市場
取樣 03:12:40：80 個市場
取樣 03:12:45：80 個市場
取樣 03:12:50：80 個市場
取樣 03:12:55：80 個市場
取樣 03:13:00：80 個市場
取樣 03:13:05：80 個市場
取樣 03:13:10：80 個市場
取樣 03:13:20：80 個市場
取樣 03:13:25：80 個市場
取樣 03:13:30：80 個市場
取樣 03:13:35：80 個市場
取樣 03:13:40：80 個市場
取樣 03:13:45：80 個市場
取樣 03:13:50：80 個市場
取樣 03:13:55：80 個市場
取樣 03:14:00：80 個市場
取樣 03:14:05：80 個市場
取樣 03:14:10：80 個市場
取樣 03:14:15：80 個市場
取樣 03:14:20：80 個市場
取樣 03:14:25：80 個市場
取樣 03:14:30：80 個市場
取樣 03:14:35：80 個市場
取樣 03:14:40：80 個市場
取樣 03:14:50：80 個市場
取樣 03:14:55：80 個市場
取樣 03:15:00：80 個市場
取樣 03:15:05：80 個市場
取樣 03:15:10：80 個市場
取樣 03:15:15：80 個市場
取樣 03:15:20：80 個市場
取樣 03:15:25：80 個市場
取樣 03:15:30：80 個市場
取樣 03:15:35：80 個市場
取樣 03:15:40：80 個市場
取樣 03:15:45：80 個市場
取樣 03:15:50：80 個市場
取樣 03:15:55：80 個市場
取樣 03:16:00：80 個市場
取樣 03:16:10：80 個市場
取樣 03:16:20：80 個市場
取樣 03:16:25：80 個市場
取樣 03:16:30：80 個市場
取樣 03:16:35：80 個市場
取樣 03:16:40：80 個市場
取樣 03:16:45：80 個市場
取樣 03:16:50：80 個市場
取樣 03:16:55：80 個市場
取樣 03:17:05：80 個市場
取樣 03:17:10：80 個市場
取樣 03:17:15：80 個市場
取樣 03:17:20：80 個市場
取樣 03:17:25：80 個市場
取樣 03:17:30：80 個市場
取樣 03:17:35：80 個市場
取樣 03:17:40：80 個市場
取樣 03:17:45：80 個市場
取樣 03:17:50：80 個市場
取樣 03:17:55：80 個市場
取樣 03:18:00：80 個市場
取樣 03:18:05：80 個市場
取樣 03:18:10：80 個市場
取樣 03:18:20：80 個市場
取樣 03:18:30：80 個市場
取樣 03:18:35：80 個市場
取樣 03:18:40：80 個市場
取樣 03:18:45：80 個市場
取樣 03:18:50：80 個市場
取樣 03:18:55：80 個市場
取樣 03:19:00：80 個市場
取樣 03:19:05：80 個市場
取樣 03:19:15：80 個市場
取樣 03:19:25：80 個市場
取樣 03:19:35：80 個市場
取樣 03:19:45：80 個市場
取樣 03:19:50：80 個市場
取樣 03:19:55：80 個市場
取樣 03:20:00：80 個市場
取樣 03:20:05：80 個市場
取樣 03:20:10：80 個市場
取樣 03:20:15：80 個市場
取樣 03:20:20：80 個市場
取樣 03:20:25：80 個市場
取樣 03:20:35：80 個市場
取樣 03:20:45：80 個市場
取樣 03:20:55：80 個市場
取樣 03:21:00：80 個市場
取樣 03:21:05：80 個市場
取樣 03:21:10：80 個市場
取樣 03:21:15：80 個市場
取樣 03:21:25：80 個市場
取樣 03:21:35：80 個市場
取樣 03:21:40：80 個市場
取樣 03:21:45：80 個市場
取樣 03:21:50：80 個市場
取樣 03:22:00：80 個市場
取樣 03:22:05：80 個市場
取樣 03:22:10：80 個市場
取樣 03:22:15：80 個市場
取樣 03:22:20：80 個市場
取樣 03:22:25：80 個市場
取樣 03:22:30：80 個市場
取樣 03:22:35：80 個市場
取樣 03:22:40：80 個市場
取樣 03:22:45：80 個市場
取樣 03:22:50：80 個市場
取樣 03:22:55：80 個市場
取樣 03:23:00：80 個市場
取樣 03:23:05：80 個市場
取樣 03:23:10：80 個市場
取樣 03:23:15：80 個市場
取樣 03:23:20：80 個市場
取樣 03:23:25：80 個市場
取樣 03:23:30：80 個市場
取樣 03:23:35：80 個市場
取樣 03:23:40：80 個市場
取樣 03:23:45：80 個市場
取樣 03:23:50：80 個市場
取樣 03:23:55：80 個市場
取樣 03:24:00：80 個市場
取樣 03:24:05：80 個市場
取樣 03:24:10：80 個市場
取樣 03:24:15：80 個市場
取樣 03:24:20：80 個市場
取樣 03:24:25：80 個市場
取樣 03:24:30：80 個市場
取樣 03:24:35：80 個市場
取樣 03:24:40：80 個市場
取樣 03:24:50：80 個市場
取樣 03:24:55：80 個市場
取樣 03:25:00：80 個市場
取樣 03:25:05：80 個市場
取樣 03:25:10：80 個市場
取樣 03:25:15：80 個市場
取樣 03:25:20：80 個市場
取樣 03:25:25：80 個市場
取樣 03:25:30：80 個市場
取樣 03:25:35：80 個市場
取樣 03:25:40：80 個市場
取樣 03:25:45：80 個市場
取樣 03:25:50：80 個市場
取樣 03:26:00：80 個市場
取樣 03:26:05：80 個市場
取樣 03:26:10：80 個市場
取樣 03:26:20：80 個市場
取樣 03:26:25：80 個市場
取樣 03:26:30：80 個市場
取樣 03:26:35：80 個市場
取樣 03:26:40：80 個市場
取樣 03:26:45：80 個市場
取樣 03:26:50：80 個市場
取樣 03:26:55：80 個市場
取樣 03:27:00：80 個市場
取樣 03:27:05：80 個市場
取樣 03:27:10：80 個市場
取樣 03:27:15：80 個市場
取樣 03:27:20：80 個市場
取樣 03:27:30：80 個市場
取樣 03:27:35：80 個市場
取樣 03:27:40：80 個市場
取樣 03:27:45：80 個市場
取樣 03:27:50：80 個市場
取樣 03:27:55：80 個市場
取樣 03:28:00：80 個市場
取樣 03:28:05：80 個市場
取樣 03:28:10：80 個市場
取樣 03:28:15：80 個市場
取樣 03:28:20：80 個市場
取樣 03:28:25：80 個市場
取樣 03:28:30：80 個市場
取樣 03:28:35：80 個市場
取樣 03:28:45：80 個市場
取樣 03:28:50：80 個市場
取樣 03:28:55：80 個市場
取樣 03:29:00：80 個市場
取樣 03:29:05：80 個市場
取樣 03:29:10：80 個市場
取樣 03:29:15：80 個市場
取樣 03:29:20：80 個市場
取樣 03:29:25：80 個市場
取樣 03:29:30：80 個市場
取樣 03:29:35：80 個市場
取樣 03:29:40：80 個市場
取樣 03:29:45：80 個市場
取樣 03:29:55：80 個市場
取樣 03:30:00：80 個市場
取樣 03:30:05：80 個市場
取樣 03:30:15：80 個市場
取樣 03:30:20：80 個市場
取樣 03:30:25：80 個市場
取樣 03:30:30：80 個市場
取樣 03:30:35：80 個市場
取樣 03:30:45：80 個市場
取樣 03:30:50：80 個市場
取樣 03:30:55：80 個市場
取樣 03:31:00：80 個市場
取樣 03:31:05：80 個市場
取樣 03:31:15：80 個市場
取樣 03:31:20：80 個市場
取樣 03:31:25：80 個市場
取樣 03:31:30：80 個市場
取樣 03:31:35：80 個市場
取樣 03:31:40：80 個市場
取樣 03:31:45：80 個市場
取樣 03:31:50：80 個市場
取樣 03:31:55：80 個市場
取樣 03:32:00：80 個市場
取樣 03:32:10：80 個市場
取樣 03:32:15：80 個市場
取樣 03:32:20：80 個市場
取樣 03:32:25：80 個市場
取樣 03:32:35：80 個市場
取樣 03:32:40：80 個市場
取樣 03:32:45：80 個市場
取樣 03:32:50：80 個市場
取樣 03:32:55：80 個市場
取樣 03:33:00：80 個市場
取樣 03:33:05：80 個市場
取樣 03:33:10：80 個市場
取樣 03:33:15：80 個市場
取樣 03:33:20：80 個市場
取樣 03:33:25：80 個市場
取樣 03:33:35：80 個市場
取樣 03:33:45：80 個市場
取樣 03:33:50：80 個市場
取樣 03:33:55：80 個市場
取樣 03:34:05：80 個市場
取樣 03:34:10：80 個市場
取樣 03:34:20：80 個市場
取樣 03:34:25：80 個市場
取樣 03:34:35：80 個市場
取樣 03:34:44：80 個市場
取樣 03:34:50：80 個市場
取樣 03:34:55：80 個市場
取樣 03:35:00：80 個市場
取樣 03:35:05：80 個市場
取樣 03:35:10：80 個市場
取樣 03:35:15：80 個市場
取樣 03:35:20：80 個市場
取樣 03:35:25：80 個市場
取樣 03:35:30：80 個市場
取樣 03:35:35：80 個市場
取樣 03:35:40：80 個市場
取樣 03:35:50：80 個市場
取樣 03:35:55：80 個市場
取樣 03:36:05：80 個市場
取樣 03:36:10：80 個市場
取樣 03:36:20：80 個市場
取樣 03:36:25：80 個市場
取樣 03:36:35：80 個市場
取樣 03:36:45：80 個市場
取樣 03:36:50：80 個市場
取樣 03:36:55：80 個市場
取樣 03:37:00：80 個市場
取樣 03:37:05：80 個市場
取樣 03:37:15：80 個市場
取樣 03:37:20：80 個市場
取樣 03:37:25：80 個市場
取樣 03:37:30：80 個市場
取樣 03:37:35：80 個市場
取樣 03:37:40：80 個市場
取樣 03:37:45：80 個市場
取樣 03:37:50：80 個市場
取樣 03:37:55：80 個市場
取樣 03:38:00：80 個市場
取樣 03:38:05：80 個市場
取樣 03:38:10：80 個市場
取樣 03:38:15：80 個市場
取樣 03:38:20：80 個市場
取樣 03:38:25：80 個市場
取樣 03:38:30：80 個市場
取樣 03:38:35：80 個市場
取樣 03:38:40：80 個市場
取樣 03:38:45：80 個市場
取樣 03:38:50：80 個市場
取樣 03:38:55：80 個市場
取樣 03:39:00：80 個市場
取樣 03:39:05：80 個市場
取樣 03:39:10：80 個市場
取樣 03:39:15：80 個市場
取樣 03:39:20：80 個市場
取樣 03:39:25：80 個市場
取樣 03:39:30：80 個市場
取樣 03:39:35：80 個市場
取樣 03:39:40：80 個市場
取樣 03:39:45：80 個市場
取樣 03:39:50：80 個市場
取樣 03:39:55：80 個市場
取樣 03:40:00：80 個市場
取樣 03:40:05：80 個市場
取樣 03:40:10：80 個市場
取樣 03:40:15：80 個市場
取樣 03:40:20：80 個市場
取樣 03:40:30：80 個市場
取樣 03:40:35：80 個市場
取樣 03:40:40：80 個市場
取樣 03:40:45：80 個市場
取樣 03:40:55：80 個市場
取樣 03:41:00：80 個市場
取樣 03:41:05：80 個市場
取樣 03:41:10：80 個市場
取樣 03:41:15：80 個市場
取樣 03:41:20：80 個市場
取樣 03:41:25：80 個市場
取樣 03:41:30：80 個市場
取樣 03:41:35：80 個市場
取樣 03:41:40：80 個市場
取樣 03:41:45：80 個市場
取樣 03:41:50：80 個市場
取樣 03:41:55：80 個市場
取樣 03:42:00：80 個市場
取樣 03:42:10：80 個市場
取樣 03:42:15：80 個市場
取樣 03:42:20：80 個市場
取樣 03:42:25：80 個市場
取樣 03:42:30：80 個市場
取樣 03:42:35：80 個市場
取樣 03:42:45：80 個市場
取樣 03:42:50：80 個市場
取樣 03:42:55：80 個市場
取樣 03:43:00：80 個市場
取樣 03:43:05：80 個市場
取樣 03:43:10：80 個市場
取樣 03:43:15：80 個市場
取樣 03:43:25：80 個市場
取樣 03:43:30：80 個市場
取樣 03:43:35：80 個市場
取樣 03:43:40：80 個市場
取樣 03:43:45：80 個市場
取樣 03:43:50：80 個市場
取樣 03:44:00：80 個市場
取樣 03:44:05：80 個市場
取樣 03:44:10：80 個市場
取樣 03:44:20：80 個市場
取樣 03:44:25：80 個市場
取樣 03:44:35：80 個市場
取樣 03:44:45：80 個市場
取樣 03:44:50：80 個市場
取樣 03:45:00：80 個市場
取樣 03:45:05：80 個市場
取樣 03:45:10：80 個市場
取樣 03:45:20：80 個市場
取樣 03:45:25：80 個市場
取樣 03:45:30：80 個市場
取樣 03:45:35：80 個市場
取樣 03:45:45：80 個市場
取樣 03:45:50：80 個市場
取樣 03:45:59：80 個市場
取樣 03:46:04：80 個市場
取樣 03:46:09：80 個市場
取樣 03:46:14：80 個市場
取樣 03:46:20：80 個市場
取樣 03:46:30：80 個市場
取樣 03:46:35：80 個市場
取樣 03:46:40：80 個市場
取樣 03:46:45：80 個市場
取樣 03:46:55：80 個市場
取樣 03:47:00：80 個市場
取樣 03:47:05：80 個市場
取樣 03:47:15：80 個市場
取樣 03:47:25：80 個市場
取樣 03:47:30：80 個市場
取樣 03:47:40：80 個市場
取樣 03:47:50：80 個市場
取樣 03:47:55：80 個市場
取樣 03:48:05：80 個市場
取樣 03:48:15：80 個市場
取樣 03:48:25：80 個市場
取樣 03:48:35：80 個市場
取樣 03:48:45：80 個市場
取樣 03:48:50：80 個市場
取樣 03:49:00：80 個市場
取樣 03:49:10：80 個市場
取樣 03:49:15：80 個市場
取樣 03:49:20：80 個市場
取樣 03:49:30：80 個市場
取樣 03:49:40：80 個市場
取樣 03:49:50：80 個市場
取樣 03:49:59：80 個市場
取樣 03:50:04：80 個市場
取樣 03:50:10：80 個市場
取樣 03:50:20：80 個市場
取樣 03:50:25：80 個市場
取樣 03:50:35：80 個市場
取樣 03:50:45：80 個市場
取樣 03:50:55：80 個市場
取樣 03:51:00：80 個市場
取樣 03:51:09：80 個市場
取樣 03:51:14：80 個市場
取樣 03:51:20：80 個市場
取樣 03:51:25：80 個市場
取樣 03:51:30：80 個市場
取樣 03:51:35：80 個市場
取樣 03:51:40：80 個市場
取樣 03:51:50：80 個市場
取樣 03:51:55：80 個市場
取樣 03:52:00：80 個市場
取樣 03:52:10：80 個市場
取樣 03:52:15：80 個市場
取樣 03:52:25：80 個市場
取樣 03:52:35：80 個市場
取樣 03:52:45：80 個市場
取樣 03:52:50：80 個市場
取樣 03:52:55：80 個市場
取樣 03:53:00：80 個市場
取樣 03:53:10：80 個市場
取樣 03:53:15：80 個市場
取樣 03:53:25：80 個市場
取樣 03:53:30：80 個市場
取樣 03:53:40：80 個市場
取樣 03:53:45：80 個市場
取樣 03:53:50：80 個市場
取樣 03:54:00：80 個市場
取樣 03:54:05：80 個市場
取樣 03:54:10：80 個市場
取樣 03:54:15：80 個市場
取樣 03:54:25：80 個市場
取樣 03:54:30：80 個市場
取樣 03:54:40：80 個市場
取樣 03:54:50：80 個市場
取樣 03:54:55：80 個市場
取樣 03:55:00：80 個市場
取樣 03:55:10：80 個市場
取樣 03:55:15：80 個市場
取樣 03:55:24：80 個市場
取樣 03:55:29：80 個市場
取樣 03:55:34：80 個市場
取樣 03:55:39：80 個市場
取樣 03:55:44：80 個市場
取樣 03:55:49：80 個市場
取樣 03:55:54：80 個市場
取樣 03:55:59：80 個市場
取樣 03:56:04：80 個市場
取樣 03:56:09：80 個市場
取樣 03:56:14：80 個市場
取樣 03:56:19：80 個市場
取樣 03:56:24：80 個市場
取樣 03:56:29：80 個市場
取樣 03:56:34：80 個市場
取樣 03:56:39：80 個市場
取樣 03:56:44：80 個市場
取樣 03:56:49：80 個市場
取樣 03:56:54：80 個市場
取樣 03:56:59：80 個市場
取樣 03:57:04：80 個市場
取樣 03:57:10：80 個市場
取樣 03:57:14：80 個市場
取樣 03:57:19：80 個市場
取樣 03:57:24：80 個市場
取樣 03:57:29：80 個市場
取樣 03:57:34：80 個市場
取樣 03:57:39：80 個市場
取樣 03:57:44：80 個市場
取樣 03:57:49：80 個市場
取樣 03:57:54：80 個市場
取樣 03:57:59：80 個市場
取樣 03:58:04：80 個市場
取樣 03:58:09：80 個市場
取樣 03:58:14：80 個市場
取樣 03:58:19：80 個市場
取樣 03:58:24：80 個市場
取樣 03:58:29：80 個市場
取樣 03:58:34：80 個市場
取樣 03:58:39：80 個市場
取樣 03:58:44：80 個市場
取樣 03:58:49：80 個市場
取樣 03:58:54：80 個市場
取樣 03:58:59：80 個市場
取樣 03:59:04：80 個市場
取樣 03:59:09：80 個市場
取樣 03:59:14：80 個市場
取樣 03:59:19：80 個市場
取樣 03:59:24：80 個市場
取樣 03:59:29：80 個市場
取樣 03:59:34：80 個市場
取樣 03:59:39：80 個市場
取樣 03:59:44：80 個市場
取樣 03:59:49：80 個市場
取樣 03:59:54：80 個市場
取樣 03:59:59：80 個市場
取樣 04:00:05：80 個市場
取樣 04:00:09：80 個市場
取樣 04:00:14：80 個市場
取樣 04:00:19：80 個市場
取樣 04:00:24：80 個市場
取樣 04:00:29：80 個市場
取樣 04:00:34：80 個市場
取樣 04:00:40：80 個市場
取樣 04:00:50：80 個市場
取樣 04:00:54：80 個市場
取樣 04:00:59：80 個市場
取樣 04:01:04：80 個市場
取樣 04:01:09：80 個市場
取樣 04:01:15：80 個市場
取樣 04:01:19：80 個市場
取樣 04:01:25：80 個市場
取樣 04:01:30：80 個市場
取樣 04:01:34：80 個市場
取樣 04:01:40：80 個市場
取樣 04:01:44：80 個市場
取樣 04:01:50：80 個市場
取樣 04:01:54：80 個市場
取樣 04:01:59：80 個市場
取樣 04:02:05：80 個市場
取樣 04:02:09：80 個市場
取樣 04:02:15：80 個市場
取樣 04:02:19：80 個市場
取樣 04:02:25：80 個市場
取樣 04:02:35：80 個市場
取樣 04:02:45：80 個市場
取樣 04:02:49：80 個市場
取樣 04:02:55：80 個市場
取樣 04:02:59：80 個市場
取樣 04:03:05：80 個市場
取樣 04:03:10：80 個市場
取樣 04:03:14：80 個市場
取樣 04:03:20：80 個市場
取樣 04:03:24：80 個市場
取樣 04:03:30：80 個市場
取樣 04:03:34：80 個市場
取樣 04:03:39：80 個市場
取樣 04:03:45：80 個市場
取樣 04:03:54：80 個市場
取樣 04:04:00：80 個市場
取樣 04:04:09：80 個市場
取樣 04:04:14：80 個市場
取樣 04:04:19：80 個市場
取樣 04:04:25：80 個市場
取樣 04:04:29：80 個市場
取樣 04:04:34：80 個市場
取樣 04:04:40：80 個市場
取樣 04:04:44：80 個市場
取樣 04:04:50：80 個市場
取樣 04:04:59：80 個市場
取樣 04:05:04：80 個市場
取樣 04:05:09：80 個市場
取樣 04:05:14：80 個市場
取樣 04:05:19：80 個市場
取樣 04:05:24：80 個市場
取樣 04:05:30：80 個市場
取樣 04:05:34：80 個市場
取樣 04:05:40：80 個市場
取樣 04:05:50：80 個市場
取樣 04:05:54：80 個市場
取樣 04:05:59：80 個市場
取樣 04:06:04：80 個市場
取樣 04:06:09：80 個市場
取樣 04:06:14：80 個市場
取樣 04:06:19：80 個市場
取樣 04:06:24：80 個市場
取樣 04:06:29：80 個市場
取樣 04:06:34：80 個市場
取樣 04:06:39：80 個市場
取樣 04:06:44：80 個市場
取樣 04:06:49：80 個市場
取樣 04:06:54：80 個市場
取樣 04:07:00：80 個市場
取樣 04:07:04：80 個市場
取樣 04:07:10：80 個市場
取樣 04:07:14：80 個市場
取樣 04:07:19：80 個市場
取樣 04:07:25：80 個市場
取樣 04:07:30：80 個市場
取樣 04:07:35：80 個市場
取樣 04:07:40：80 個市場
取樣 04:07:44：80 個市場
取樣 04:07:50：80 個市場
取樣 04:07:54：80 個市場
取樣 04:08:00：80 個市場
取樣 04:08:05：80 個市場
取樣 04:08:10：80 個市場
取樣 04:08:15：80 個市場
取樣 04:08:19：80 個市場
取樣 04:08:25：80 個市場
取樣 04:08:29：80 個市場
取樣 04:08:34：80 個市場
取樣 04:08:39：80 個市場
取樣 04:08:45：80 個市場
取樣 04:08:49：80 個市場
取樣 04:08:55：80 個市場
取樣 04:09:00：80 個市場
取樣 04:09:05：80 個市場
取樣 04:09:10：80 個市場
取樣 04:09:15：80 個市場
取樣 04:09:19：80 個市場
取樣 04:09:24：80 個市場
取樣 04:09:30：80 個市場
取樣 04:09:35：80 個市場
取樣 04:09:39：80 個市場
取樣 04:09:44：80 個市場
取樣 04:09:50：80 個市場
取樣 04:09:55：80 個市場
取樣 04:10:00：80 個市場
取樣 04:10:05：80 個市場
取樣 04:10:10：80 個市場
取樣 04:10:15：80 個市場
取樣 04:10:20：80 個市場
取樣 04:10:25：80 個市場
取樣 04:10:29：80 個市場
取樣 04:10:34：80 個市場
取樣 04:10:40：80 個市場
取樣 04:10:45：80 個市場
取樣 04:10:50：80 個市場
取樣 04:10:54：80 個市場
取樣 04:11:00：80 個市場
取樣 04:11:05：80 個市場
取樣 04:11:10：80 個市場
取樣 04:11:15：80 個市場
取樣 04:11:19：80 個市場
取樣 04:11:25：80 個市場
取樣 04:11:30：80 個市場
取樣 04:11:35：80 個市場
取樣 04:11:40：80 個市場
取樣 04:11:45：80 個市場
取樣 04:11:50：80 個市場
取樣 04:11:55：80 個市場
取樣 04:12:00：80 個市場
取樣 04:12:05：80 個市場
取樣 04:12:10：80 個市場
取樣 04:12:15：80 個市場
取樣 04:12:20：80 個市場
取樣 04:12:25：80 個市場
取樣 04:12:30：80 個市場
取樣 04:12:35：80 個市場
取樣 04:12:40：80 個市場
取樣 04:12:45：80 個市場
取樣 04:12:50：80 個市場
取樣 04:12:55：80 個市場
取樣 04:13:00：80 個市場
取樣 04:13:05：80 個市場
取樣 04:13:10：80 個市場
取樣 04:13:15：80 個市場
取樣 04:13:20：80 個市場
取樣 04:13:25：80 個市場
取樣 04:13:29：80 個市場
取樣 04:13:35：80 個市場
取樣 04:13:40：80 個市場
取樣 04:13:45：80 個市場
取樣 04:13:50：80 個市場
取樣 04:13:55：80 個市場
取樣 04:14:00：80 個市場
取樣 04:14:05：80 個市場
取樣 04:14:10：80 個市場
取樣 04:14:15：80 個市場
取樣 04:14:20：80 個市場
取樣 04:14:25：80 個市場
取樣 04:14:30：80 個市場
取樣 04:14:35：80 個市場
取樣 04:14:40：80 個市場
取樣 04:14:45：80 個市場
取樣 04:14:50：80 個市場
取樣 04:14:55：80 個市場
取樣 04:15:00：80 個市場
取樣 04:15:05：80 個市場
取樣 04:15:15：80 個市場
取樣 04:15:20：80 個市場
取樣 04:15:25：80 個市場
取樣 04:15:30：80 個市場
取樣 04:15:40：80 個市場
取樣 04:15:45：80 個市場
取樣 04:15:50：80 個市場
取樣 04:15:55：80 個市場
取樣 04:16:00：80 個市場
取樣 04:16:05：80 個市場
取樣 04:16:10：80 個市場
取樣 04:16:20：80 個市場
取樣 04:16:25：80 個市場
取樣 04:16:30：80 個市場
取樣 04:16:35：80 個市場
取樣 04:16:45：80 個市場
取樣 04:16:55：80 個市場
取樣 04:17:05：80 個市場
取樣 04:17:10：80 個市場
取樣 04:17:15：80 個市場
取樣 04:17:20：80 個市場
取樣 04:17:25：80 個市場
取樣 04:17:35：80 個市場
取樣 04:17:45：80 個市場
取樣 04:17:50：80 個市場
取樣 04:17:55：80 個市場
取樣 04:18:05：80 個市場
取樣 04:18:10：80 個市場
取樣 04:18:20：80 個市場
取樣 04:18:25：80 個市場
取樣 04:18:35：80 個市場
取樣 04:18:40：80 個市場
取樣 04:18:50：80 個市場
取樣 04:18:55：80 個市場
取樣 04:19:00：80 個市場
取樣 04:19:05：80 個市場
取樣 04:19:10：80 個市場
取樣 04:19:15：80 個市場
取樣 04:19:25：80 個市場
取樣 04:19:30：80 個市場
取樣 04:19:35：80 個市場
取樣 04:19:40：80 個市場
取樣 04:19:45：80 個市場
取樣 04:19:50：80 個市場
取樣 04:19:55：80 個市場
取樣 04:20:00：80 個市場
取樣 04:20:05：80 個市場
取樣 04:20:10：80 個市場
取樣 04:20:15：80 個市場
取樣 04:20:25：80 個市場
取樣 04:20:30：80 個市場
取樣 04:20:35：80 個市場
取樣 04:20:40：80 個市場
取樣 04:20:45：80 個市場
取樣 04:20:50：80 個市場
取樣 04:20:55：80 個市場
取樣 04:21:00：80 個市場
取樣 04:21:05：80 個市場
取樣 04:21:10：80 個市場
取樣 04:21:15：80 個市場
取樣 04:21:20：80 個市場
取樣 04:21:25：80 個市場
取樣 04:21:30：80 個市場
取樣 04:21:35：80 個市場
取樣 04:21:40：80 個市場
取樣 04:21:45：80 個市場
取樣 04:21:55：80 個市場
取樣 04:22:00：80 個市場
取樣 04:22:05：80 個市場
取樣 04:22:10：80 個市場
取樣 04:22:15：80 個市場
取樣 04:22:20：80 個市場
取樣 04:22:25：80 個市場
取樣 04:22:30：80 個市場
取樣 04:22:35：80 個市場
取樣 04:22:40：80 個市場
取樣 04:22:45：80 個市場
取樣 04:22:50：80 個市場
取樣 04:22:55：80 個市場
取樣 04:23:00：80 個市場
取樣 04:23:05：80 個市場
取樣 04:23:10：80 個市場
取樣 04:23:15：80 個市場
取樣 04:23:20：80 個市場
取樣 04:23:25：80 個市場
取樣 04:23:30：80 個市場
取樣 04:23:35：80 個市場
取樣 04:23:40：80 個市場
取樣 04:23:45：80 個市場
取樣 04:23:50：80 個市場
取樣 04:24:00：80 個市場
取樣 04:24:05：80 個市場
取樣 04:24:10：80 個市場
取樣 04:24:15：80 個市場
取樣 04:24:20：80 個市場
取樣 04:24:25：80 個市場
取樣 04:24:30：80 個市場
取樣 04:24:35：80 個市場
取樣 04:24:40：80 個市場
取樣 04:24:45：80 個市場
取樣 04:24:55：80 個市場
取樣 04:25:00：80 個市場
取樣 04:25:05：80 個市場
取樣 04:25:10：80 個市場
取樣 04:25:15：80 個市場
取樣 04:25:20：80 個市場
取樣 04:25:25：80 個市場
取樣 04:25:35：80 個市場
取樣 04:25:40：80 個市場
取樣 04:25:45：80 個市場
取樣 04:25:50：80 個市場
取樣 04:25:55：80 個市場
取樣 04:26:00：80 個市場
取樣 04:26:05：80 個市場
取樣 04:26:10：80 個市場
取樣 04:26:15：80 個市場
取樣 04:26:20：80 個市場
取樣 04:26:25：80 個市場
取樣 04:26:30：80 個市場
取樣 04:26:35：80 個市場
取樣 04:26:45：80 個市場
取樣 04:26:55：80 個市場
取樣 04:27:00：80 個市場
取樣 04:27:05：80 個市場
取樣 04:27:15：80 個市場
取樣 04:27:20：80 個市場
取樣 04:27:25：80 個市場
取樣 04:27:30：80 個市場
取樣 04:27:35：80 個市場
取樣 04:27:45：80 個市場
取樣 04:27:50：80 個市場
取樣 04:27:55：80 個市場
取樣 04:28:00：80 個市場
取樣 04:28:05：80 個市場
取樣 04:28:10：80 個市場
取樣 04:28:20：80 個市場
取樣 04:28:30：80 個市場
取樣 04:28:35：80 個市場
取樣 04:28:40：80 個市場
取樣 04:28:45：80 個市場
取樣 04:28:50：80 個市場
取樣 04:28:59：80 個市場
取樣 04:29:05：80 個市場
取樣 04:29:14：80 個市場
取樣 04:29:20：80 個市場
取樣 04:29:25：80 個市場
取樣 04:29:30：80 個市場
取樣 04:29:35：80 個市場
取樣 04:29:40：80 個市場
取樣 04:29:45：80 個市場
取樣 04:29:50：80 個市場
取樣 04:29:55：80 個市場
取樣 04:30:00：80 個市場
取樣 04:30:05：80 個市場
取樣 04:30:10：80 個市場
取樣 04:30:15：80 個市場
取樣 04:30:20：80 個市場
取樣 04:30:25：80 個市場
取樣 04:30:30：80 個市場
取樣 04:30:35：80 個市場
取樣 04:30:40：80 個市場
取樣 04:30:45：80 個市場
取樣 04:30:50：80 個市場
取樣 04:30:55：80 個市場
取樣 04:31:00：80 個市場
取樣 04:31:05：80 個市場
取樣 04:31:10：80 個市場
取樣 04:31:15：80 個市場
取樣 04:31:20：80 個市場
取樣 04:31:25：80 個市場
取樣 04:31:30：80 個市場
取樣 04:31:35：80 個市場
取樣 04:31:40：80 個市場
取樣 04:31:45：80 個市場
取樣 04:31:50：80 個市場
取樣 04:31:55：80 個市場
取樣 04:32:00：80 個市場
取樣 04:32:05：80 個市場
取樣 04:32:10：80 個市場
取樣 04:32:15：80 個市場
取樣 04:32:20：80 個市場
取樣 04:32:25：80 個市場
取樣 04:32:30：80 個市場
取樣 04:32:35：80 個市場
取樣 04:32:40：80 個市場
取樣 04:32:45：80 個市場
取樣 04:32:50：80 個市場
取樣 04:32:55：80 個市場
取樣 04:33:00：80 個市場
取樣 04:33:05：80 個市場
取樣 04:33:10：80 個市場
取樣 04:33:15：80 個市場
取樣 04:33:20：80 個市場
取樣 04:33:25：80 個市場
取樣 04:33:30：80 個市場
取樣 04:33:40：80 個市場
取樣 04:33:45：80 個市場
取樣 04:33:50：80 個市場
取樣 04:33:55：80 個市場
取樣 04:34:00：80 個市場
取樣 04:34:05：80 個市場
取樣 04:34:10：80 個市場
取樣 04:34:15：80 個市場
取樣 04:34:20：80 個市場
取樣 04:34:25：80 個市場
取樣 04:34:30：80 個市場
取樣 04:34:40：80 個市場
取樣 04:34:45：80 個市場
取樣 04:34:50：80 個市場
取樣 04:35:00：80 個市場
取樣 04:35:05：80 個市場
取樣 04:35:10：80 個市場
取樣 04:35:15：80 個市場
取樣 04:35:20：80 個市場
取樣 04:35:25：80 個市場
取樣 04:35:30：80 個市場
取樣 04:35:35：80 個市場
取樣 04:35:40：80 個市場
取樣 04:35:45：80 個市場
取樣 04:35:55：80 個市場
取樣 04:36:00：80 個市場
取樣 04:36:05：80 個市場
取樣 04:36:10：80 個市場
取樣 04:36:15：80 個市場
取樣 04:36:20：80 個市場
取樣 04:36:25：80 個市場
取樣 04:36:30：80 個市場
取樣 04:36:35：80 個市場
取樣 04:36:40：80 個市場
取樣 04:36:45：80 個市場
取樣 04:36:50：80 個市場
取樣 04:36:55：80 個市場
取樣 04:37:00：80 個市場
取樣 04:37:05：80 個市場
取樣 04:37:10：80 個市場
取樣 04:37:15：80 個市場
取樣 04:37:20：80 個市場
取樣 04:37:25：80 個市場
取樣 04:37:35：80 個市場
取樣 04:37:40：80 個市場
取樣 04:37:45：80 個市場
取樣 04:37:50：80 個市場
取樣 04:37:55：80 個市場
取樣 04:38:00：80 個市場
取樣 04:38:10：80 個市場
取樣 04:38:20：80 個市場
取樣 04:38:25：80 個市場
取樣 04:38:35：80 個市場
取樣 04:38:40：80 個市場
取樣 04:38:45：80 個市場
取樣 04:38:50：80 個市場
取樣 04:38:55：80 個市場
取樣 04:39:00：80 個市場
取樣 04:39:05：80 個市場
取樣 04:39:10：80 個市場
取樣 04:39:15：80 個市場
取樣 04:39:20：80 個市場
取樣 04:39:30：80 個市場
取樣 04:39:40：80 個市場
取樣 04:39:45：80 個市場
取樣 04:39:55：80 個市場
取樣 04:40:05：80 個市場
取樣 04:40:10：80 個市場
取樣 04:40:20：80 個市場
取樣 04:40:25：80 個市場
取樣 04:40:30：80 個市場
取樣 04:40:40：80 個市場
取樣 04:40:50：80 個市場
取樣 04:40:55：80 個市場
取樣 04:41:00：80 個市場
取樣 04:41:05：80 個市場
取樣 04:41:10：80 個市場
取樣 04:41:20：80 個市場
取樣 04:41:30：80 個市場
取樣 04:41:35：80 個市場
取樣 04:41:40：80 個市場
取樣 04:41:50：80 個市場
取樣 04:42:00：80 個市場
取樣 04:42:05：80 個市場
取樣 04:42:15：80 個市場
取樣 04:42:20：80 個市場
取樣 04:42:25：80 個市場
取樣 04:42:30：80 個市場
取樣 04:42:40：80 個市場
取樣 04:42:45：80 個市場
取樣 04:42:50：80 個市場
取樣 04:42:55：80 個市場
取樣 04:43:00：80 個市場
取樣 04:43:05：80 個市場
取樣 04:43:15：80 個市場
取樣 04:43:25：80 個市場
取樣 04:43:30：80 個市場
取樣 04:43:35：80 個市場
取樣 04:43:40：80 個市場
取樣 04:43:45：80 個市場
取樣 04:43:50：80 個市場
取樣 04:43:55：80 個市場
取樣 04:44:00：80 個市場
取樣 04:44:05：80 個市場
取樣 04:44:15：80 個市場
取樣 04:44:20：80 個市場
取樣 04:44:25：80 個市場
取樣 04:44:30：80 個市場
取樣 04:44:35：80 個市場
取樣 04:44:40：80 個市場
取樣 04:44:45：80 個市場
取樣 04:44:55：80 個市場
取樣 04:45:00：80 個市場
取樣 04:45:05：80 個市場
取樣 04:45:10：80 個市場
取樣 04:45:15：80 個市場
取樣 04:45:20：80 個市場
取樣 04:45:25：80 個市場
取樣 04:45:30：80 個市場
取樣 04:45:35：80 個市場
取樣 04:45:40：80 個市場
取樣 04:45:45：80 個市場
取樣 04:45:50：80 個市場
取樣 04:45:55：80 個市場
取樣 04:46:05：80 個市場
取樣 04:46:10：80 個市場
取樣 04:46:15：80 個市場
取樣 04:46:20：80 個市場
取樣 04:46:25：80 個市場
取樣 04:46:30：80 個市場
取樣 04:46:35：80 個市場
取樣 04:46:40：80 個市場
取樣 04:46:45：80 個市場
取樣 04:46:50：80 個市場
取樣 04:46:55：80 個市場
取樣 04:47:00：80 個市場
取樣 04:47:05：80 個市場
取樣 04:47:10：80 個市場
取樣 04:47:15：80 個市場
取樣 04:47:20：80 個市場
取樣 04:47:25：80 個市場
取樣 04:47:30：80 個市場
取樣 04:47:35：80 個市場
取樣 04:47:40：80 個市場
取樣 04:47:45：80 個市場
取樣 04:47:50：80 個市場
取樣 04:47:55：80 個市場
取樣 04:48:00：80 個市場
取樣 04:48:05：80 個市場
取樣 04:48:10：80 個市場
取樣 04:48:15：80 個市場
取樣 04:48:20：80 個市場
取樣 04:48:25：80 個市場
取樣 04:48:30：80 個市場
取樣 04:48:35：80 個市場
取樣 04:48:40：80 個市場
取樣 04:48:45：80 個市場
取樣 04:48:50：80 個市場
取樣 04:48:55：80 個市場
取樣 04:49:00：80 個市場
取樣 04:49:05：80 個市場
取樣 04:49:10：80 個市場
取樣 04:49:15：80 個市場
取樣 04:49:20：80 個市場
取樣 04:49:25：80 個市場
取樣 04:49:30：80 個市場
取樣 04:49:35：80 個市場
取樣 04:49:40：80 個市場
取樣 04:49:45：80 個市場
取樣 04:49:50：80 個市場
取樣 04:49:55：80 個市場
取樣 04:50:00：80 個市場
取樣 04:50:05：80 個市場
取樣 04:50:10：80 個市場
取樣 04:50:15：80 個市場
取樣 04:50:20：80 個市場
取樣 04:50:25：80 個市場
取樣 04:50:30：80 個市場
取樣 04:50:35：80 個市場
取樣 04:50:40：80 個市場
取樣 04:50:45：80 個市場
取樣 04:50:50：80 個市場
取樣 04:51:00：80 個市場
取樣 04:51:05：80 個市場
取樣 04:51:10：80 個市場
取樣 04:51:15：80 個市場
取樣 04:51:20：80 個市場
取樣 04:51:25：80 個市場
取樣 04:51:30：80 個市場
取樣 04:51:35：80 個市場
取樣 04:51:40：80 個市場
取樣 04:51:50：80 個市場
取樣 04:52:00：80 個市場
取樣 04:52:05：80 個市場
取樣 04:52:10：80 個市場
取樣 04:52:15：80 個市場
取樣 04:52:20：80 個市場
取樣 04:52:25：80 個市場
取樣 04:52:35：80 個市場
取樣 04:52:40：80 個市場
取樣 04:52:45：80 個市場
取樣 04:52:50：80 個市場
取樣 04:52:55：80 個市場
取樣 04:53:00：80 個市場
取樣 04:53:10：80 個市場
取樣 04:53:15：80 個市場
取樣 04:53:25：80 個市場
取樣 04:53:30：80 個市場
取樣 04:53:35：80 個市場
取樣 04:53:40：80 個市場
取樣 04:53:45：80 個市場
取樣 04:53:50：80 個市場
取樣 04:53:55：80 個市場
取樣 04:54:00：80 個市場
取樣 04:54:05：80 個市場
取樣 04:54:10：80 個市場
取樣 04:54:20：80 個市場
取樣 04:54:25：80 個市場
取樣 04:54:30：80 個市場
取樣 04:54:35：80 個市場
取樣 04:54:40：80 個市場
取樣 04:54:45：80 個市場
取樣 04:54:55：80 個市場
取樣 04:55:05：80 個市場
取樣 04:55:10：80 個市場
取樣 04:55:20：80 個市場
取樣 04:55:25：80 個市場
取樣 04:55:30：80 個市場
取樣 04:55:40：80 個市場
取樣 04:55:45：80 個市場
取樣 04:55:55：80 個市場
取樣 04:56:00：80 個市場
取樣 04:56:10：80 個市場
取樣 04:56:15：80 個市場
取樣 04:56:25：80 個市場
取樣 04:56:30：80 個市場
取樣 04:56:35：80 個市場
取樣 04:56:40：80 個市場
取樣 04:56:45：80 個市場
取樣 04:56:55：80 個市場
取樣 04:57:00：80 個市場
取樣 04:57:10：80 個市場
取樣 04:57:15：80 個市場
取樣 04:57:25：80 個市場
取樣 04:57:35：80 個市場
取樣 04:57:45：80 個市場
取樣 04:57:50：80 個市場
取樣 04:57:55：80 個市場
取樣 04:58:00：80 個市場
取樣 04:58:05：80 個市場
取樣 04:58:10：80 個市場
取樣 04:58:15：80 個市場
取樣 04:58:20：80 個市場
取樣 04:58:30：80 個市場
取樣 04:58:35：80 個市場
取樣 04:58:40：80 個市場
取樣 04:58:45：80 個市場
取樣 04:58:50：80 個市場
取樣 04:58:55：80 個市場
取樣 04:59:00：80 個市場
取樣 04:59:05：80 個市場
取樣 04:59:10：80 個市場
取樣 04:59:15：80 個市場
取樣 04:59:20：80 個市場
取樣 04:59:25：80 個市場
取樣 04:59:30：80 個市場
取樣 04:59:35：80 個市場
取樣 04:59:40：80 個市場
取樣 04:59:45：80 個市場
取樣 04:59:50：80 個市場
取樣 04:59:55：80 個市場
取樣 05:00:00：80 個市場
取樣 05:00:05：80 個市場
取樣 05:00:10：80 個市場
取樣 05:00:15：80 個市場
取樣 05:00:20：80 個市場
取樣 05:00:25：80 個市場
取樣 05:00:30：80 個市場
取樣 05:00:35：80 個市場
取樣 05:00:40：80 個市場
取樣 05:00:45：80 個市場
取樣 05:00:50：80 個市場
取樣 05:00:55：80 個市場
取樣 05:01:00：80 個市場
取樣 05:01:05：80 個市場
取樣 05:01:10：80 個市場
取樣 05:01:15：80 個市場
取樣 05:01:20：80 個市場
取樣 05:01:25：80 個市場
取樣 05:01:30：80 個市場
取樣 05:01:35：80 個市場
取樣 05:01:40：80 個市場
取樣 05:01:45：80 個市場
取樣 05:01:50：80 個市場
取樣 05:01:55：80 個市場
取樣 05:02:00：80 個市場
取樣 05:02:05：80 個市場
取樣 05:02:10：80 個市場
取樣 05:02:20：80 個市場
取樣 05:02:25：80 個市場
取樣 05:02:30：80 個市場
取樣 05:02:35：80 個市場
取樣 05:02:40：80 個市場
取樣 05:02:45：80 個市場
取樣 05:02:50：80 個市場
取樣 05:02:55：80 個市場
取樣 05:03:00：80 個市場
取樣 05:03:05：80 個市場
取樣 05:03:10：80 個市場
取樣 05:03:15：80 個市場
取樣 05:03:20：80 個市場
取樣 05:03:25：80 個市場
取樣 05:03:30：80 個市場
取樣 05:03:35：80 個市場
取樣 05:03:40：80 個市場
取樣 05:03:45：80 個市場
取樣 05:03:50：80 個市場
取樣 05:03:55：80 個市場
取樣 05:04:00：80 個市場
取樣 05:04:05：80 個市場
取樣 05:04:10：80 個市場
取樣 05:04:20：80 個市場
取樣 05:04:25：80 個市場
取樣 05:04:30：80 個市場
取樣 05:04:35：80 個市場
取樣 05:04:40：80 個市場
取樣 05:04:45：80 個市場
取樣 05:04:50：80 個市場
取樣 05:04:55：80 個市場
取樣 05:05:00：80 個市場
取樣 05:05:05：80 個市場
取樣 05:05:15：80 個市場
取樣 05:05:20：80 個市場
取樣 05:05:25：80 個市場
取樣 05:05:30：80 個市場
取樣 05:05:40：80 個市場
取樣 05:05:45：80 個市場
取樣 05:05:50：80 個市場
取樣 05:05:55：80 個市場
取樣 05:06:05：80 個市場
取樣 05:06:10：80 個市場
取樣 05:06:15：80 個市場
取樣 05:06:20：80 個市場
取樣 05:06:25：80 個市場
取樣 05:06:35：80 個市場
取樣 05:06:40：80 個市場
取樣 05:06:45：80 個市場
取樣 05:06:50：80 個市場
取樣 05:06:55：80 個市場
取樣 05:07:00：80 個市場
取樣 05:07:05：80 個市場
取樣 05:07:10：80 個市場
取樣 05:07:15：80 個市場
取樣 05:07:20：80 個市場
取樣 05:07:30：80 個市場
取樣 05:07:35：80 個市場
取樣 05:07:40：80 個市場
取樣 05:07:45：80 個市場
取樣 05:07:50：80 個市場
取樣 05:08:00：80 個市場
取樣 05:08:05：80 個市場
取樣 05:08:10：80 個市場
取樣 05:08:15：80 個市場
取樣 05:08:20：80 個市場
取樣 05:08:25：80 個市場
取樣 05:08:30：80 個市場
取樣 05:08:35：80 個市場
取樣 05:08:40：80 個市場
取樣 05:08:45：80 個市場
取樣 05:08:50：80 個市場
取樣 05:09:00：80 個市場
取樣 05:09:05：80 個市場
取樣 05:09:10：80 個市場
取樣 05:09:15：80 個市場
取樣 05:09:25：80 個市場
取樣 05:09:30：80 個市場
取樣 05:09:35：80 個市場
取樣 05:09:40：80 個市場
取樣 05:09:50：80 個市場
取樣 05:09:55：80 個市場
取樣 05:10:00：80 個市場
取樣 05:10:10：80 個市場
取樣 05:10:20：80 個市場
取樣 05:10:25：80 個市場
取樣 05:10:30：80 個市場
取樣 05:10:40：80 個市場
取樣 05:10:45：80 個市場
取樣 05:10:50：80 個市場
取樣 05:10:59：80 個市場
取樣 05:11:04：80 個市場
取樣 05:11:10：80 個市場
取樣 05:11:15：80 個市場
取樣 05:11:20：80 個市場
取樣 05:11:25：80 個市場
取樣 05:11:30：80 個市場
取樣 05:11:35：80 個市場
取樣 05:11:45：80 個市場
取樣 05:11:50：80 個市場
取樣 05:11:55：80 個市場
取樣 05:12:00：80 個市場
取樣 05:12:05：80 個市場
取樣 05:12:10：80 個市場
取樣 05:12:15：80 個市場
取樣 05:12:25：80 個市場
取樣 05:12:30：80 個市場
取樣 05:12:40：80 個市場
取樣 05:12:45：80 個市場
取樣 05:12:50：80 個市場
取樣 05:13:00：80 個市場
取樣 05:13:05：80 個市場
取樣 05:13:10：80 個市場
取樣 05:13:15：80 個市場
取樣 05:13:20：80 個市場
取樣 05:13:30：80 個市場
取樣 05:13:35：80 個市場
取樣 05:13:40：80 個市場
取樣 05:13:50：80 個市場
取樣 05:14:00：80 個市場
取樣 05:14:05：80 個市場
取樣 05:14:10：80 個市場
取樣 05:14:15：80 個市場
取樣 05:14:20：80 個市場
取樣 05:14:30：80 個市場
取樣 05:14:35：80 個市場
取樣 05:14:40：80 個市場
取樣 05:14:45：80 個市場
取樣 05:14:50：80 個市場
取樣 05:14:55：80 個市場
取樣 05:15:00：80 個市場
取樣 05:15:05：80 個市場
取樣 05:15:10：80 個市場
取樣 05:15:15：80 個市場
取樣 05:15:20：80 個市場
取樣 05:15:25：80 個市場
取樣 05:15:30：80 個市場
取樣 05:15:40：80 個市場
取樣 05:15:45：80 個市場
取樣 05:15:50：80 個市場
取樣 05:15:55：80 個市場
取樣 05:16:00：80 個市場
取樣 05:16:05：80 個市場
取樣 05:16:10：80 個市場
取樣 05:16:15：80 個市場
取樣 05:16:20：80 個市場
取樣 05:16:25：80 個市場
取樣 05:16:30：80 個市場
取樣 05:16:35：80 個市場
取樣 05:16:40：80 個市場
取樣 05:16:45：80 個市場
取樣 05:16:50：80 個市場
取樣 05:16:55：80 個市場
取樣 05:17:00：80 個市場
取樣 05:17:05：80 個市場
取樣 05:17:10：80 個市場
取樣 05:17:15：80 個市場
取樣 05:17:20：80 個市場
取樣 05:17:25：80 個市場
取樣 05:17:30：80 個市場
取樣 05:17:35：80 個市場
取樣 05:17:40：80 個市場
取樣 05:17:45：80 個市場
取樣 05:17:50：80 個市場
取樣 05:17:55：80 個市場
取樣 05:18:00：80 個市場
取樣 05:18:05：80 個市場
取樣 05:18:10：80 個市場
取樣 05:18:20：80 個市場
取樣 05:18:30：80 個市場
取樣 05:18:35：80 個市場
取樣 05:18:40：80 個市場
取樣 05:18:45：80 個市場
取樣 05:18:50：80 個市場
取樣 05:19:00：80 個市場
取樣 05:19:05：80 個市場
取樣 05:19:10：80 個市場
取樣 05:19:15：80 個市場
取樣 05:19:20：80 個市場
取樣 05:19:25：80 個市場
取樣 05:19:30：80 個市場
取樣 05:19:40：80 個市場
取樣 05:19:45：80 個市場
取樣 05:19:50：80 個市場
取樣 05:19:55：80 個市場
取樣 05:20:00：80 個市場
取樣 05:20:10：80 個市場
取樣 05:20:15：80 個市場
取樣 05:20:20：80 個市場
取樣 05:20:30：80 個市場
取樣 05:20:35：80 個市場
取樣 05:20:40：80 個市場
取樣 05:20:45：80 個市場
取樣 05:20:50：80 個市場
取樣 05:20:55：80 個市場
取樣 05:21:00：80 個市場
取樣 05:21:05：80 個市場
取樣 05:21:15：80 個市場
取樣 05:21:20：80 個市場
取樣 05:21:25：80 個市場
取樣 05:21:30：80 個市場
取樣 05:21:40：80 個市場
取樣 05:21:50：80 個市場
取樣 05:21:55：80 個市場
取樣 05:22:00：80 個市場
取樣 05:22:05：80 個市場
取樣 05:22:10：80 個市場
取樣 05:22:15：80 個市場
取樣 05:22:25：80 個市場
取樣 05:22:30：80 個市場
取樣 05:22:35：80 個市場
取樣 05:22:45：80 個市場
取樣 05:22:50：80 個市場
取樣 05:22:55：80 個市場
取樣 05:23:00：80 個市場
取樣 05:23:05：80 個市場
取樣 05:23:15：80 個市場
取樣 05:23:20：80 個市場
取樣 05:23:25：80 個市場
取樣 05:23:30：80 個市場
取樣 05:23:35：80 個市場
取樣 05:23:40：80 個市場
取樣 05:23:45：80 個市場
取樣 05:23:55：80 個市場
取樣 05:24:00：80 個市場
取樣 05:24:05：80 個市場
取樣 05:24:10：80 個市場
取樣 05:24:15：80 個市場
取樣 05:24:20：80 個市場
取樣 05:24:25：80 個市場
取樣 05:24:35：80 個市場
取樣 05:24:40：80 個市場
取樣 05:24:45：80 個市場
取樣 05:24:50：80 個市場
取樣 05:25:00：80 個市場
取樣 05:25:10：80 個市場
取樣 05:25:15：80 個市場
取樣 05:25:20：80 個市場
取樣 05:25:25：80 個市場
取樣 05:25:30：80 個市場
取樣 05:25:40：80 個市場
取樣 05:25:45：80 個市場
取樣 05:25:50：80 個市場
取樣 05:26:00：80 個市場
取樣 05:26:05：80 個市場
取樣 05:26:10：80 個市場
取樣 05:26:15：80 個市場
取樣 05:26:20：80 個市場
取樣 05:26:25：80 個市場
取樣 05:26:30：80 個市場
取樣 05:26:35：80 個市場
取樣 05:26:40：80 個市場
取樣 05:26:45：80 個市場
取樣 05:26:50：80 個市場
取樣 05:26:55：80 個市場
取樣 05:27:00：80 個市場
取樣 05:27:05：80 個市場
取樣 05:27:10：80 個市場
取樣 05:27:20：80 個市場
取樣 05:27:30：80 個市場
取樣 05:27:35：80 個市場
取樣 05:27:40：80 個市場
取樣 05:27:45：80 個市場
取樣 05:27:50：80 個市場
取樣 05:27:55：80 個市場
取樣 05:28:00：80 個市場
取樣 05:28:05：80 個市場
取樣 05:28:10：80 個市場
取樣 05:28:15：80 個市場
取樣 05:28:20：80 個市場
取樣 05:28:25：80 個市場
取樣 05:28:30：80 個市場
取樣 05:28:35：80 個市場
取樣 05:28:40：80 個市場
取樣 05:28:45：80 個市場
取樣 05:28:50：80 個市場
取樣 05:28:55：80 個市場
取樣 05:29:00：80 個市場
取樣 05:29:05：80 個市場
取樣 05:29:10：80 個市場
取樣 05:29:15：80 個市場
取樣 05:29:20：80 個市場
取樣 05:29:25：80 個市場
取樣 05:29:30：80 個市場
取樣 05:29:35：80 個市場
取樣 05:29:40：80 個市場
取樣 05:29:45：80 個市場
取樣 05:29:50：80 個市場
取樣 05:30:00：80 個市場
取樣 05:30:05：80 個市場
取樣 05:30:10：80 個市場
取樣 05:30:15：80 個市場
取樣 05:30:20：80 個市場
取樣 05:30:25：80 個市場
取樣 05:30:30：80 個市場
取樣 05:30:35：80 個市場
取樣 05:30:40：80 個市場
取樣 05:30:45：80 個市場
取樣 05:30:50：80 個市場
取樣 05:30:55：80 個市場
取樣 05:31:00：80 個市場
取樣 05:31:05：80 個市場
取樣 05:31:10：80 個市場
取樣 05:31:15：80 個市場
取樣 05:31:20：80 個市場
取樣 05:31:30：80 個市場
取樣 05:31:35：80 個市場
取樣 05:31:40：80 個市場
取樣 05:31:45：80 個市場
取樣 05:31:50：80 個市場
取樣 05:31:55：80 個市場
取樣 05:32:00：80 個市場
取樣 05:32:05：80 個市場
取樣 05:32:15：80 個市場
取樣 05:32:20：80 個市場
取樣 05:32:25：80 個市場
取樣 05:32:30：80 個市場
取樣 05:32:35：80 個市場
取樣 05:32:45：80 個市場
取樣 05:32:55：80 個市場
取樣 05:33:00：80 個市場
取樣 05:33:10：80 個市場
取樣 05:33:20：80 個市場
取樣 05:33:25：80 個市場
取樣 05:33:30：80 個市場
取樣 05:33:35：80 個市場
取樣 05:33:40：80 個市場
取樣 05:33:45：80 個市場
取樣 05:33:50：80 個市場
取樣 05:33:55：80 個市場
取樣 05:34:00：80 個市場
取樣 05:34:05：80 個市場
取樣 05:34:10：80 個市場
取樣 05:34:15：80 個市場
取樣 05:34:20：80 個市場
取樣 05:34:30：80 個市場
取樣 05:34:35：80 個市場
取樣 05:34:40：80 個市場
取樣 05:34:45：80 個市場
取樣 05:34:50：80 個市場
取樣 05:35:00：80 個市場
取樣 05:35:05：80 個市場
取樣 05:35:10：80 個市場
取樣 05:35:15：80 個市場
取樣 05:35:20：80 個市場
取樣 05:35:25：80 個市場
取樣 05:35:30：80 個市場
取樣 05:35:35：80 個市場
取樣 05:35:40：80 個市場
取樣 05:35:45：80 個市場
取樣 05:35:55：80 個市場
取樣 05:36:00：80 個市場
取樣 05:36:10：80 個市場
取樣 05:36:15：80 個市場
取樣 05:36:20：80 個市場
取樣 05:36:30：80 個市場
取樣 05:36:35：80 個市場
取樣 05:36:40：80 個市場
取樣 05:36:50：80 個市場
取樣 05:36:55：80 個市場
取樣 05:37:00：80 個市場
取樣 05:37:05：80 個市場
取樣 05:37:10：80 個市場
取樣 05:37:15：80 個市場
取樣 05:37:25：80 個市場
取樣 05:37:30：80 個市場
取樣 05:37:35：80 個市場
取樣 05:37:45：80 個市場
取樣 05:37:50：80 個市場
取樣 05:37:55：80 個市場
取樣 05:38:00：80 個市場
取樣 05:38:05：80 個市場
取樣 05:38:14：80 個市場
取樣 05:38:20：80 個市場
取樣 05:38:25：80 個市場
取樣 05:38:30：80 個市場
取樣 05:38:40：80 個市場
取樣 05:38:45：80 個市場
取樣 05:38:50：80 個市場
取樣 05:38:55：80 個市場
取樣 05:39:00：80 個市場
取樣 05:39:09：80 個市場
取樣 05:39:15：80 個市場
取樣 05:39:20：80 個市場
取樣 05:39:25：80 個市場
取樣 05:39:30：80 個市場
取樣 05:39:35：80 個市場
取樣 05:39:45：80 個市場
取樣 05:39:50：80 個市場
取樣 05:39:55：80 個市場
取樣 05:40:05：80 個市場
取樣 05:40:10：80 個市場
取樣 05:40:15：80 個市場
取樣 05:40:25：80 個市場
取樣 05:40:30：80 個市場
取樣 05:40:35：80 個市場
取樣 05:40:40：80 個市場
取樣 05:40:50：80 個市場
取樣 05:40:55：80 個市場
取樣 05:41:00：80 個市場
取樣 05:41:10：80 個市場
取樣 05:41:15：80 個市場
取樣 05:41:20：80 個市場
取樣 05:41:25：80 個市場
取樣 05:41:30：80 個市場
取樣 05:41:35：80 個市場
取樣 05:41:45：80 個市場
取樣 05:41:50：80 個市場
取樣 05:41:55：80 個市場
取樣 05:42:00：80 個市場
取樣 05:42:10：80 個市場
取樣 05:42:15：80 個市場
取樣 05:42:20：80 個市場
取樣 05:42:25：80 個市場
取樣 05:42:30：80 個市場
取樣 05:42:40：80 個市場
取樣 05:42:45：80 個市場
取樣 05:42:50：80 個市場
取樣 05:42:55：80 個市場
取樣 05:43:00：80 個市場
取樣 05:43:05：80 個市場
取樣 05:43:10：80 個市場
取樣 05:43:15：80 個市場
取樣 05:43:20：80 個市場
取樣 05:43:25：80 個市場
取樣 05:43:35：80 個市場
取樣 05:43:40：80 個市場
取樣 05:43:45：80 個市場
取樣 05:43:55：80 個市場
取樣 05:44:00：80 個市場
取樣 05:44:05：80 個市場
取樣 05:44:10：80 個市場
取樣 05:44:15：80 個市場
取樣 05:44:20：80 個市場
取樣 05:44:25：80 個市場
取樣 05:44:30：80 個市場
取樣 05:44:40：80 個市場
取樣 05:44:45：80 個市場
取樣 05:44:50：80 個市場
取樣 05:45:00：80 個市場
取樣 05:45:05：80 個市場
取樣 05:45:10：80 個市場
取樣 05:45:15：80 個市場
取樣 05:45:20：80 個市場
取樣 05:45:25：80 個市場
取樣 05:45:30：80 個市場
取樣 05:45:35：80 個市場
取樣 05:45:40：80 個市場
取樣 05:45:45：80 個市場
取樣 05:45:50：80 個市場
取樣 05:45:55：80 個市場
取樣 05:46:00：80 個市場
取樣 05:46:05：80 個市場
取樣 05:46:10：80 個市場
取樣 05:46:15：80 個市場
取樣 05:46:20：80 個市場
取樣 05:46:25：80 個市場
取樣 05:46:30：80 個市場
取樣 05:46:35：80 個市場
取樣 05:46:40：80 個市場
取樣 05:46:45：80 個市場
取樣 05:46:50：80 個市場
取樣 05:46:55：80 個市場
取樣 05:47:00：80 個市場
取樣 05:47:05：80 個市場
取樣 05:47:10：80 個市場
取樣 05:47:15：80 個市場
取樣 05:47:20：80 個市場
取樣 05:47:25：80 個市場
取樣 05:47:30：80 個市場
取樣 05:47:35：80 個市場
取樣 05:47:40：80 個市場
取樣 05:47:45：80 個市場
取樣 05:47:50：80 個市場
取樣 05:47:55：80 個市場
取樣 05:48:00：80 個市場
取樣 05:48:05：80 個市場
取樣 05:48:15：80 個市場
取樣 05:48:20：80 個市場
取樣 05:48:25：80 個市場
取樣 05:48:30：80 個市場
取樣 05:48:35：80 個市場
取樣 05:48:40：80 個市場
取樣 05:48:50：80 個市場
取樣 05:48:55：80 個市場
取樣 05:49:00：80 個市場
取樣 05:49:05：80 個市場
取樣 05:49:10：80 個市場
取樣 05:49:15：80 個市場
取樣 05:49:20：80 個市場
取樣 05:49:25：80 個市場
取樣 05:49:30：80 個市場
取樣 05:49:35：80 個市場
取樣 05:49:40：80 個市場
取樣 05:49:45：80 個市場
取樣 05:49:50：80 個市場
取樣 05:49:55：80 個市場
取樣 05:50:05：80 個市場
取樣 05:50:10：80 個市場
取樣 05:50:20：80 個市場
取樣 05:50:25：80 個市場
取樣 05:50:30：80 個市場
取樣 05:50:35：80 個市場
取樣 05:50:40：80 個市場
取樣 05:50:45：80 個市場
取樣 05:50:55：80 個市場
取樣 05:51:00：80 個市場
取樣 05:51:10：80 個市場
取樣 05:51:15：80 個市場
取樣 05:51:25：80 個市場
取樣 05:51:35：80 個市場
取樣 05:51:40：80 個市場
取樣 05:51:50：80 個市場
取樣 05:52:00：80 個市場
取樣 05:52:10：80 個市場
取樣 05:52:15：80 個市場
取樣 05:52:25：80 個市場
取樣 05:52:30：80 個市場
取樣 05:52:40：80 個市場
取樣 05:52:45：80 個市場
取樣 05:52:55：80 個市場
取樣 05:53:00：80 個市場
取樣 05:53:10：80 個市場
取樣 05:53:15：80 個市場
取樣 05:53:25：80 個市場
取樣 05:53:35：80 個市場
取樣 05:53:40：80 個市場
取樣 05:53:45：80 個市場
取樣 05:53:55：80 個市場
取樣 05:54:00：80 個市場
取樣 05:54:05：80 個市場
取樣 05:54:15：80 個市場
取樣 05:54:20：80 個市場
取樣 05:54:25：80 個市場
取樣 05:54:35：80 個市場
取樣 05:54:45：80 個市場
取樣 05:54:55：80 個市場
取樣 05:55:00：80 個市場
取樣 05:55:05：80 個市場
取樣 05:55:10：80 個市場
取樣 05:55:15：80 個市場
取樣 05:55:20：80 個市場
取樣 05:55:25：80 個市場
取樣 05:55:30：80 個市場
取樣 05:55:35：80 個市場
取樣 05:55:40：80 個市場
取樣 05:55:45：80 個市場
取樣 05:55:50：80 個市場
取樣 05:55:55：80 個市場
取樣 05:56:00：80 個市場
取樣 05:56:10：80 個市場
取樣 05:56:15：80 個市場
取樣 05:56:20：80 個市場
取樣 05:56:25：80 個市場
取樣 05:56:30：80 個市場
取樣 05:56:35：80 個市場
取樣 05:56:40：80 個市場
取樣 05:56:45：80 個市場
取樣 05:56:50：80 個市場
取樣 05:56:55：80 個市場
取樣 05:57:00：80 個市場
取樣 05:57:05：80 個市場
取樣 05:57:10：80 個市場
取樣 05:57:15：80 個市場
取樣 05:57:20：80 個市場
取樣 05:57:25：80 個市場
取樣 05:57:30：80 個市場
取樣 05:57:35：80 個市場
取樣 05:57:45：80 個市場
取樣 05:57:50：80 個市場
取樣 05:57:55：80 個市場
取樣 05:58:00：80 個市場
取樣 05:58:05：80 個市場
取樣 05:58:10：80 個市場
取樣 05:58:15：80 個市場
取樣 05:58:20：80 個市場
取樣 05:58:25：80 個市場
取樣 05:58:30：80 個市場
取樣 05:58:35：80 個市場
取樣 05:58:40：80 個市場
取樣 05:58:45：80 個市場
取樣 05:58:50：80 個市場
取樣 05:58:55：80 個市場
取樣 05:59:00：80 個市場
取樣 05:59:05：80 個市場
取樣 05:59:10：80 個市場
取樣 05:59:15：80 個市場
取樣 05:59:20：80 個市場
取樣 05:59:25：80 個市場
取樣 05:59:30：80 個市場
取樣 05:59:35：80 個市場
取樣 05:59:40：80 個市場
取樣 05:59:45：80 個市場
取樣 05:59:50：80 個市場
取樣 05:59:55：80 個市場
取樣 06:00:00：80 個市場
取樣 06:00:05：80 個市場
取樣 06:00:10：80 個市場
取樣 06:00:20：80 個市場
取樣 06:00:25：80 個市場
取樣 06:00:35：80 個市場
取樣 06:00:40：80 個市場
取樣 06:00:45：80 個市場
取樣 06:00:50：80 個市場
取樣 06:00:55：80 個市場
取樣 06:01:00：80 個市場
取樣 06:01:10：80 個市場
取樣 06:01:15：80 個市場
取樣 06:01:20：80 個市場
取樣 06:01:25：80 個市場
取樣 06:01:30：80 個市場
取樣 06:01:40：80 個市場
取樣 06:01:45：80 個市場
取樣 06:01:50：80 個市場
取樣 06:01:55：80 個市場
取樣 06:02:00：80 個市場
取樣 06:02:05：80 個市場
取樣 06:02:10：80 個市場
取樣 06:02:15：80 個市場
取樣 06:02:20：80 個市場
取樣 06:02:25：80 個市場
取樣 06:02:30：80 個市場
取樣 06:02:35：80 個市場
取樣 06:02:40：80 個市場
取樣 06:02:45：80 個市場
取樣 06:02:55：80 個市場
取樣 06:03:00：80 個市場
取樣 06:03:05：80 個市場
取樣 06:03:10：80 個市場
取樣 06:03:15：80 個市場
取樣 06:03:20：80 個市場
取樣 06:03:25：80 個市場
取樣 06:03:30：80 個市場
取樣 06:03:35：80 個市場
取樣 06:03:45：80 個市場
取樣 06:03:50：80 個市場
取樣 06:03:55：80 個市場
取樣 06:04:00：80 個市場
取樣 06:04:05：80 個市場
取樣 06:04:10：80 個市場
取樣 06:04:15：80 個市場
取樣 06:04:25：80 個市場
取樣 06:04:30：80 個市場
取樣 06:04:35：80 個市場
取樣 06:04:40：80 個市場
取樣 06:04:45：80 個市場
取樣 06:04:50：80 個市場
取樣 06:04:55：80 個市場
取樣 06:05:00：80 個市場
取樣 06:05:05：80 個市場
取樣 06:05:10：80 個市場
取樣 06:05:15：80 個市場
取樣 06:05:20：80 個市場
取樣 06:05:25：80 個市場
取樣 06:05:30：80 個市場
取樣 06:05:35：80 個市場
取樣 06:05:40：80 個市場
取樣 06:05:45：80 個市場
取樣 06:05:55：80 個市場
取樣 06:06:00：80 個市場
取樣 06:06:05：80 個市場
取樣 06:06:10：80 個市場
取樣 06:06:20：80 個市場
取樣 06:06:25：80 個市場
取樣 06:06:30：80 個市場
取樣 06:06:35：80 個市場
取樣 06:06:40：80 個市場
取樣 06:06:45：80 個市場
取樣 06:06:55：80 個市場
取樣 06:07:00：80 個市場
取樣 06:07:05：80 個市場
取樣 06:07:15：80 個市場
取樣 06:07:20：80 個市場
取樣 06:07:30：80 個市場
取樣 06:07:35：80 個市場
取樣 06:07:40：80 個市場
取樣 06:07:50：80 個市場
取樣 06:07:55：80 個市場
取樣 06:08:00：80 個市場
取樣 06:08:05：80 個市場
取樣 06:08:15：80 個市場
取樣 06:08:20：80 個市場
取樣 06:08:25：80 個市場
取樣 06:08:35：80 個市場
取樣 06:08:45：80 個市場
取樣 06:08:50：80 個市場
取樣 06:08:55：80 個市場
取樣 06:09:00：80 個市場
取樣 06:09:10：80 個市場
取樣 06:09:15：80 個市場
取樣 06:09:25：80 個市場
取樣 06:09:30：80 個市場
取樣 06:09:35：80 個市場
取樣 06:09:40：80 個市場
取樣 06:09:50：80 個市場
取樣 06:09:55：80 個市場
取樣 06:10:00：80 個市場
取樣 06:10:05：80 個市場
取樣 06:10:10：80 個市場
取樣 06:10:15：80 個市場
取樣 06:10:20：80 個市場
取樣 06:10:25：80 個市場
取樣 06:10:30：80 個市場
取樣 06:10:35：80 個市場
取樣 06:10:40：80 個市場
取樣 06:10:45：80 個市場
取樣 06:10:50：80 個市場
取樣 06:10:55：80 個市場
取樣 06:11:00：80 個市場
取樣 06:11:05：80 個市場
取樣 06:11:10：80 個市場
取樣 06:11:15：80 個市場
取樣 06:11:20：80 個市場
取樣 06:11:25：80 個市場
取樣 06:11:30：80 個市場
取樣 06:11:35：80 個市場
取樣 06:11:40：80 個市場
取樣 06:11:45：80 個市場
取樣 06:11:50：80 個市場
取樣 06:11:55：80 個市場
取樣 06:12:05：80 個市場
取樣 06:12:10：80 個市場
取樣 06:12:15：80 個市場
取樣 06:12:20：80 個市場
取樣 06:12:25：80 個市場
取樣 06:12:30：80 個市場
取樣 06:12:35：80 個市場
取樣 06:12:40：80 個市場
取樣 06:12:45：80 個市場
取樣 06:12:50：80 個市場
取樣 06:12:55：80 個市場
取樣 06:13:05：80 個市場
取樣 06:13:10：80 個市場
取樣 06:13:15：80 個市場
取樣 06:13:20：80 個市場
取樣 06:13:25：80 個市場
取樣 06:13:30：80 個市場
取樣 06:13:35：80 個市場
取樣 06:13:45：80 個市場
取樣 06:13:50：80 個市場
取樣 06:13:55：80 個市場
取樣 06:14:00：80 個市場
取樣 06:14:05：80 個市場
取樣 06:14:10：80 個市場
取樣 06:14:15：80 個市場
取樣 06:14:20：80 個市場
取樣 06:14:30：80 個市場
取樣 06:14:35：80 個市場
取樣 06:14:40：80 個市場
取樣 06:14:45：80 個市場
取樣 06:14:55：80 個市場
取樣 06:15:00：80 個市場
取樣 06:15:05：80 個市場
取樣 06:15:10：80 個市場
取樣 06:15:15：80 個市場
取樣 06:15:20：80 個市場
取樣 06:15:25：80 個市場
取樣 06:15:30：80 個市場
取樣 06:15:35：80 個市場
取樣 06:15:40：80 個市場
取樣 06:15:45：80 個市場
取樣 06:15:50：80 個市場
取樣 06:16:00：80 個市場
取樣 06:16:05：80 個市場
取樣 06:16:10：80 個市場
取樣 06:16:15：80 個市場
取樣 06:16:25：80 個市場
取樣 06:16:30：80 個市場
取樣 06:16:35：80 個市場
取樣 06:16:45：80 個市場
取樣 06:16:50：80 個市場
取樣 06:16:55：80 個市場
取樣 06:17:05：80 個市場
取樣 06:17:15：80 個市場
取樣 06:17:20：80 個市場
取樣 06:17:25：80 個市場
取樣 06:17:30：80 個市場
取樣 06:17:35：80 個市場
取樣 06:17:45：80 個市場
取樣 06:17:50：80 個市場
取樣 06:18:00：80 個市場
取樣 06:18:05：80 個市場
取樣 06:18:15：80 個市場
取樣 06:18:25：80 個市場
取樣 06:18:30：80 個市場
取樣 06:18:35：80 個市場
取樣 06:18:40：80 個市場
取樣 06:18:45：80 個市場
取樣 06:18:50：80 個市場
取樣 06:18:55：80 個市場
取樣 06:19:05：80 個市場
取樣 06:19:10：80 個市場
取樣 06:19:15：80 個市場
取樣 06:19:20：80 個市場
取樣 06:19:25：80 個市場
取樣 06:19:35：80 個市場
取樣 06:19:40：80 個市場
取樣 06:19:45：80 個市場
取樣 06:19:50：80 個市場
取樣 06:20:00：80 個市場
取樣 06:20:05：80 個市場
取樣 06:20:10：80 個市場
取樣 06:20:15：80 個市場
取樣 06:20:20：80 個市場
取樣 06:20:25：80 個市場
取樣 06:20:30：80 個市場
取樣 06:20:40：80 個市場
取樣 06:20:45：80 個市場
取樣 06:20:50：80 個市場
取樣 06:20:55：80 個市場
取樣 06:21:00：80 個市場
取樣 06:21:05：80 個市場
取樣 06:21:10：80 個市場
取樣 06:21:20：80 個市場
取樣 06:21:25：80 個市場
取樣 06:21:30：80 個市場
取樣 06:21:35：80 個市場
取樣 06:21:40：80 個市場
取樣 06:21:45：80 個市場
取樣 06:21:50：80 個市場
取樣 06:21:55：80 個市場
取樣 06:22:05：80 個市場
取樣 06:22:10：80 個市場
取樣 06:22:15：80 個市場
取樣 06:22:20：80 個市場
取樣 06:22:30：80 個市場
取樣 06:22:40：80 個市場
取樣 06:22:45：80 個市場
取樣 06:22:50：80 個市場
取樣 06:22:55：80 個市場
取樣 06:23:00：80 個市場
取樣 06:23:10：80 個市場
取樣 06:23:15：80 個市場
取樣 06:23:20：80 個市場
取樣 06:23:25：80 個市場
取樣 06:23:30：80 個市場
取樣 06:23:35：80 個市場
取樣 06:23:40：80 個市場
取樣 06:23:45：80 個市場
取樣 06:23:50：80 個市場
取樣 06:23:55：80 個市場
取樣 06:24:00：80 個市場
取樣 06:24:05：80 個市場
取樣 06:24:10：80 個市場
取樣 06:24:20：80 個市場
取樣 06:24:25：80 個市場
取樣 06:24:30：80 個市場
取樣 06:24:35：80 個市場
取樣 06:24:40：80 個市場
取樣 06:24:45：80 個市場
取樣 06:24:50：80 個市場
取樣 06:24:55：80 個市場
取樣 06:25:00：80 個市場
取樣 06:25:05：80 個市場
取樣 06:25:10：80 個市場
取樣 06:25:15：80 個市場
取樣 06:25:20：80 個市場
取樣 06:25:25：80 個市場
取樣 06:25:30：80 個市場
取樣 06:25:35：80 個市場
取樣 06:25:40：80 個市場
取樣 06:25:45：80 個市場
取樣 06:25:50：80 個市場
取樣 06:25:55：80 個市場
取樣 06:26:00：80 個市場
取樣 06:26:05：80 個市場
取樣 06:26:10：80 個市場
取樣 06:26:15：80 個市場
取樣 06:26:20：80 個市場
取樣 06:26:25：80 個市場
取樣 06:26:30：80 個市場
取樣 06:26:35：80 個市場
取樣 06:26:40：80 個市場
取樣 06:26:45：80 個市場
取樣 06:26:50：80 個市場
取樣 06:26:55：80 個市場
取樣 06:27:00：80 個市場
取樣 06:27:05：80 個市場
取樣 06:27:10：80 個市場
取樣 06:27:15：80 個市場
取樣 06:27:20：80 個市場
取樣 06:27:25：80 個市場
取樣 06:27:35：80 個市場
取樣 06:27:40：80 個市場
