============================================================
[1/3] Binance klines 1h backfill
============================================================
  Existing: 4469 bars, ends at 2026-04-21 04:00:00+00:00
  Fetched 226 bars up to 2026-04-30 14:00:00+00:00
  Updated: 4695 bars, 2025-10-17 00:00:00+00:00 -> 2026-04-30 14:00:00+00:00

============================================================
[2/4 existing] Coinglass endpoints
============================================================
  oi: 4689 bars, 2025-10-17 -> 2026-04-30
  oi_agg: 4689 bars, 2025-10-17 -> 2026-04-30
  liquidation: 4689 bars, 2025-10-17 -> 2026-04-30
  long_short: 4689 bars, 2025-10-17 -> 2026-04-30
  global_ls: 4689 bars, 2025-10-17 -> 2026-04-30
  funding: 4689 bars, 2025-10-17 -> 2026-04-30
  taker: 4689 bars, 2025-10-17 -> 2026-04-30

============================================================
[3/4 new] Coinglass endpoints
============================================================
  coinbase_premium: 4564 bars, 2025-10-22 -> 2026-04-30
  bitfinex_margin: 4564 bars, 2025-10-22 -> 2026-04-30
  top_ls_position: 4564 bars, 2025-10-22 -> 2026-04-30
  futures_cvd_agg: 4564 bars, 2025-10-22 -> 2026-04-30
  spot_cvd_agg: 4564 bars, 2025-10-22 -> 2026-04-30
  liq_agg: 4564 bars, 2025-10-22 -> 2026-04-30
  oi_coin_margin: 1564 bars, 2026-02-24 -> 2026-04-30

============================================================
[4/4] Deribit DVOL 1h backfill
============================================================
  Existing: 6186 bars, ends at 2026-04-21 05:00:00+00:00
  iter 0: +227 rows, earliest=2026-04-21 05:00:00+00:00
  Updated: 6412 bars, 2025-08-06 12:00:00+00:00 -> 2026-04-30 15:00:00+00:00

============================================================
DONE - all parquet files updated
============================================================
