C:\Users\rfo\Desktop\flowbot\flow_system\indicator\feature_builder_live.py:651: PerformanceWarning: DataFrame is highly fragmented.  This is usually the result of calling `frame.insert` many times, which has poor performance.  Consider joining all columns at once using pd.concat(axis=1) instead. To get a de-fragmented frame, use `newframe = frame.copy()`
  df[col] = merged[col].values
C:\Users\rfo\Desktop\flowbot\flow_system\indicator\feature_builder_live.py:651: PerformanceWarning: DataFrame is highly fragmented.  This is usually the result of calling `frame.insert` many times, which has poor performance.  Consider joining all columns at once using pd.concat(axis=1) instead. To get a de-fragmented frame, use `newframe = frame.copy()`
  df[col] = merged[col].values
C:\Users\rfo\Desktop\flowbot\flow_system\indicator\feature_builder_live.py:651: PerformanceWarning: DataFrame is highly fragmented.  This is usually the result of calling `frame.insert` many times, which has poor performance.  Consider joining all columns at once using pd.concat(axis=1) instead. To get a de-fragmented frame, use `newframe = frame.copy()`
  df[col] = merged[col].values
C:\Users\rfo\Desktop\flowbot\flow_system\indicator\feature_builder_live.py:651: PerformanceWarning: DataFrame is highly fragmented.  This is usually the result of calling `frame.insert` many times, which has poor performance.  Consider joining all columns at once using pd.concat(axis=1) instead. To get a de-fragmented frame, use `newframe = frame.copy()`
  df[col] = merged[col].values
C:\Users\rfo\Desktop\flowbot\flow_system\indicator\feature_builder_live.py:651: PerformanceWarning: DataFrame is highly fragmented.  This is usually the result of calling `frame.insert` many times, which has poor performance.  Consider joining all columns at once using pd.concat(axis=1) instead. To get a de-fragmented frame, use `newframe = frame.copy()`
  df[col] = merged[col].values
C:\Users\rfo\Desktop\flowbot\flow_system\indicator\feature_builder_live.py:683: PerformanceWarning: DataFrame is highly fragmented.  This is usually the result of calling `frame.insert` many times, which has poor performance.  Consider joining all columns at once using pd.concat(axis=1) instead. To get a de-fragmented frame, use `newframe = frame.copy()`
  df[col] = merged[col].values
C:\Users\rfo\Desktop\flowbot\flow_system\indicator\feature_builder_live.py:683: PerformanceWarning: DataFrame is highly fragmented.  This is usually the result of calling `frame.insert` many times, which has poor performance.  Consider joining all columns at once using pd.concat(axis=1) instead. To get a de-fragmented frame, use `newframe = frame.copy()`
  df[col] = merged[col].values
C:\Users\rfo\Desktop\flowbot\flow_system\indicator\feature_builder_live.py:683: PerformanceWarning: DataFrame is highly fragmented.  This is usually the result of calling `frame.insert` many times, which has poor performance.  Consider joining all columns at once using pd.concat(axis=1) instead. To get a de-fragmented frame, use `newframe = frame.copy()`
  df[col] = merged[col].values
C:\Users\rfo\Desktop\flowbot\flow_system\indicator\feature_builder_live.py:683: PerformanceWarning: DataFrame is highly fragmented.  This is usually the result of calling `frame.insert` many times, which has poor performance.  Consider joining all columns at once using pd.concat(axis=1) instead. To get a de-fragmented frame, use `newframe = frame.copy()`
  df[col] = merged[col].values
C:\Users\rfo\Desktop\flowbot\flow_system\indicator\feature_builder_live.py:683: PerformanceWarning: DataFrame is highly fragmented.  This is usually the result of calling `frame.insert` many times, which has poor performance.  Consider joining all columns at once using pd.concat(axis=1) instead. To get a de-fragmented frame, use `newframe = frame.copy()`
  df[col] = merged[col].values
C:\Users\rfo\Desktop\flowbot\flow_system\indicator\feature_builder_live.py:683: PerformanceWarning: DataFrame is highly fragmented.  This is usually the result of calling `frame.insert` many times, which has poor performance.  Consider joining all columns at once using pd.concat(axis=1) instead. To get a de-fragmented frame, use `newframe = frame.copy()`
  df[col] = merged[col].values
C:\Users\rfo\Desktop\flowbot\flow_system\indicator\feature_builder_live.py:683: PerformanceWarning: DataFrame is highly fragmented.  This is usually the result of calling `frame.insert` many times, which has poor performance.  Consider joining all columns at once using pd.concat(axis=1) instead. To get a de-fragmented frame, use `newframe = frame.copy()`
  df[col] = merged[col].values
C:\Users\rfo\Desktop\flowbot\flow_system\indicator\feature_builder_live.py:683: PerformanceWarning: DataFrame is highly fragmented.  This is usually the result of calling `frame.insert` many times, which has poor performance.  Consider joining all columns at once using pd.concat(axis=1) instead. To get a de-fragmented frame, use `newframe = frame.copy()`
  df[col] = merged[col].values
C:\Users\rfo\Desktop\flowbot\flow_system\indicator\feature_builder_live.py:690: PerformanceWarning: DataFrame is highly fragmented.  This is usually the result of calling `frame.insert` many times, which has poor performance.  Consider joining all columns at once using pd.concat(axis=1) instead. To get a de-fragmented frame, use `newframe = frame.copy()`
  df["dvol_rv_spread"] = df["dvol_close"] - rv_ann
C:\Users\rfo\Desktop\flowbot\flow_system\indicator\initiation_features.py:85: PerformanceWarning: DataFrame is highly fragmented.  This is usually the result of calling `frame.insert` many times, which has poor performance.  Consider joining all columns at once using pd.concat(axis=1) instead. To get a de-fragmented frame, use `newframe = frame.copy()`
  out["init_break_up_atr"] = (close - prior_high) / atr.replace(0, np.nan)
C:\Users\rfo\Desktop\flowbot\flow_system\indicator\initiation_features.py:86: PerformanceWarning: DataFrame is highly fragmented.  This is usually the result of calling `frame.insert` many times, which has poor performance.  Consider joining all columns at once using pd.concat(axis=1) instead. To get a de-fragmented frame, use `newframe = frame.copy()`
  out["init_break_dn_atr"] = (prior_low - close) / atr.replace(0, np.nan)
C:\Users\rfo\Desktop\flowbot\flow_system\indicator\initiation_features.py:92: PerformanceWarning: DataFrame is highly fragmented.  This is usually the result of calling `frame.insert` many times, which has poor performance.  Consider joining all columns at once using pd.concat(axis=1) instead. To get a de-fragmented frame, use `newframe = frame.copy()`
  out["init_bo_up"] = ((close > prior_high) & (open_ <= prior_high)).astype(float)
C:\Users\rfo\Desktop\flowbot\flow_system\indicator\initiation_features.py:93: PerformanceWarning: DataFrame is highly fragmented.  This is usually the result of calling `frame.insert` many times, which has poor performance.  Consider joining all columns at once using pd.concat(axis=1) instead. To get a de-fragmented frame, use `newframe = frame.copy()`
  out["init_bo_dn"] = ((close < prior_low) & (open_ >= prior_low)).astype(float)
C:\Users\rfo\Desktop\flowbot\flow_system\indicator\initiation_features.py:101: PerformanceWarning: DataFrame is highly fragmented.  This is usually the result of calling `frame.insert` many times, which has poor performance.  Consider joining all columns at once using pd.concat(axis=1) instead. To get a de-fragmented frame, use `newframe = frame.copy()`
  out["init_bo_up_streak"] = (
C:\Users\rfo\Desktop\flowbot\flow_system\indicator\initiation_features.py:104: PerformanceWarning: DataFrame is highly fragmented.  This is usually the result of calling `frame.insert` many times, which has poor performance.  Consider joining all columns at once using pd.concat(axis=1) instead. To get a de-fragmented frame, use `newframe = frame.copy()`
  out["init_bo_dn_streak"] = (
C:\Users\rfo\Desktop\flowbot\flow_system\indicator\initiation_features.py:113: PerformanceWarning: DataFrame is highly fragmented.  This is usually the result of calling `frame.insert` many times, which has poor performance.  Consider joining all columns at once using pd.concat(axis=1) instead. To get a de-fragmented frame, use `newframe = frame.copy()`
  out["init_funding_d1"] = fund_d1.shift(1)     # trailing only
C:\Users\rfo\Desktop\flowbot\flow_system\indicator\initiation_features.py:114: PerformanceWarning: DataFrame is highly fragmented.  This is usually the result of calling `frame.insert` many times, which has poor performance.  Consider joining all columns at once using pd.concat(axis=1) instead. To get a de-fragmented frame, use `newframe = frame.copy()`
  out["init_funding_d2"] = fund_d2.shift(1)
C:\Users\rfo\Desktop\flowbot\flow_system\indicator\initiation_features.py:119: PerformanceWarning: DataFrame is highly fragmented.  This is usually the result of calling `frame.insert` many times, which has poor performance.  Consider joining all columns at once using pd.concat(axis=1) instead. To get a de-fragmented frame, use `newframe = frame.copy()`
  out["init_funding_sign_persist_8h"] = roll_sign
C:\Users\rfo\Desktop\flowbot\flow_system\indicator\initiation_features.py:131: PerformanceWarning: DataFrame is highly fragmented.  This is usually the result of calling `frame.insert` many times, which has poor performance.  Consider joining all columns at once using pd.concat(axis=1) instead. To get a de-fragmented frame, use `newframe = frame.copy()`
  out["init_oi_close_corr_12h"] = _roll_corr(d_oi, d_close, OI_DIVERGENCE_WINDOW)
C:\Users\rfo\Desktop\flowbot\flow_system\indicator\initiation_features.py:138: PerformanceWarning: DataFrame is highly fragmented.  This is usually the result of calling `frame.insert` many times, which has poor performance.  Consider joining all columns at once using pd.concat(axis=1) instead. To get a de-fragmented frame, use `newframe = frame.copy()`
  out["init_oi_bullish_build"] = ((sign_close > 0) & (sign_oi > 0)).astype(float)
C:\Users\rfo\Desktop\flowbot\flow_system\indicator\initiation_features.py:139: PerformanceWarning: DataFrame is highly fragmented.  This is usually the result of calling `frame.insert` many times, which has poor performance.  Consider joining all columns at once using pd.concat(axis=1) instead. To get a de-fragmented frame, use `newframe = frame.copy()`
  out["init_oi_bearish_build"] = ((sign_close < 0) & (sign_oi > 0)).astype(float)
C:\Users\rfo\Desktop\flowbot\flow_system\indicator\initiation_features.py:156: PerformanceWarning: DataFrame is highly fragmented.  This is usually the result of calling `frame.insert` many times, which has poor performance.  Consider joining all columns at once using pd.concat(axis=1) instead. To get a de-fragmented frame, use `newframe = frame.copy()`
  out["init_liq_long_cluster"] = ll_cum_8h / (ll_base * 8 + 1e-9)
C:\Users\rfo\Desktop\flowbot\flow_system\indicator\initiation_features.py:157: PerformanceWarning: DataFrame is highly fragmented.  This is usually the result of calling `frame.insert` many times, which has poor performance.  Consider joining all columns at once using pd.concat(axis=1) instead. To get a de-fragmented frame, use `newframe = frame.copy()`
  out["init_liq_short_cluster"] = ls_cum_8h / (ls_base * 8 + 1e-9)
C:\Users\rfo\Desktop\flowbot\flow_system\indicator\initiation_features.py:161: PerformanceWarning: DataFrame is highly fragmented.  This is usually the result of calling `frame.insert` many times, which has poor performance.  Consider joining all columns at once using pd.concat(axis=1) instead. To get a de-fragmented frame, use `newframe = frame.copy()`
  out["init_liq_cluster_imb"] = np.where(
C:\Users\rfo\Desktop\flowbot\flow_system\indicator\initiation_features.py:172: PerformanceWarning: DataFrame is highly fragmented.  This is usually the result of calling `frame.insert` many times, which has poor performance.  Consider joining all columns at once using pd.concat(axis=1) instead. To get a de-fragmented frame, use `newframe = frame.copy()`
  out["init_break_funding_align_up"] = up_align
C:\Users\rfo\Desktop\flowbot\flow_system\indicator\initiation_features.py:173: PerformanceWarning: DataFrame is highly fragmented.  This is usually the result of calling `frame.insert` many times, which has poor performance.  Consider joining all columns at once using pd.concat(axis=1) instead. To get a de-fragmented frame, use `newframe = frame.copy()`
  out["init_break_funding_align_dn"] = dn_align
C:\Users\rfo\Desktop\flowbot\flow_system\indicator\initiation_features.py:218: PerformanceWarning: DataFrame is highly fragmented.  This is usually the result of calling `frame.insert` many times, which has poor performance.  Consider joining all columns at once using pd.concat(axis=1) instead. To get a de-fragmented frame, use `newframe = frame.copy()`
  out["dfp_fcvd_sign_streak"] = _signed_streak(out["cg_fcvd_delta"], cap=24)
C:\Users\rfo\Desktop\flowbot\flow_system\indicator\initiation_features.py:220: PerformanceWarning: DataFrame is highly fragmented.  This is usually the result of calling `frame.insert` many times, which has poor performance.  Consider joining all columns at once using pd.concat(axis=1) instead. To get a de-fragmented frame, use `newframe = frame.copy()`
  out["dfp_scvd_sign_streak"] = _signed_streak(out["cg_scvd_delta"], cap=24)
C:\Users\rfo\Desktop\flowbot\flow_system\indicator\initiation_features.py:222: PerformanceWarning: DataFrame is highly fragmented.  This is usually the result of calling `frame.insert` many times, which has poor performance.  Consider joining all columns at once using pd.concat(axis=1) instead. To get a de-fragmented frame, use `newframe = frame.copy()`
  out["dfp_taker_sign_streak"] = _signed_streak(out["cg_taker_delta"], cap=24)
C:\Users\rfo\Desktop\flowbot\flow_system\indicator\initiation_features.py:224: PerformanceWarning: DataFrame is highly fragmented.  This is usually the result of calling `frame.insert` many times, which has poor performance.  Consider joining all columns at once using pd.concat(axis=1) instead. To get a de-fragmented frame, use `newframe = frame.copy()`
  out["dfp_oi_sign_streak"] = _signed_streak(out["cg_oi_delta"], cap=24)
C:\Users\rfo\Desktop\flowbot\flow_system\indicator\initiation_features.py:227: PerformanceWarning: DataFrame is highly fragmented.  This is usually the result of calling `frame.insert` many times, which has poor performance.  Consider joining all columns at once using pd.concat(axis=1) instead. To get a de-fragmented frame, use `newframe = frame.copy()`
  out["dfp_pos_ls_sign_streak"] = _signed_streak(pos_d, cap=24)
C:\Users\rfo\Desktop\flowbot\flow_system\indicator\initiation_features.py:236: PerformanceWarning: DataFrame is highly fragmented.  This is usually the result of calling `frame.insert` many times, which has poor performance.  Consider joining all columns at once using pd.concat(axis=1) instead. To get a de-fragmented frame, use `newframe = frame.copy()`
  out["dfp_flow_consensus_signed"] = consensus_signed
C:\Users\rfo\Desktop\flowbot\flow_system\indicator\initiation_features.py:237: PerformanceWarning: DataFrame is highly fragmented.  This is usually the result of calling `frame.insert` many times, which has poor performance.  Consider joining all columns at once using pd.concat(axis=1) instead. To get a de-fragmented frame, use `newframe = frame.copy()`
  out["dfp_flow_consensus_persist_8h"] = consensus_signed.rolling(
C:\Users\rfo\Desktop\flowbot\flow_system\indicator\initiation_features.py:250: PerformanceWarning: DataFrame is highly fragmented.  This is usually the result of calling `frame.insert` many times, which has poor performance.  Consider joining all columns at once using pd.concat(axis=1) instead. To get a de-fragmented frame, use `newframe = frame.copy()`
  out["dfp_flow_consensus_zweighted"] = weighted
C:\Users\rfo\Desktop\flowbot\flow_system\indicator\initiation_features.py:257: PerformanceWarning: DataFrame is highly fragmented.  This is usually the result of calling `frame.insert` many times, which has poor performance.  Consider joining all columns at once using pd.concat(axis=1) instead. To get a de-fragmented frame, use `newframe = frame.copy()`
  out["dfp_spot_lead_ratio"] = (sd - fd) / denom
C:\Users\rfo\Desktop\flowbot\flow_system\indicator\initiation_features.py:263: PerformanceWarning: DataFrame is highly fragmented.  This is usually the result of calling `frame.insert` many times, which has poor performance.  Consider joining all columns at once using pd.concat(axis=1) instead. To get a de-fragmented frame, use `newframe = frame.copy()`
  out["dfp_retail_whale_div"] = retail_d - whale_d
C:\Users\rfo\Desktop\flowbot\flow_system\indicator\initiation_features.py:275: PerformanceWarning: DataFrame is highly fragmented.  This is usually the result of calling `frame.insert` many times, which has poor performance.  Consider joining all columns at once using pd.concat(axis=1) instead. To get a de-fragmented frame, use `newframe = frame.copy()`
  out["dfp_long_build_persist_8h"] = long_build_flag.rolling(
C:\Users\rfo\Desktop\flowbot\flow_system\indicator\initiation_features.py:278: PerformanceWarning: DataFrame is highly fragmented.  This is usually the result of calling `frame.insert` many times, which has poor performance.  Consider joining all columns at once using pd.concat(axis=1) instead. To get a de-fragmented frame, use `newframe = frame.copy()`
  out["dfp_net_build_8h"] = out["dfp_long_build_persist_8h"] - short_build_8h
C:\Users\rfo\Desktop\flowbot\flow_system\indicator\initiation_features.py:279: PerformanceWarning: DataFrame is highly fragmented.  This is usually the result of calling `frame.insert` many times, which has poor performance.  Consider joining all columns at once using pd.concat(axis=1) instead. To get a de-fragmented frame, use `newframe = frame.copy()`
  out["dfp_long_cover_persist_8h"] = long_cover_flag.rolling(
C:\Users\rfo\Desktop\flowbot\flow_system\indicator\initiation_features.py:281: PerformanceWarning: DataFrame is highly fragmented.  This is usually the result of calling `frame.insert` many times, which has poor performance.  Consider joining all columns at once using pd.concat(axis=1) instead. To get a de-fragmented frame, use `newframe = frame.copy()`
  out["dfp_short_cover_persist_8h"] = short_cover_flag.rolling(
C:\Users\rfo\Desktop\flowbot\flow_system\indicator\initiation_features.py:286: PerformanceWarning: DataFrame is highly fragmented.  This is usually the result of calling `frame.insert` many times, which has poor performance.  Consider joining all columns at once using pd.concat(axis=1) instead. To get a de-fragmented frame, use `newframe = frame.copy()`
  out["dfp_fcvd_cum_24h_rank"] = _pct_rank_trailing(out["cg_fcvd_cum"], 24)
C:\Users\rfo\Desktop\flowbot\flow_system\indicator\initiation_features.py:288: PerformanceWarning: DataFrame is highly fragmented.  This is usually the result of calling `frame.insert` many times, which has poor performance.  Consider joining all columns at once using pd.concat(axis=1) instead. To get a de-fragmented frame, use `newframe = frame.copy()`
  out["dfp_scvd_cum_24h_rank"] = _pct_rank_trailing(out["cg_scvd_cum"], 24)
C:\Users\rfo\Desktop\flowbot\flow_system\indicator\initiation_features.py:291: PerformanceWarning: DataFrame is highly fragmented.  This is usually the result of calling `frame.insert` many times, which has poor performance.  Consider joining all columns at once using pd.concat(axis=1) instead. To get a de-fragmented frame, use `newframe = frame.copy()`
  out["dfp_taker_4h_24h_rank"] = _pct_rank_trailing(taker_4h, 24)
C:\Users\rfo\Desktop\flowbot\flow_system\indicator\initiation_features.py:299: PerformanceWarning: DataFrame is highly fragmented.  This is usually the result of calling `frame.insert` many times, which has poor performance.  Consider joining all columns at once using pd.concat(axis=1) instead. To get a de-fragmented frame, use `newframe = frame.copy()`
  out["dfp_liq_long_dom_streak"] = _flag_streak(long_dom, cap=12)
C:\Users\rfo\Desktop\flowbot\flow_system\indicator\initiation_features.py:300: PerformanceWarning: DataFrame is highly fragmented.  This is usually the result of calling `frame.insert` many times, which has poor performance.  Consider joining all columns at once using pd.concat(axis=1) instead. To get a de-fragmented frame, use `newframe = frame.copy()`
  out["dfp_liq_short_dom_streak"] = _flag_streak(short_dom, cap=12)
C:\Users\rfo\Desktop\flowbot\flow_system\indicator\initiation_features.py:306: PerformanceWarning: DataFrame is highly fragmented.  This is usually the result of calling `frame.insert` many times, which has poor performance.  Consider joining all columns at once using pd.concat(axis=1) instead. To get a de-fragmented frame, use `newframe = frame.copy()`
  out["dfp_post_long_liq_rev"] = ll_extreme.astype(float) * (
C:\Users\rfo\Desktop\flowbot\flow_system\indicator\feature_builder_live.py:525: PerformanceWarning: DataFrame is highly fragmented.  This is usually the result of calling `frame.insert` many times, which has poor performance.  Consider joining all columns at once using pd.concat(axis=1) instead. To get a de-fragmented frame, use `newframe = frame.copy()`
  df["exchange_flow_8h"] = _flow.rolling(8, min_periods=4).sum()
C:\Users\rfo\Desktop\flowbot\flow_system\indicator\feature_builder_live.py:529: PerformanceWarning: DataFrame is highly fragmented.  This is usually the result of calling `frame.insert` many times, which has poor performance.  Consider joining all columns at once using pd.concat(axis=1) instead. To get a de-fragmented frame, use `newframe = frame.copy()`
  df["oi_to_volume_zscore"] = _zscore(_oi_vol_ratio, 168)
C:\Users\rfo\anaconda3\lib\site-packages\scipy\stats\stats.py:4484: SpearmanRConstantInputWarning: An input array is constant; the correlation coefficient is not defined.
  warnings.warn(SpearmanRConstantInputWarning())
C:\Users\rfo\anaconda3\lib\site-packages\scipy\stats\stats.py:4484: SpearmanRConstantInputWarning: An input array is constant; the correlation coefficient is not defined.
  warnings.warn(SpearmanRConstantInputWarning())
========================================================================
  FEATURE-SEARCH ENSEMBLE A/B — 4-condition per-fold sanity
========================================================================
Parquet data is 1490.3h old (threshold: 6.0h). Running backfill...
============================================================
[1/3] Binance klines 1h backfill
============================================================
  Existing: 5762 bars, ends at 2026-06-14 01:00:00+00:00
  Fetched 0 bars up to N/A
  Updated: 5762 bars, 2025-10-17 00:00:00+00:00 -> 2026-06-14 01:00:00+00:00

============================================================
[2/4 existing] Coinglass endpoints
============================================================
  oi: 5756 bars, 2025-10-17 -> 2026-06-14
  oi_agg: 5756 bars, 2025-10-17 -> 2026-06-14
  liquidation: 5756 bars, 2025-10-17 -> 2026-06-14
  long_short: 5756 bars, 2025-10-17 -> 2026-06-14
  global_ls: 5756 bars, 2025-10-17 -> 2026-06-14
  funding: 5756 bars, 2025-10-17 -> 2026-06-14
  taker: 5756 bars, 2025-10-17 -> 2026-06-14

============================================================
[3/4 new] Coinglass endpoints
============================================================
  coinbase_premium: 5631 bars, 2025-10-22 -> 2026-06-14
  bitfinex_margin: 5631 bars, 2025-10-22 -> 2026-06-14
  top_ls_position: 5631 bars, 2025-10-22 -> 2026-06-14
  futures_cvd_agg: 5631 bars, 2025-10-22 -> 2026-06-14
  spot_cvd_agg: 5631 bars, 2025-10-22 -> 2026-06-14
  liq_agg: 5631 bars, 2025-10-22 -> 2026-06-14
  oi_coin_margin: 2631 bars, 2026-02-24 -> 2026-06-14

============================================================
[4/4] Deribit DVOL 1h backfill
============================================================
  Existing: 7479 bars, ends at 2026-06-14 02:00:00+00:00
  iter 0: +1 rows, earliest=2026-06-14 02:00:00+00:00
  Updated: 7479 bars, 2025-08-06 12:00:00+00:00 -> 2026-06-14 02:00:00+00:00

============================================================
DONE - all parquet files updated
============================================================
  bars=3999  deployed=136
  baseline[clean] built: 77 folds AUC=0.5412 IC=+0.0631 (108s)
  baseline[leaky] built: 77 folds AUC=0.6020 IC=+0.1668 (30s)

  --- A/B set: dvol_level_all  (+5 features) ---
    CLEAN  AUC 0.5412->0.5339 agg-0.0074 mean+0.0053 fpos0.60 p0.172 | IC agg-0.0026
    LEAKY  AUC 0.6020->0.5914 agg-0.0105 mean-0.0101 fpos0.43 p0.850
    clean-AUC 4-cond: agg>0.005=False mean>0.001=True fpos>0.55=True bootp<0.05=False  =>  NO-GO

  --- A/B set: dvol_best_single  (+1 features) ---
    CLEAN  AUC 0.5412->0.5411 agg-0.0001 mean+0.0056 fpos0.55 p0.157 | IC agg+0.0015
    LEAKY  AUC 0.6020->0.5933 agg-0.0087 mean+0.0022 fpos0.47 p0.430
    clean-AUC 4-cond: agg>0.005=False mean>0.001=True fpos>0.55=False bootp<0.05=False  =>  NO-GO

  --- A/B set: dvol_dynamics  (+4 features) ---
    CLEAN  AUC 0.5412->0.5367 agg-0.0046 mean+0.0032 fpos0.48 p0.305 | IC agg-0.0020
    LEAKY  AUC 0.6020->0.5908 agg-0.0112 mean-0.0096 fpos0.44 p0.833
    clean-AUC 4-cond: agg>0.005=False mean>0.001=True fpos>0.55=False bootp<0.05=False  =>  NO-GO

  --- A/B set: dfp_highcondic  (+4 features) ---
    CLEAN  AUC 0.5412->0.5441 agg+0.0029 mean+0.0040 fpos0.58 p0.250 | IC agg+0.0084
    LEAKY  AUC 0.6020->0.5978 agg-0.0041 mean-0.0085 fpos0.46 p0.801
    clean-AUC 4-cond: agg>0.005=False mean>0.001=True fpos>0.55=True bootp<0.05=False  =>  NO-GO

  --- A/B set: init_highcondic  (+4 features) ---
    CLEAN  AUC 0.5412->0.5407 agg-0.0006 mean+0.0027 fpos0.51 p0.351 | IC agg-0.0021
    LEAKY  AUC 0.6020->0.5948 agg-0.0072 mean-0.0059 fpos0.46 p0.733
    clean-AUC 4-cond: agg>0.005=False mean>0.001=True fpos>0.55=False bootp<0.05=False  =>  NO-GO

  --- A/B set: imb_multibar  (+3 features) ---
    CLEAN  AUC 0.5412->0.5407 agg-0.0005 mean-0.0013 fpos0.48 p0.582 | IC agg-0.0012
    LEAKY  AUC 0.6020->0.5986 agg-0.0034 mean-0.0207 fpos0.42 p0.987
    clean-AUC 4-cond: agg>0.005=False mean>0.001=False fpos>0.55=False bootp<0.05=False  =>  NO-GO

  --- A/B set: top12_condic  (+12 features) ---
    CLEAN  AUC 0.5412->0.5368 agg-0.0044 mean+0.0018 fpos0.51 p0.412 | IC agg-0.0117
    LEAKY  AUC 0.6020->0.5986 agg-0.0034 mean-0.0031 fpos0.56 p0.610
    clean-AUC 4-cond: agg>0.005=False mean>0.001=True fpos>0.55=False bootp<0.05=False  =>  NO-GO

  saved -> C:\Users\rfo\Desktop\flowbot\flow_system\research\results\feature_search_ab.json
  DEPLOY verdicts (clean AUC, all 4 conditions): NONE — V7 confirmed saturated on this candidate pool
