============================================================================================================
  1.18h 網格上半排（預註冊）| 60 條 365 天去漂移路徑/幣 | 主判準＝MDD 預算 30% 下的可部署報酬
============================================================================================================
  BTC    價差   0.02 bps   2c  0.040%   完成 (174s)
  ETH    價差   0.05 bps   2c  0.040%   完成 (346s)
  SOL    價差   1.20 bps   2c  0.052%   完成 (520s)
  BNB    價差   0.16 bps   2c  0.042%   完成 (689s)
  XRP    價差   0.86 bps   2c  0.049%   完成 (858s)
  DOGE   價差   1.32 bps   2c  0.053%   完成 (1027s)
  ADA    價差   5.20 bps   2c  0.092%   完成 (1197s)
  LINK   價差   1.05 bps   2c  0.050%   完成 (1366s)
  AVAX   價差   1.35 bps   2c  0.054%   完成 (1535s)

  臂                 報酬中位   MDD p95     L*       可部署報酬     vs 固定  判定
  FIXED           +6.61%   -23.73%   1.26      +8.36%         -
  ADAPT0.5        -1.82%   -19.02%   1.58      -2.87%    -9.26%  REJECT  CI[-10.31%,-8.21%]
  ADAPT1.0        +1.09%   -19.96%   1.50      +1.64%    -5.21%  REJECT  CI[-6.11%,-4.27%]
  ADAPT2.0        +3.00%   -20.39%   1.47      +4.41%    -1.64%  REJECT  CI[-2.48%,-0.82%]
  ADAPT4.0        +5.01%   -21.36%   1.40      +7.03%    +0.28%  -  CI[-0.30%,+0.89%]
  ADAPT8.0        +5.41%   -21.38%   1.40      +7.60%    +0.86%  PASS  CI[+0.36%,+1.39%]
  SKEW0.5         +6.23%   -22.65%   1.32      +8.25%    -0.60%  REJECT  CI[-0.77%,-0.44%]
  SKEW1.0         +5.62%   -20.66%   1.45      +8.17%    -0.54%  REJECT  CI[-0.77%,-0.32%]
  SKEW2.0         +4.83%   -18.26%   1.64      +7.94%    -0.87%  REJECT  CI[-1.25%,-0.49%]
  NARROW         -12.91%   -32.49%   0.92     -11.92%   -21.26%  REJECT  CI[-22.35%,-20.11%]

  高原：最長連續通過 1/5 個 k（需 >=3）-> 自適應格距未過（需連續 >=3 個 k）
  反應式庫存偏移未過

  1535s -> C:\Users\rfo\Desktop\flowbot\flow_system\research\results\grid_adaptive_spacing.json
