============================================================================================================
  1.18h 網格上半排（預註冊）| 60 條 365 天去漂移路徑/幣 | 主判準＝MDD 預算 30% 下的可部署報酬
============================================================================================================
  BTC    價差   0.02 bps   2c  0.040%   完成 (167s)
  ETH    價差   0.05 bps   2c  0.040%   完成 (336s)
  SOL    價差   1.20 bps   2c  0.052%   完成 (505s)
  BNB    價差   0.16 bps   2c  0.042%   完成 (675s)
  XRP    價差   0.86 bps   2c  0.049%   完成 (844s)
  DOGE   價差   1.32 bps   2c  0.053%   完成 (1014s)
  ADA    價差   5.20 bps   2c  0.092%   完成 (1183s)
  LINK   價差   1.05 bps   2c  0.050%   完成 (1350s)
  AVAX   價差   1.35 bps   2c  0.054%   完成 (1519s)

  臂                 報酬中位   MDD p95     L*       可部署報酬     vs 固定  判定
  FIXED           +6.61%   -23.73%   1.26      +8.36%         -
  ADAPT0.5        -1.82%   -19.02%   1.58      -2.87%    -9.30%  REJECT  CI[-10.14%,-7.52%]
  ADAPT1.0        +1.09%   -19.96%   1.50      +1.64%    -5.16%  REJECT  CI[-5.93%,-4.15%]
  ADAPT2.0        +3.00%   -20.39%   1.47      +4.41%    -1.42%  REJECT  CI[-2.17%,-0.50%]
  ADAPT4.0        +5.01%   -21.36%   1.40      +7.03%    -0.17%  -  CI[-0.98%,+0.29%]
  ADAPT8.0        +5.41%   -21.38%   1.40      +7.60%    -0.07%  -  CI[-0.57%,+0.43%]
  SKEW0.5         +6.23%   -22.65%   1.32      +8.25%    -0.35%  REJECT  CI[-0.61%,-0.16%]
  SKEW1.0         +5.62%   -20.66%   1.45      +8.17%    -0.25%  -  CI[-0.50%,+0.02%]
  SKEW2.0         +4.83%   -18.26%   1.64      +7.94%    -0.43%  -  CI[-0.79%,+0.05%]
  NARROW         -12.91%   -32.49%   0.92     -11.92%   -19.56%  REJECT  CI[-21.04%,-18.36%]

  高原：最長連續通過 0/5 個 k（需 >=3）-> 自適應格距未過（需連續 >=3 個 k）
  反應式庫存偏移未過

  1520s -> C:\Users\rfo\Desktop\flowbot\flow_system\research\results\grid_adaptive_spacing.json
