🟢 HMM AERO
— 上線 0.1 小時｜報價 27｜成交 0｜對沖 0
— 成交率 0%｜裸曝險 0% 上限
[安靜] 狀態沒變，不重複送
🟢 HMM AERO
— 上線 0.2 小時｜報價 55｜成交 2｜對沖 0
— 成交率 7%｜markout(vs mid) -20.2 bps｜裸曝險 0% 上限
[安靜] 狀態沒變，不重複送
🟢 HMM AERO
— 上線 0.3 小時｜報價 80｜成交 2｜對沖 0
— 成交率 5%｜markout(vs mid) -20.2 bps｜裸曝險 0% 上限
[安靜] 狀態沒變，不重複送
🟢 HMM AERO
— 上線 0.3 小時｜報價 99｜成交 2｜對沖 0
— 成交率 4%｜markout(vs mid) -20.2 bps｜裸曝險 0% 上限
[安靜] 狀態沒變，不重複送
🟢 HMM AERO
— 上線 0.4 小時｜報價 127｜成交 2｜對沖 0
— 成交率 3%｜markout(vs mid) -20.2 bps｜裸曝險 0% 上限
[安靜] 狀態沒變，不重複送
🟢 HMM AERO
— 上線 0.5 小時｜報價 143｜成交 2｜對沖 0
— 成交率 3%｜markout(vs mid) -20.2 bps｜裸曝險 0% 上限
[安靜] 狀態沒變，不重複送
🟢 HMM AERO
— 上線 0.6 小時｜報價 163｜成交 2｜對沖 0
— 成交率 2%｜markout(vs mid) -20.2 bps｜裸曝險 0% 上限
[安靜] 狀態沒變，不重複送
🟢 HMM AERO
— 上線 0.7 小時｜報價 181｜成交 2｜對沖 0
— 成交率 2%｜markout(vs mid) -20.2 bps｜裸曝險 0% 上限
[安靜] 狀態沒變，不重複送
