========================================================================================================
  λ 的條件分解：逆選擇不是常數，是混合分布的均值（預註冊）
========================================================================================================
  幣               分鐘      事件        成交率(主/嚴)     半價差bps       λ主       λ嚴     λ/半價差
  BTC-USD     168436  109046     91%/   91%      0.008    +3.09    +3.20     398.7
  ETH-USD     168437  109126     91%/   91%      0.027    +4.06    +4.16     153.0
  SOL-USD      56659   36476     92%/   89%      0.654    +3.21    +4.20       4.9
  XRP-USD      56659   36486     91%/   89%      0.464    +4.56    +5.33       9.8
  DOGE-USD     56659   36504     92%/   89%      0.708    +3.46    +4.52       4.9
  ADA-USD      56660   36500     93%/   87%      2.558    +2.44    +6.99       1.0
  LINK-USD     56660   36512     91%/   90%      0.528    +4.19    +5.15       7.9
  SUI-USD      56661   36518     91%/   89%      0.721    +4.06    +5.19       5.6
  UNI-USD      56661   36520     92%/   90%      1.231    +6.66    +8.46       5.4
  AAVE-USD     56662   36520     91%/   90%      0.520    +6.24    +7.18      12.0
[SCOPE] [λ 條件分解] 範圍被縮小：標的數 10 < 宣告 11
[SCOPE] 允許理由：部分標的的 orderbook_snapshots_1m 不足 5000 分鐘（事前規則排除）

  ── 全格報告（不挑格；判準：兩種成交規則的 CI 上界都 < 0）──
  狀態格                     n(主)       λ主                 CI主       λ嚴                 CI嚴  逐幣
  時段·亞洲(0-8h)           155827    +3.78  [  +2.51,  +4.97]    +4.66  [  +3.49,  +5.82]   10/10
  時段·歐洲(8-13h)           98115    +3.65  [  +2.16,  +5.29]    +4.54  [  +2.59,  +6.66]   10/10
  時段·美股開盤±1h             38437    +6.36  [  +3.16,  +9.69]    +7.39  [  +4.41, +10.26]   10/10
  時段·美洲其餘               174722    +3.92  [  +2.77,  +5.19]    +4.83  [  +3.70,  +6.13]   10/10
  撤單流·低                 108344    +3.00  [  +1.90,  +4.16]    +4.25  [  +3.01,  +5.59]    9/10
  撤單流·中                 107138    +4.28  [  +2.83,  +5.58]    +5.45  [  +4.08,  +6.79]    9/10
  撤單流·高                 105821    +5.04  [  +3.31,  +6.56]    +6.21  [  +4.62,  +7.87]    9/10
  深度·低                  155666    +5.14  [  +4.20,  +6.17]    +5.66  [  +4.63,  +6.76]   10/10
  深度·中                  155724    +3.81  [  +2.40,  +5.26]    +5.18  [  +3.81,  +6.53]   10/10
  深度·高                  155711    +3.10  [  +2.42,  +3.86]    +3.93  [  +2.95,  +4.90]   10/10
  波動·低                  152812    +1.93  [  +1.49,  +2.42]    +2.51  [  +2.09,  +2.93]    9/10
  波動·中                  152886    +3.22  [  +2.49,  +3.94]    +4.08  [  +3.28,  +4.92]   10/10
  波動·高                  151954    +6.80  [  +4.57,  +9.00]    +8.02  [  +6.13,  +9.85]   10/10

  λ/半價差 < 1 的幣（做市在結構上有空間）：['ADA-USD']
  ==> 全部 λ > +2 bps 且無分散 → BTC 類的無條件流動性提供結案
  wrote C:\Users\rfo\Desktop\flowbot\flow_system\research\results\lambda_decomposition.json
