  儀器對帳：與 crowd_battery2.adx_state 相同標籤 22313/22313 (100.00%)
====================================================================================================
  ADX 趨勢閘門 × 網格 — 200 條 365 天路徑/情境，基準政策＝每90天重錨＋硬停損，區間 −25%
====================================================================================================

  [去漂移]  買進持有中位 -0.0%
  閘門                          年化中位      年化平均       p5     虧損機率    MDD中位  MDD p95     贏過持有     擋掉時間
  無濾網（基準）                   +5.33%    +6.34%   -6.48%      28%    -8.3%   -13.9%      74%       0%
  TRENDING 關閉買進             -1.39%    -0.47%  -10.10%      58%    -8.7%   -15.4%      42%      50%
  TREND_DOWN 關閉買進           +0.55%    +1.18%  -10.65%      48%    -8.6%   -15.6%      52%      26%
  TRENDING 半倉（縮帆）           +3.18%    +4.24%   -5.28%      28%    -6.1%    -9.7%      72%      50%
  固定 75% 倉位（對照）             +4.19%    +4.76%   -4.81%      28%    -6.4%   -10.4%      73%     100%

  [多頭 +30%/年]  買進持有中位 +29.9%
  閘門                          年化中位      年化平均       p5     虧損機率    MDD中位  MDD p95     贏過持有     擋掉時間
  無濾網（基準）                   +7.87%    +7.25%   -4.83%      24%    -6.4%   -11.4%       0%       0%
  TRENDING 關閉買進             +3.14%    +1.41%   -8.58%      38%    -6.4%   -11.8%       0%      50%
  TREND_DOWN 關閉買進           +3.99%    +2.73%   -8.08%      35%    -6.7%   -11.5%       0%      25%
  TRENDING 半倉（縮帆）           +5.52%    +4.97%   -4.17%      24%    -4.6%    -8.1%       0%      50%
  固定 75% 倉位（對照）             +5.90%    +5.44%   -3.62%      24%    -4.9%    -8.7%       0%     100%

  [空頭 −30%/年]  買進持有中位 -30.0%
  閘門                          年化中位      年化平均       p5     虧損機率    MDD中位  MDD p95     贏過持有     擋掉時間
  無濾網（基準）                   +1.66%    +2.24%  -12.84%      45%   -10.4%   -19.7%     100%       0%
  TRENDING 關閉買進             -5.58%    -5.93%  -17.36%      74%   -11.5%   -21.5%     100%      50%
  TREND_DOWN 關閉買進           -3.89%    -4.15%  -17.68%      64%   -12.1%   -22.6%     100%      28%
  TRENDING 半倉（縮帆）           +0.85%    +1.12%  -10.16%      46%    -7.6%   -13.9%     100%      50%
  固定 75% 倉位（對照）             +1.34%    +1.69%   -9.72%      45%    -7.8%   -14.6%     100%     100%

  [空頭 −60%/年]  買進持有中位 -60.0%
  閘門                          年化中位      年化平均       p5     虧損機率    MDD中位  MDD p95     贏過持有     擋掉時間
  無濾網（基準）                  -10.71%    -9.73%  -22.65%      88%   -17.6%   -26.1%     100%       0%
  TRENDING 關閉買進            -18.51%   -18.33%  -27.67%     100%   -22.0%   -29.7%     100%      51%
  TREND_DOWN 關閉買進          -16.33%   -16.36%  -27.21%      99%   -21.2%   -29.9%     100%      31%
  TRENDING 半倉（縮帆）           -8.04%    -7.27%  -16.32%      87%   -12.9%   -19.1%     100%      51%
  固定 75% 倉位（對照）             -7.82%    -7.23%  -17.39%      87%   -13.6%   -19.6%     100%     100%

  660s  -> C:\Users\rfo\Desktop\flowbot\flow_system\research\results\lp_grid_adx_gate.json
