==============================================================================================================
  §0.93 十二 逐幣執行現實 MC（預註冊）｜100 條 365 天去漂移路徑/幣/場館｜政策凍結不動
==============================================================================================================
  幣        點差bps       L5深度     資金費/年     容量cap  來源
  BTC       0.02    713,786     +3.4%   508,839  38d 平均
  ETH       0.05    347,129     +2.5%   247,460  38d 平均
  SOL       1.20  1,331,205     -1.7%   948,982  38d 平均
  BNB       0.16     36,325     +2.0%    25,895  38d 平均
  XRP       0.86    376,426     +0.4%   268,345  38d 平均
  DOGE      1.32    324,214     +2.9%   231,124  38d 平均
  ADA       5.20    466,122     +2.1%   332,286  38d 平均
  LINK      1.05     66,126     +4.7%    47,139  38d 平均
  AVAX      1.35     33,293     -0.8%    23,734  單次快照

  [SPOT: maker 10 / taker 10]  幣           年化中位     X1中位       p5     虧損   MDDp95     停損成本
          BTC       +3.21%   +6.70%   -6.67%    31%   -14.0%     15.0
          ETH       +1.16%   +7.01%  -11.19%    46%   -20.5%     15.0
          SOL       +4.56%   +8.27%  -13.19%    31%   -21.6%     15.6
          BNB       +4.46%   +7.54%   -9.61%    38%   -21.1%     15.1
          XRP       +0.11%   +8.75%  -21.48%    49%   -37.0%     15.4
          DOGE      +1.75%   +5.20%  -24.76%    49%   -33.4%     15.7
          ADA       -3.54%   +5.29%  -22.80%    57%   -42.6%     17.6
          LINK      +4.42%   +8.04%  -18.19%    40%   -29.9%     15.6
          AVAX      -0.61%   +9.89%  -15.93%    51%   -32.9%     15.8

  [PERP: maker 2 / taker 5 / 資金費]  幣           年化中位     X1中位       p5     虧損   MDDp95     停損成本
          BTC       +5.83%   +6.70%   -3.71%    20%   -12.9%     10.0
          ETH       +6.38%   +7.01%   -9.91%    33%   -19.2%     10.0
          SOL      +10.96%   +8.27%   -9.32%    17%   -19.7%     10.6
          BNB       +7.89%   +7.54%   -6.74%    27%   -19.8%     10.1
          XRP       +5.40%   +8.75%  -17.06%    29%   -35.5%     10.4
          DOGE      +9.65%   +5.20%  -18.91%    34%   -31.7%     10.7
          ADA       +3.05%   +5.29%  -17.73%    41%   -39.9%     12.6
          LINK     +10.12%   +8.04%  -13.45%    27%   -28.8%     10.6
          AVAX      +5.13%   +9.89%  -11.30%    32%   -32.4%     10.8

  SPOT 為正 7/9 ['BTC', 'ETH', 'SOL', 'BNB', 'XRP', 'DOGE', 'LINK']
  PERP 為正 9/9 ['BTC', 'ETH', 'SOL', 'BNB', 'XRP', 'DOGE', 'ADA', 'LINK', 'AVAX']
  PERP 排名 vs X1 ρ = -0.02
  排名 PERP：['SOL', 'LINK', 'DOGE', 'BNB', 'ETH', 'BTC', 'XRP', 'AVAX', 'ADA']
  零錢容量（cap < $5k）：無
    ✅ C1 SPOT 去漂移中位為正 ≥5/9
    ✅ C2 PERP 去漂移中位為正 ≥5/9
    ❌ C3 PERP 排名 vs X1 Spearman ≥0.5

  351s -> C:\Users\rfo\Desktop\flowbot\flow_system\research\results\lp_grid_mc_venue.json
