==============================================================================================================
  0.93 十 — 再進場延遲 × 區間寬度 × 政策；100 條 365 天路徵/情境，區塊 48h，30 格 nested
==============================================================================================================

  [去漂移]  買進持有中位 -0.0%
  配置                                     年化中位       p5    虧損    MDD中  MDDp95    贏持有    停損/年
  上緣重錨·無停損·−25%                       +20.85%  -13.51%   13%  -19.6%  -35.8%    87%    0.00
  每90天重錨·無停損·−25%                     +19.22%  -13.05%   13%  -12.5%  -30.3%    88%    0.00
  每90天重錨＋停損·延遲  0h·−25%                +4.30%   -8.71%   25%   -8.3%  -14.7%    77%    0.84
  每90天重錨＋停損·延遲 24h·−25%                +4.55%   -8.22%   25%   -8.3%  -15.2%    77%    0.84
  每90天重錨＋停損·延遲 72h·−25%                +3.92%   -6.46%   25%   -8.4%  -14.8%    75%    0.82
  每90天重錨＋停損·延遲168h·−25%                +3.77%   -7.42%   28%   -8.3%  -13.9%    76%    0.81
  每90天重錨＋停損·延遲336h·−25%                +4.41%   -9.22%   30%   -7.9%  -15.6%    70%    0.83
  上緣重錨＋停損·延遲  0h·−25%                  +7.07%   -7.93%   16%  -11.1%  -18.3%    84%    1.68
  上緣重錨＋停損·延遲 24h·−25%                  +7.25%   -8.05%   14%  -11.1%  -18.9%    86%    1.67
  上緣重錨＋停損·延遲 72h·−25%                  +6.66%   -6.02%   14%  -11.2%  -18.9%    86%    1.65
  上緣重錨＋停損·延遲168h·−25%                  +6.50%   -5.19%   17%  -11.1%  -18.9%    83%    1.63
  上緣重錨＋停損·延遲336h·−25%                  +6.09%   -7.57%   18%  -10.6%  -18.5%    82%    1.61
  上緣重錨·無停損·−35%                       +16.71%   -6.12%    9%  -13.1%  -26.2%    92%    0.00
  每90天重錨·無停損·−35%                     +10.30%   -6.36%    8%   -6.4%  -23.2%    92%    0.00
  每90天重錨＋停損·延遲  0h·−35%                +5.76%   -7.80%   34%   -6.4%  -13.3%    66%    0.33
  每90天重錨＋停損·延遲 24h·−35%                +5.76%   -7.97%   33%   -6.4%  -13.2%    67%    0.33
  每90天重錨＋停損·延遲 72h·−35%                +5.76%   -7.77%   34%   -6.4%  -13.3%    67%    0.32
  每90天重錨＋停損·延遲168h·−35%                +5.76%   -8.19%   33%   -6.4%  -13.2%    67%    0.32
  每90天重錨＋停損·延遲336h·−35%                +5.76%   -8.15%   33%   -6.4%  -13.2%    67%    0.33
  上緣重錨＋停損·延遲  0h·−35%                  +3.55%   -9.17%   24%  -10.2%  -15.9%    77%    0.73
  上緣重錨＋停損·延遲 24h·−35%                  +3.55%   -9.25%   24%  -10.2%  -16.1%    76%    0.73
  上緣重錨＋停損·延遲 72h·−35%                  +3.34%   -9.26%   24%  -10.2%  -16.1%    76%    0.73
  上緣重錨＋停損·延遲168h·−35%                  +3.19%   -6.77%   24%  -10.1%  -16.2%    76%    0.72
  上緣重錨＋停損·延遲336h·−35%                  +3.19%   -6.84%   24%  -10.1%  -16.2%    76%    0.72

  [原樣（BTC 歷史漂移）]  買進持有中位 +7.5%
  配置                                     年化中位       p5    虧損    MDD中  MDDp95    贏持有    停損/年
  上緣重錨·無停損·−25%                       +24.15%  -23.47%   22%  -17.2%  -38.1%    60%    0.00
  每90天重錨·無停損·−25%                     +12.04%  -19.19%   16%  -10.1%  -37.3%    52%    0.00
  每90天重錨＋停損·延遲  0h·−25%                +5.11%   -9.74%   24%   -7.6%  -15.8%    46%    0.81
  每90天重錨＋停損·延遲 24h·−25%                +4.89%  -11.48%   28%   -7.6%  -16.3%    46%    0.83
  每90天重錨＋停損·延遲 72h·−25%                +5.48%  -11.50%   27%   -7.5%  -15.5%    47%    0.80
  每90天重錨＋停損·延遲168h·−25%                +5.06%   -8.03%   24%   -7.5%  -15.6%    47%    0.79
  每90天重錨＋停損·延遲336h·−25%                +4.49%   -8.02%   24%   -7.5%  -15.2%    46%    0.78
  上緣重錨＋停損·延遲  0h·−25%                  +9.82%  -11.39%   22%   -9.8%  -19.1%    52%    1.59
  上緣重錨＋停損·延遲 24h·−25%                  +9.57%  -11.62%   20%   -9.8%  -19.3%    52%    1.57
  上緣重錨＋停損·延遲 72h·−25%                  +9.10%  -11.81%   21%   -9.7%  -18.5%    52%    1.57
  上緣重錨＋停損·延遲168h·−25%                  +8.91%  -12.56%   21%  -10.0%  -18.8%    51%    1.54
  上緣重錨＋停損·延遲336h·−25%                  +8.56%  -12.85%   23%   -9.6%  -19.8%    49%    1.53
  上緣重錨·無停損·−35%                       +13.52%  -20.05%   18%   -9.5%  -32.8%    53%    0.00
  每90天重錨·無停損·−35%                      +6.59%  -19.57%   14%   -5.0%  -29.1%    49%    0.00
  每90天重錨＋停損·延遲  0h·−35%                +4.79%   -7.23%   22%   -5.0%  -13.6%    49%    0.29
  每90天重錨＋停損·延遲 24h·−35%                +4.80%   -6.89%   22%   -5.0%  -13.1%    49%    0.29
  每90天重錨＋停損·延遲 72h·−35%                +4.87%   -7.52%   21%   -5.0%  -13.5%    49%    0.30
  每90天重錨＋停損·延遲168h·−35%                +4.84%   -6.88%   22%   -5.0%  -13.3%    49%    0.29
  每90天重錨＋停損·延遲336h·−35%                +4.62%   -6.98%   21%   -5.0%  -14.5%    49%    0.30
  上緣重錨＋停損·延遲  0h·−35%                  +9.89%  -10.09%   16%   -8.8%  -19.0%    48%    0.60
  上緣重錨＋停損·延遲 24h·−35%                  +9.85%  -10.23%   16%   -8.9%  -19.3%    48%    0.60
  上緣重錨＋停損·延遲 72h·−35%                  +9.83%  -10.17%   16%   -8.9%  -19.0%    48%    0.60
  上緣重錨＋停損·延遲168h·−35%                  +9.75%  -11.32%   17%   -8.8%  -19.1%    48%    0.60
  上緣重錨＋停損·延遲336h·−35%                  +9.51%  -11.51%   18%   -8.7%  -19.5%    48%    0.60

  [空頭 −30%/年]  買進持有中位 -30.1%
  配置                                     年化中位       p5    虧損    MDD中  MDDp95    贏持有    停損/年
  上緣重錨·無停損·−25%                        -5.23%  -29.20%   66%  -28.7%  -45.3%    96%    0.00
  每90天重錨·無停損·−25%                      +4.48%  -25.09%   40%  -23.0%  -41.8%    98%    0.00
  每90天重錨＋停損·延遲  0h·−25%                +2.85%  -11.77%   40%  -10.9%  -17.9%   100%    1.45
  每90天重錨＋停損·延遲 24h·−25%                +2.06%  -12.06%   43%  -10.8%  -17.3%   100%    1.49
  每90天重錨＋停損·延遲 72h·−25%                +3.01%  -10.37%   41%  -10.8%  -17.4%   100%    1.42
  每90天重錨＋停損·延遲168h·−25%                +2.26%  -11.18%   44%  -10.7%  -16.6%   100%    1.42
  每90天重錨＋停損·延遲336h·−25%                +0.10%  -12.74%   49%  -10.3%  -17.1%   100%    1.49
  上緣重錨＋停損·延遲  0h·−25%                  +2.40%  -12.12%   40%  -13.8%  -22.1%   100%    2.35
  上緣重錨＋停損·延遲 24h·−25%                  +2.51%  -12.43%   43%  -14.0%  -22.1%   100%    2.34
  上緣重錨＋停損·延遲 72h·−25%                  +2.52%  -12.57%   41%  -13.8%  -22.3%   100%    2.30
  上緣重錨＋停損·延遲168h·−25%                  +1.55%  -12.49%   41%  -13.7%  -20.9%   100%    2.26
  上緣重錨＋停損·延遲336h·−25%                  +0.85%  -13.71%   44%  -13.2%  -21.6%   100%    2.21
  上緣重錨·無停損·−35%                        +4.75%  -22.84%   37%  -22.1%  -40.9%    98%    0.00
  每90天重錨·無停損·−35%                     +12.88%  -13.10%   18%  -15.9%  -34.0%    99%    0.00
  每90天重錨＋停損·延遲  0h·−35%                -0.53%   -9.49%   57%  -10.6%  -17.2%   100%    0.85
  每90天重錨＋停損·延遲 24h·−35%                -0.67%   -9.45%   56%  -10.6%  -17.7%   100%    0.85
  每90天重錨＋停損·延遲 72h·−35%                -0.83%   -8.82%   58%  -10.6%  -17.4%   100%    0.84
  每90天重錨＋停損·延遲168h·−35%                -1.15%  -10.12%   60%  -10.5%  -18.2%   100%    0.85
  每90天重錨＋停損·延遲336h·−35%                -1.28%   -8.59%   59%  -10.5%  -17.3%   100%    0.85
  上緣重錨＋停損·延遲  0h·−35%                  +2.07%  -14.89%   38%  -12.2%  -20.1%   100%    1.18
  上緣重錨＋停損·延遲 24h·−35%                  +2.04%  -14.90%   40%  -12.2%  -20.2%   100%    1.18
  上緣重錨＋停損·延遲 72h·−35%                  +2.04%  -15.03%   39%  -12.0%  -20.5%   100%    1.17
  上緣重錨＋停損·延遲168h·−35%                  +1.83%  -15.08%   39%  -12.1%  -20.7%   100%    1.16
  上緣重錨＋停損·延遲336h·−35%                  +1.74%  -16.24%   41%  -11.8%  -20.4%   100%    1.14

  [空頭 −60%/年]  買進持有中位 -60.0%
  配置                                     年化中位       p5    虧損    MDD中  MDDp95    贏持有    停損/年
  上緣重錨·無停損·−25%                       -44.37%  -53.30%  100%  -51.3%  -61.4%    98%    0.00
  每90天重錨·無停損·−25%                     -41.60%  -48.17%  100%  -48.8%  -59.1%    99%    0.00
  每90天重錨＋停損·延遲  0h·−25%                -9.47%  -18.63%   92%  -17.2%  -24.2%   100%    2.88
  每90天重錨＋停損·延遲 24h·−25%                -9.78%  -19.12%   88%  -17.5%  -24.9%   100%    2.87
  每90天重錨＋停損·延遲 72h·−25%                -9.64%  -21.72%   85%  -17.8%  -26.2%   100%    2.84
  每90天重錨＋停損·延遲168h·−25%                -8.43%  -20.66%   85%  -17.5%  -25.4%   100%    2.73
  每90天重錨＋停損·延遲336h·−25%                -9.39%  -20.11%   80%  -16.7%  -24.8%   100%    2.66
  上緣重錨＋停損·延遲  0h·−25%                 -13.37%  -24.43%   94%  -21.5%  -31.3%   100%    3.92
  上緣重錨＋停損·延遲 24h·−25%                 -13.06%  -25.75%   94%  -21.2%  -32.9%   100%    3.88
  上緣重錨＋停損·延遲 72h·−25%                 -13.70%  -25.43%   91%  -21.4%  -31.5%   100%    3.83
  上緣重錨＋停損·延遲168h·−25%                 -14.08%  -26.13%   91%  -20.9%  -31.1%   100%    3.69
  上緣重錨＋停損·延遲336h·−25%                 -11.72%  -24.32%   93%  -20.9%  -30.6%   100%    3.45
  上緣重錨·無停損·−35%                       -37.68%  -48.68%  100%  -46.1%  -59.3%   100%    0.00
  每90天重錨·無停損·−35%                     -34.99%  -42.09%  100%  -43.0%  -54.4%    99%    0.00
  每90天重錨＋停損·延遲  0h·−35%               -11.74%  -18.58%   98%  -18.1%  -24.8%   100%    1.96
  每90天重錨＋停損·延遲 24h·−35%               -11.97%  -18.23%   95%  -18.0%  -24.7%   100%    1.94
  每90天重錨＋停損·延遲 72h·−35%               -12.54%  -18.68%   93%  -18.4%  -23.6%   100%    1.89
  每90天重錨＋停損·延遲168h·−35%               -11.00%  -18.31%   90%  -18.1%  -23.3%   100%    1.84
  每90天重錨＋停損·延遲336h·−35%               -11.13%  -19.54%   86%  -17.9%  -22.6%   100%    1.72
  上緣重錨＋停損·延遲  0h·−35%                 -11.37%  -26.11%   97%  -21.0%  -30.2%   100%    2.25
  上緣重錨＋停損·延遲 24h·−35%                 -11.40%  -26.37%   97%  -21.0%  -30.1%   100%    2.25
  上緣重錨＋停損·延遲 72h·−35%                 -11.65%  -26.62%   98%  -21.0%  -30.4%   100%    2.25
  上緣重錨＋停損·延遲168h·−35%                 -11.75%  -26.75%   96%  -20.3%  -29.3%   100%    2.19
  上緣重錨＋停損·延遲336h·−35%                 -11.95%  -27.00%   95%  -19.4%  -29.7%   100%    2.12

  1551s  -> C:\Users\rfo\Desktop\flowbot\flow_system\research\results\lp_grid_mc_reentry.json
