========================================================================================================
  路徑 B2：Hyperliquid × Bitget funding carry 被動基準（預註冊）｜365 天
========================================================================================================
  HL universe 233｜Bitget USDT 永續 778
  主流組 10：['BTC', 'ETH', 'SOL', 'BNB', 'XRP', 'DOGE', 'ADA', 'LINK', 'AVAX', 'LTC']
  長尾組 25（HL ∩ Bitget，全取不篩選，本輪上限 25）

  ── 主流組 ──
  幣              桶   |diff|中位     (a)年化     (b)年化     (b)持有天中位      HL頂檔$
  BTC          269       0.49    -10.9%     +0.9%          7.5    142,569
  ETH          269       0.44    -14.0%     +2.4%          7.0     69,986
  SOL          269       0.40    -25.7%     -1.3%          7.2     91,803
  DOGE         269       0.26    -21.0%     +0.4%          7.0     10,670
  ADA          269       0.72    -10.8%     +1.8%          8.0        995
    [maker 來回 9.0 bps]  (a) B 口徑  -16.5%  CI [-22.4%,-13.3%]   (b) B2 口徑   +0.8%  CI [-0.5%,+2.1%]
    [taker 來回 21.0 bps]  (a) B 口徑  -48.1%  CI [-57.9%,-40.9%]   (b) B2 口徑   -3.3%  CI [-5.0%,-1.6%]
    [zero  來回 0.0 bps]  (a) B 口徑   +7.2%  CI [+3.2%,+8.5%]   (b) B2 口徑   +3.9%  CI [+2.8%,+5.2%]
    持有天數：中位 7.3  p90 8.7  交易數 42
    零錢容量（HL 頂檔 < $50k）：2/5 個 ['DOGE', 'ADA']
    ❌ 停止條件：(b) maker 年化 ≥ 5% → 本組永久結案

  ── 長尾組 ──
  幣              桶   |diff|中位     (a)年化     (b)年化     (b)持有天中位      HL頂檔$
  APE          269       0.00    -17.6%     +1.4%          7.0        561
  OP           269       1.08    +13.3%     +8.1%          7.2        518
  ARB          269       0.61    -22.7%    -10.7%          7.3        400
  STX          269       0.28     -8.0%    +11.2%          7.3        400
  CFX          269       0.00     -7.5%     +2.7%          7.0         13
  SNX          269       0.51    -26.5%     +5.4%          7.3          0
  WLD          269       0.30    -30.5%     +5.9%          7.7        468
  YGG          269       0.28     -9.3%    +11.0%          7.0          3
  kSHIB        269       0.40    -17.1%     +1.6%          7.2        235
    [maker 來回 9.0 bps]  (a) B 口徑  -14.0%  CI [-19.0%,-6.7%]   (b) B2 口徑   +4.1%  CI [+0.8%,+7.8%]
    [taker 來回 21.0 bps]  (a) B 口徑  -42.5%  CI [-49.7%,-32.7%]   (b) B2 口徑   -0.4%  CI [-3.8%,+3.4%]
    [zero  來回 0.0 bps]  (a) B 口徑   +7.4%  CI [+3.2%,+14.1%]   (b) B2 口徑   +7.4%  CI [+4.2%,+11.1%]
    持有天數：中位 7.3  p90 8.8  交易數 77
    零錢容量（HL 頂檔 < $50k）：9/9 個 ['APE', 'OP', 'ARB', 'STX', 'CFX', 'SNX', 'WLD', 'YGG']
    ❌ 停止條件：(b) maker 年化 ≥ 5% → 本組永久結案

  wrote C:\Users\rfo\Desktop\flowbot\flow_system\research\results\perpdex_funding.json
