====================================================================================
  獵取的「空間」——前方跑道與後方磁鐵（預註冊，回測資料，core9 全歷史）
====================================================================================
  BTC   交易   762  池   9179
  ETH   交易   765  池   9188
  SOL   交易   800  池   9194
  BNB   交易   811  池   9199
  XRP   交易   796  池   9214
  DOGE  交易   778  池   9174
  ADA   交易   784  池   9241
  LINK  交易   761  池   9287
  AVAX  交易   791  池   9266

  全體基準 n=7048  meanR +0.0290  勝率 54.8%
  無池（前方 3 / 後方 155）——佔比 0.0% / 2.2%

  【前方跑道（到最近未掃池的距離）】預測：距離越遠 netR 越高；最差＝近牆
     三等分切點 2.91 / 3.97 ATR（無池記為 99）
     格               n     meanR      勝率
     低（近）         2350   +0.0391   55.5%
     中            2349   +0.0270   54.1%
     高（遠）         2349   +0.0208   54.7%
     高−低 = -0.0183 R，日聚類 CI95 [-0.0651, +0.0278]
     兩半 -0.059 / +0.022；逐幣 BTC-0.016 ETH-0.051 SOL+0.027 BNB+0.060 XRP-0.052 DOGE-0.034 ADA-0.081 LINK-0.056 AVAX+0.026
       ❌ 1 方向如宣稱
       ❌ 2 兩半同號
       ❌ 3 廣度 3/9 ≥6
       ❌ 4 日聚類 CI 離零
     → 前方跑道（到最近未掃池的距離）：陣亡

  【後方磁鐵（突破方向最近未掃池的距離）】預測：距離越遠 netR 越高（近磁鐵最差）
     三等分切點 1.00 / 2.23 ATR（無池記為 99）
     格               n     meanR      勝率
     低（近）         2350   +0.1037   59.9%
     中            2349   +0.0180   54.3%
     高（遠）         2349   -0.0349   50.1%
     高−低 = -0.1386 R，日聚類 CI95 [-0.1860, -0.0942]
     兩半 -0.164 / -0.112；逐幣 BTC-0.198 ETH-0.026 SOL-0.041 BNB-0.189 XRP-0.143 DOGE-0.117 ADA-0.175 LINK-0.133 AVAX-0.223
       ❌ 1 方向如宣稱
       ❌ 2 兩半同號
       ❌ 3 廣度 0/9 ≥6
       ❌ 4 日聚類 CI 離零
     → 後方磁鐵（突破方向最近未掃池的距離）：陣亡

  -> C:\Users\rfo\Desktop\flowbot\flow_system\research\results\sweep_room_ahead.json
